Archive member included to satisfy reference by file (symbol)

c:/gcc-arm-none-eabi/bin/../lib/gcc/arm-none-eabi/10.3.1/thumb/v7e-m+fp/hard\libgcc.a(_arm_addsubdf3.o)
                              CMakeFiles/test.elf.dir/BSP/Src/bsp_dwt.c.obj (__aeabi_ui2d)
c:/gcc-arm-none-eabi/bin/../lib/gcc/arm-none-eabi/10.3.1/thumb/v7e-m+fp/hard\libgcc.a(_arm_muldivdf3.o)
                              CMakeFiles/test.elf.dir/BSP/Src/bsp_dwt.c.obj (__aeabi_ddiv)
c:/gcc-arm-none-eabi/bin/../lib/gcc/arm-none-eabi/10.3.1/thumb/v7e-m+fp/hard\libgcc.a(_arm_truncdfsf2.o)
                              CMakeFiles/test.elf.dir/UserLib/controller.c.obj (__aeabi_d2f)
c:/gcc-arm-none-eabi/bin/../lib/gcc/arm-none-eabi/10.3.1/thumb/v7e-m+fp/hard\libgcc.a(_arm_addsubsf3.o)
                              CMakeFiles/test.elf.dir/BSP/Src/bsp_dwt.c.obj (__aeabi_ul2f)
c:/gcc-arm-none-eabi/bin/../lib/gcc/arm-none-eabi/10.3.1/thumb/v7e-m+fp/hard\libgcc.a(_aeabi_uldivmod.o)
                              CMakeFiles/test.elf.dir/Drivers/STM32F4xx_HAL_Driver/Src/stm32f4xx_hal_rcc.c.obj (__aeabi_uldivmod)
c:/gcc-arm-none-eabi/bin/../lib/gcc/arm-none-eabi/10.3.1/thumb/v7e-m+fp/hard\libgcc.a(_udivmoddi4.o)
                              c:/gcc-arm-none-eabi/bin/../lib/gcc/arm-none-eabi/10.3.1/thumb/v7e-m+fp/hard\libgcc.a(_aeabi_uldivmod.o) (__udivmoddi4)
c:/gcc-arm-none-eabi/bin/../lib/gcc/arm-none-eabi/10.3.1/thumb/v7e-m+fp/hard\libgcc.a(_dvmd_tls.o)
                              c:/gcc-arm-none-eabi/bin/../lib/gcc/arm-none-eabi/10.3.1/thumb/v7e-m+fp/hard\libgcc.a(_aeabi_uldivmod.o) (__aeabi_ldiv0)
c:/gcc-arm-none-eabi/bin/../lib/gcc/arm-none-eabi/10.3.1/../../../../arm-none-eabi/lib/thumb/v7e-m+fp/hard\libg.a(lib_a-errno.o)
                              CMakeFiles/test.elf.dir/Src/syscalls.c.obj (__errno)
c:/gcc-arm-none-eabi/bin/../lib/gcc/arm-none-eabi/10.3.1/../../../../arm-none-eabi/lib/thumb/v7e-m+fp/hard\libg.a(lib_a-exit.o)
                              c:/gcc-arm-none-eabi/bin/../lib/gcc/arm-none-eabi/10.3.1/../../../../arm-none-eabi/lib/thumb/v7e-m+fp/hard/crt0.o (exit)
c:/gcc-arm-none-eabi/bin/../lib/gcc/arm-none-eabi/10.3.1/../../../../arm-none-eabi/lib/thumb/v7e-m+fp/hard\libg.a(lib_a-impure.o)
                              c:/gcc-arm-none-eabi/bin/../lib/gcc/arm-none-eabi/10.3.1/../../../../arm-none-eabi/lib/thumb/v7e-m+fp/hard\libg.a(lib_a-exit.o) (_global_impure_ptr)
c:/gcc-arm-none-eabi/bin/../lib/gcc/arm-none-eabi/10.3.1/../../../../arm-none-eabi/lib/thumb/v7e-m+fp/hard\libg.a(lib_a-init.o)
                              c:/gcc-arm-none-eabi/bin/../lib/gcc/arm-none-eabi/10.3.1/../../../../arm-none-eabi/lib/thumb/v7e-m+fp/hard/crt0.o (__libc_init_array)
c:/gcc-arm-none-eabi/bin/../lib/gcc/arm-none-eabi/10.3.1/../../../../arm-none-eabi/lib/thumb/v7e-m+fp/hard\libg.a(lib_a-memcpy.o)
                              CMakeFiles/test.elf.dir/Middlewares/Third_Party/FreeRTOS/Source/queue.c.obj (memcpy)
c:/gcc-arm-none-eabi/bin/../lib/gcc/arm-none-eabi/10.3.1/../../../../arm-none-eabi/lib/thumb/v7e-m+fp/hard\libg.a(lib_a-memset.o)
                              c:/gcc-arm-none-eabi/bin/../lib/gcc/arm-none-eabi/10.3.1/../../../../arm-none-eabi/lib/thumb/v7e-m+fp/hard/crt0.o (memset)
c:/gcc-arm-none-eabi/bin/../lib/gcc/arm-none-eabi/10.3.1/../../../../arm-none-eabi/lib/thumb/v7e-m+fp/hard\libg.a(lib_a-__call_atexit.o)
                              c:/gcc-arm-none-eabi/bin/../lib/gcc/arm-none-eabi/10.3.1/../../../../arm-none-eabi/lib/thumb/v7e-m+fp/hard\libg.a(lib_a-exit.o) (__call_exitprocs)
c:/gcc-arm-none-eabi/bin/../lib/gcc/arm-none-eabi/10.3.1/../../../../arm-none-eabi/lib/thumb/v7e-m+fp/hard\libg.a(lib_a-atexit.o)
                              c:/gcc-arm-none-eabi/bin/../lib/gcc/arm-none-eabi/10.3.1/../../../../arm-none-eabi/lib/thumb/v7e-m+fp/hard\libg.a(lib_a-__call_atexit.o) (atexit)
c:/gcc-arm-none-eabi/bin/../lib/gcc/arm-none-eabi/10.3.1/../../../../arm-none-eabi/lib/thumb/v7e-m+fp/hard\libg.a(lib_a-fini.o)
                              c:/gcc-arm-none-eabi/bin/../lib/gcc/arm-none-eabi/10.3.1/../../../../arm-none-eabi/lib/thumb/v7e-m+fp/hard\libg.a(lib_a-__call_atexit.o) (__libc_fini_array)
c:/gcc-arm-none-eabi/bin/../lib/gcc/arm-none-eabi/10.3.1/../../../../arm-none-eabi/lib/thumb/v7e-m+fp/hard\libg.a(lib_a-lock.o)
                              c:/gcc-arm-none-eabi/bin/../lib/gcc/arm-none-eabi/10.3.1/../../../../arm-none-eabi/lib/thumb/v7e-m+fp/hard\libg.a(lib_a-__call_atexit.o) (__retarget_lock_acquire_recursive)
c:/gcc-arm-none-eabi/bin/../lib/gcc/arm-none-eabi/10.3.1/../../../../arm-none-eabi/lib/thumb/v7e-m+fp/hard\libg.a(lib_a-__atexit.o)
                              c:/gcc-arm-none-eabi/bin/../lib/gcc/arm-none-eabi/10.3.1/../../../../arm-none-eabi/lib/thumb/v7e-m+fp/hard\libg.a(lib_a-atexit.o) (__register_exitproc)
c:/gcc-arm-none-eabi/bin/../lib/gcc/arm-none-eabi/10.3.1/../../../../arm-none-eabi/lib/thumb/v7e-m+fp/hard\libm.a(lib_a-sf_cos.o)
                              CMakeFiles/test.elf.dir/APP/Chassis.c.obj (cosf)
[...]
Memory Configuration

Name             Origin             Length             Attributes
RAM              0x20000000         0x00020000         xrw
CCMRAM           0x10000000         0x00010000         xrw
FLASH            0x08000000         0x00100000         xr
*default*        0x00000000         0xffffffff

Linker script and memory map

LOAD c:/gcc-arm-none-eabi/bin/../lib/gcc/arm-none-eabi/10.3.1/thumb/v7e-m+fp/hard/crti.o
LOAD c:/gcc-arm-none-eabi/bin/../lib/gcc/arm-none-eabi/10.3.1/thumb/v7e-m+fp/hard/crtbegin.o
LOAD c:/gcc-arm-none-eabi/bin/../lib/gcc/arm-none-eabi/10.3.1/../../../../arm-none-eabi/lib/thumb/v7e-m+fp/hard/crt0.o
LOAD CMakeFiles/test.elf.dir/APP/Chassis.c.obj
LOAD CMakeFiles/test.elf.dir/APP/Detect.c.obj
LOAD CMakeFiles/test.elf.dir/APP/Transmission.c.obj
LOAD CMakeFiles/test.elf.dir/BSP/Src/bsp_can.c.obj
LOAD CMakeFiles/test.elf.dir/BSP/Src/bsp_dwt.c.obj
LOAD CMakeFiles/test.elf.dir/Drivers/STM32F4xx_HAL_Driver/Src/stm32f4xx_hal.c.obj
LOAD CMakeFiles/test.elf.dir/Drivers/STM32F4xx_HAL_Driver/Src/stm32f4xx_hal_can.c.obj
LOAD CMakeFiles/test.elf.dir/Drivers/STM32F4xx_HAL_Driver/Src/stm32f4xx_hal_cortex.c.obj
LOAD CMakeFiles/test.elf.dir/Drivers/STM32F4xx_HAL_Driver/Src/stm32f4xx_hal_crc.c.obj
LOAD CMakeFiles/test.elf.dir/Drivers/STM32F4xx_HAL_Driver/Src/stm32f4xx_hal_dma.c.obj
LOAD CMakeFiles/test.elf.dir/Drivers/STM32F4xx_HAL_Driver/Src/stm32f4xx_hal_dma_ex.c.obj
LOAD CMakeFiles/test.elf.dir/Drivers/STM32F4xx_HAL_Driver/Src/stm32f4xx_hal_exti.c.obj
LOAD CMakeFiles/test.elf.dir/Drivers/STM32F4xx_HAL_Driver/Src/stm32f4xx_hal_flash.c.obj
LOAD CMakeFiles/test.elf.dir/Drivers/STM32F4xx_HAL_Driver/Src/stm32f4xx_hal_flash_ex.c.obj
LOAD CMakeFiles/test.elf.dir/Drivers/STM32F4xx_HAL_Driver/Src/stm32f4xx_hal_flash_ramfunc.c.obj
LOAD CMakeFiles/test.elf.dir/Drivers/STM32F4xx_HAL_Driver/Src/stm32f4xx_hal_gpio.c.obj
LOAD CMakeFiles/test.elf.dir/Drivers/STM32F4xx_HAL_Driver/Src/stm32f4xx_hal_pwr.c.obj
LOAD CMakeFiles/test.elf.dir/Drivers/STM32F4xx_HAL_Driver/Src/stm32f4xx_hal_pwr_ex.c.obj
LOAD CMakeFiles/test.elf.dir/Drivers/STM32F4xx_HAL_Driver/Src/stm32f4xx_hal_rcc.c.obj
LOAD CMakeFiles/test.elf.dir/Drivers/STM32F4xx_HAL_Driver/Src/stm32f4xx_hal_rcc_ex.c.obj
LOAD CMakeFiles/test.elf.dir/Drivers/STM32F4xx_HAL_Driver/Src/stm32f4xx_hal_tim.c.obj
LOAD CMakeFiles/test.elf.dir/Drivers/STM32F4xx_HAL_Driver/Src/stm32f4xx_hal_tim_ex.c.obj
LOAD CMakeFiles/test.elf.dir/Middlewares/Third_Party/FreeRTOS/Source/CMSIS_RTOS/cmsis_os.c.obj
LOAD CMakeFiles/test.elf.dir/Middlewares/Third_Party/FreeRTOS/Source/croutine.c.obj
LOAD CMakeFiles/test.elf.dir/Middlewares/Third_Party/FreeRTOS/Source/event_groups.c.obj
LOAD CMakeFiles/test.elf.dir/Middlewares/Third_Party/FreeRTOS/Source/list.c.obj
LOAD CMakeFiles/test.elf.dir/Middlewares/Third_Party/FreeRTOS/Source/portable/GCC/ARM_CM4F/port.c.obj
LOAD CMakeFiles/test.elf.dir/Middlewares/Third_Party/FreeRTOS/Source/portable/MemMang/heap_4.c.obj
LOAD CMakeFiles/test.elf.dir/Middlewares/Third_Party/FreeRTOS/Source/queue.c.obj
LOAD CMakeFiles/test.elf.dir/Middlewares/Third_Party/FreeRTOS/Source/stream_buffer.c.obj
LOAD CMakeFiles/test.elf.dir/Middlewares/Third_Party/FreeRTOS/Source/tasks.c.obj
LOAD CMakeFiles/test.elf.dir/Middlewares/Third_Party/FreeRTOS/Source/timers.c.obj
LOAD CMakeFiles/test.elf.dir/Src/CAN_receive.c.obj
LOAD CMakeFiles/test.elf.dir/Src/can.c.obj
LOAD CMakeFiles/test.elf.dir/Src/crc.c.obj
LOAD CMakeFiles/test.elf.dir/Src/freertos.c.obj
LOAD CMakeFiles/test.elf.dir/Src/gpio.c.obj
LOAD CMakeFiles/test.elf.dir/Src/main.c.obj
LOAD CMakeFiles/test.elf.dir/Src/stm32f4xx_hal_msp.c.obj
LOAD CMakeFiles/test.elf.dir/Src/stm32f4xx_it.c.obj
LOAD CMakeFiles/test.elf.dir/Src/syscalls.c.obj
LOAD CMakeFiles/test.elf.dir/Src/system_stm32f4xx.c.obj
LOAD CMakeFiles/test.elf.dir/UserLib/controller.c.obj
LOAD CMakeFiles/test.elf.dir/UserLib/filter32.c.obj
LOAD CMakeFiles/test.elf.dir/UserLib/motor.c.obj
LOAD CMakeFiles/test.elf.dir/UserLib/pid.c.obj
LOAD CMakeFiles/test.elf.dir/UserLib/user_lib.c.obj
LOAD CMakeFiles/test.elf.dir/startup/startup_stm32f407xx.s.obj
START GROUP
LOAD c:/gcc-arm-none-eabi/bin/../lib/gcc/arm-none-eabi/10.3.1/thumb/v7e-m+fp/hard\libgcc.a
LOAD c:/gcc-arm-none-eabi/bin/../lib/gcc/arm-none-eabi/10.3.1/../../../../arm-none-eabi/lib/thumb/v7e-m+fp/hard\libg.a
LOAD c:/gcc-arm-none-eabi/bin/../lib/gcc/arm-none-eabi/10.3.1/../../../../arm-none-eabi/lib/thumb/v7e-m+fp/hard\libc.a
END GROUP
LOAD c:/gcc-arm-none-eabi/bin/../lib/gcc/arm-none-eabi/10.3.1/thumb/v7e-m+fp/hard/crtend.o
LOAD c:/gcc-arm-none-eabi/bin/../lib/gcc/arm-none-eabi/10.3.1/thumb/v7e-m+fp/hard/crtn.o
                0x20020000                _estack = 0x20020000
                0x00000200                _Min_Heap_Size = 0x200
                0x00000400                _Min_Stack_Size = 0x400

.isr_vector     0x08000000      0x188
                0x08000000                . = ALIGN (0x4)
 *(.isr_vector)
 .isr_vector    0x08000000      0x188 CMakeFiles/test.elf.dir/startup/startup_stm32f407xx.s.obj
                0x08000000                g_pfnVectors
                0x08000188                . = ALIGN (0x4)

.text           0x08000190     0x343c
                0x08000190                . = ALIGN (0x4)
 *(.text)
 .text          0x08000190       0x40 c:/gcc-arm-none-eabi/bin/../lib/gcc/arm-none-eabi/10.3.1/thumb/v7e-m+fp/hard/crtbegin.o
 .text          0x080001d0       0x30 c:/gcc-arm-none-eabi/bin/../lib/gcc/arm-none-eabi/10.3.1/thumb/v7e-m+fp/hard\libgcc.a(_aeabi_uldivmod.o)
                0x080001d0                __aeabi_uldivmod
 .text          0x08000200      0x2d0 c:/gcc-arm-none-eabi/bin/../lib/gcc/arm-none-eabi/10.3.1/thumb/v7e-m+fp/hard\libgcc.a(_udivmoddi4.o)
                0x08000200                __udivmoddi4
 .text          0x080004d0        0x4 c:/gcc-arm-none-eabi/bin/../lib/gcc/arm-none-eabi/10.3.1/thumb/v7e-m+fp/hard\libgcc.a(_dvmd_tls.o)
                0x080004d0                __aeabi_idiv0
                0x080004d0                __aeabi_ldiv0
 *(.text*)
 .text.chassis_pid_param_init
                0x080004d4       0xc0 CMakeFiles/test.elf.dir/APP/Chassis.c.obj
                0x080004d4                chassis_pid_param_init
 .text.send_chassis_moto_zero_current
                0x08000594       0x4c CMakeFiles/test.elf.dir/APP/Chassis.c.obj
                0x08000594                send_chassis_moto_zero_current
 .text.chassis_task
                0x080005e0       0x38 CMakeFiles/test.elf.dir/APP/Chassis.c.obj
                0x080005e0                chassis_task
 .text.global_err_detector_init
                0x08000618      0x1d0 CMakeFiles/test.elf.dir/APP/Detect.c.obj
                0x08000618                global_err_detector_init
 .text.err_detector_hook
                0x080007e8       0x2c CMakeFiles/test.elf.dir/APP/Detect.c.obj
                0x080007e8                err_detector_hook
 .text.detect_task
                0x08000814       0x9c CMakeFiles/test.elf.dir/APP/Detect.c.obj
                0x08000814                detect_task
 .text.transmit_task
                0x080008b0       0x1c CMakeFiles/test.elf.dir/APP/Transmission.c.obj
                0x080008b0                transmit_task
 .text.CAN_Device_Init
                0x080008cc       0x74 CMakeFiles/test.elf.dir/BSP/Src/bsp_can.c.obj
                0x080008cc                CAN_Device_Init
 .text.write_can
                0x08000940       0x4c CMakeFiles/test.elf.dir/BSP/Src/bsp_can.c.obj
                0x08000940                write_can
 .text.DWT_Init
                0x0800098c       0x4c CMakeFiles/test.elf.dir/BSP/Src/bsp_dwt.c.obj
                0x0800098c                DWT_Init
 .text.HAL_InitTick
                0x080009d8       0x4c CMakeFiles/test.elf.dir/Drivers/STM32F4xx_HAL_Driver/Src/stm32f4xx_hal.c.obj
                0x080009d8                HAL_InitTick
 .text.HAL_Init
                0x08000a24       0x34 CMakeFiles/test.elf.dir/Drivers/STM32F4xx_HAL_Driver/Src/stm32f4xx_hal.c.obj
                0x08000a24                HAL_Init
 .text.HAL_IncTick
                0x08000a58       0x18 CMakeFiles/test.elf.dir/Drivers/STM32F4xx_HAL_Driver/Src/stm32f4xx_hal.c.obj
                0x08000a58                HAL_IncTick
 .text.HAL_GetTick
                0x08000a70        0xc CMakeFiles/test.elf.dir/Drivers/STM32F4xx_HAL_Driver/Src/stm32f4xx_hal.c.obj
                0x08000a70                HAL_GetTick
 .text.HAL_CAN_Init
                0x08000a7c      0x14c CMakeFiles/test.elf.dir/Drivers/STM32F4xx_HAL_Driver/Src/stm32f4xx_hal_can.c.obj
                0x08000a7c                HAL_CAN_Init
 .text.HAL_CAN_ConfigFilter
                0x08000bc8      0x138 CMakeFiles/test.elf.dir/Drivers/STM32F4xx_HAL_Driver/Src/stm32f4xx_hal_can.c.obj
                0x08000bc8                HAL_CAN_ConfigFilter
 .text.HAL_CAN_Start
                0x08000d00       0x5c CMakeFiles/test.elf.dir/Drivers/STM32F4xx_HAL_Driver/Src/stm32f4xx_hal_can.c.obj
                0x08000d00                HAL_CAN_Start
 .text.HAL_CAN_AddTxMessage
                0x08000d5c       0xfc CMakeFiles/test.elf.dir/Drivers/STM32F4xx_HAL_Driver/Src/stm32f4xx_hal_can.c.obj
                0x08000d5c                HAL_CAN_AddTxMessage
 .text.HAL_CAN_GetRxMessage
                0x08000e58      0x14a CMakeFiles/test.elf.dir/Drivers/STM32F4xx_HAL_Driver/Src/stm32f4xx_hal_can.c.obj
                0x08000e58                HAL_CAN_GetRxMessage
 .text.HAL_CAN_ActivateNotification
                0x08000fa2       0x24 CMakeFiles/test.elf.dir/Drivers/STM32F4xx_HAL_Driver/Src/stm32f4xx_hal_can.c.obj
                0x08000fa2                HAL_CAN_ActivateNotification
 .text.HAL_CAN_TxMailbox0CompleteCallback
                0x08000fc6        0x2 CMakeFiles/test.elf.dir/Drivers/STM32F4xx_HAL_Driver/Src/stm32f4xx_hal_can.c.obj
                0x08000fc6                HAL_CAN_TxMailbox0CompleteCallback
 .text.HAL_CAN_TxMailbox1CompleteCallback
                0x08000fc8        0x2 CMakeFiles/test.elf.dir/Drivers/STM32F4xx_HAL_Driver/Src/stm32f4xx_hal_can.c.obj
                0x08000fc8                HAL_CAN_TxMailbox1CompleteCallback
 .text.HAL_CAN_TxMailbox2CompleteCallback
                0x08000fca        0x2 CMakeFiles/test.elf.dir/Drivers/STM32F4xx_HAL_Driver/Src/stm32f4xx_hal_can.c.obj
                0x08000fca                HAL_CAN_TxMailbox2CompleteCallback
 .text.HAL_CAN_TxMailbox0AbortCallback
                0x08000fcc        0x2 CMakeFiles/test.elf.dir/Drivers/STM32F4xx_HAL_Driver/Src/stm32f4xx_hal_can.c.obj
                0x08000fcc                HAL_CAN_TxMailbox0AbortCallback
 .text.HAL_CAN_TxMailbox1AbortCallback
                0x08000fce        0x2 CMakeFiles/test.elf.dir/Drivers/STM32F4xx_HAL_Driver/Src/stm32f4xx_hal_can.c.obj
                0x08000fce                HAL_CAN_TxMailbox1AbortCallback
 .text.HAL_CAN_TxMailbox2AbortCallback
                0x08000fd0        0x2 CMakeFiles/test.elf.dir/Drivers/STM32F4xx_HAL_Driver/Src/stm32f4xx_hal_can.c.obj
                0x08000fd0                HAL_CAN_TxMailbox2AbortCallback
 .text.HAL_CAN_RxFifo0FullCallback
                0x08000fd2        0x2 CMakeFiles/test.elf.dir/Drivers/STM32F4xx_HAL_Driver/Src/stm32f4xx_hal_can.c.obj
                0x08000fd2                HAL_CAN_RxFifo0FullCallback
 .text.HAL_CAN_RxFifo1MsgPendingCallback
                0x08000fd4        0x2 CMakeFiles/test.elf.dir/Drivers/STM32F4xx_HAL_Driver/Src/stm32f4xx_hal_can.c.obj
                0x08000fd4                HAL_CAN_RxFifo1MsgPendingCallback
 .text.HAL_CAN_RxFifo1FullCallback
                0x08000fd6        0x2 CMakeFiles/test.elf.dir/Drivers/STM32F4xx_HAL_Driver/Src/stm32f4xx_hal_can.c.obj
                0x08000fd6                HAL_CAN_RxFifo1FullCallback
 .text.HAL_CAN_SleepCallback
                0x08000fd8        0x2 CMakeFiles/test.elf.dir/Drivers/STM32F4xx_HAL_Driver/Src/stm32f4xx_hal_can.c.obj
                0x08000fd8                HAL_CAN_SleepCallback
 .text.HAL_CAN_WakeUpFromRxMsgCallback
                0x08000fda        0x2 CMakeFiles/test.elf.dir/Drivers/STM32F4xx_HAL_Driver/Src/stm32f4xx_hal_can.c.obj
                0x08000fda                HAL_CAN_WakeUpFromRxMsgCallback
 .text.HAL_CAN_ErrorCallback
                0x08000fdc        0x2 CMakeFiles/test.elf.dir/Drivers/STM32F4xx_HAL_Driver/Src/stm32f4xx_hal_can.c.obj
                0x08000fdc                HAL_CAN_ErrorCallback
 .text.HAL_CAN_IRQHandler
                0x08000fde      0x24a CMakeFiles/test.elf.dir/Drivers/STM32F4xx_HAL_Driver/Src/stm32f4xx_hal_can.c.obj
                0x08000fde                HAL_CAN_IRQHandler
 .text.HAL_NVIC_SetPriorityGrouping
                0x08001228       0x24 CMakeFiles/test.elf.dir/Drivers/STM32F4xx_HAL_Driver/Src/stm32f4xx_hal_cortex.c.obj
                0x08001228                HAL_NVIC_SetPriorityGrouping
 .text.HAL_NVIC_SetPriority
                0x0800124c       0x70 CMakeFiles/test.elf.dir/Drivers/STM32F4xx_HAL_Driver/Src/stm32f4xx_hal_cortex.c.obj
                0x0800124c                HAL_NVIC_SetPriority
 .text.HAL_NVIC_EnableIRQ
                0x080012bc       0x1c CMakeFiles/test.elf.dir/Drivers/STM32F4xx_HAL_Driver/Src/stm32f4xx_hal_cortex.c.obj
                0x080012bc                HAL_NVIC_EnableIRQ
 .text.HAL_SYSTICK_Config
                0x080012d8       0x28 CMakeFiles/test.elf.dir/Drivers/STM32F4xx_HAL_Driver/Src/stm32f4xx_hal_cortex.c.obj
                0x080012d8                HAL_SYSTICK_Config
 .text.HAL_CRC_Init
                0x08001300       0x1e CMakeFiles/test.elf.dir/Drivers/STM32F4xx_HAL_Driver/Src/stm32f4xx_hal_crc.c.obj
                0x08001300                HAL_CRC_Init
 *fill*         0x0800131e        0x2 
 .text.HAL_GPIO_Init
                0x08001320      0x1d0 CMakeFiles/test.elf.dir/Drivers/STM32F4xx_HAL_Driver/Src/stm32f4xx_hal_gpio.c.obj
                0x08001320                HAL_GPIO_Init
 .text.HAL_GPIO_WritePin
                0x080014f0        0xc CMakeFiles/test.elf.dir/Drivers/STM32F4xx_HAL_Driver/Src/stm32f4xx_hal_gpio.c.obj
                0x080014f0                HAL_GPIO_WritePin
 .text.HAL_GPIO_TogglePin
                0x080014fc       0x12 CMakeFiles/test.elf.dir/Drivers/STM32F4xx_HAL_Driver/Src/stm32f4xx_hal_gpio.c.obj
                0x080014fc                HAL_GPIO_TogglePin
 *fill*         0x0800150e        0x2 
 .text.HAL_RCC_OscConfig
                0x08001510      0x3ec CMakeFiles/test.elf.dir/Drivers/STM32F4xx_HAL_Driver/Src/stm32f4xx_hal_rcc.c.obj
                0x08001510                HAL_RCC_OscConfig
 .text.HAL_RCC_GetSysClockFreq
                0x080018fc       0xa4 CMakeFiles/test.elf.dir/Drivers/STM32F4xx_HAL_Driver/Src/stm32f4xx_hal_rcc.c.obj
                0x080018fc                HAL_RCC_GetSysClockFreq
 .text.HAL_RCC_ClockConfig
                0x080019a0      0x160 CMakeFiles/test.elf.dir/Drivers/STM32F4xx_HAL_Driver/Src/stm32f4xx_hal_rcc.c.obj
                0x080019a0                HAL_RCC_ClockConfig
 .text.makeFreeRtosPriority
                0x08001b00        0xc CMakeFiles/test.elf.dir/Middlewares/Third_Party/FreeRTOS/Source/CMSIS_RTOS/cmsis_os.c.obj
 .text.inHandlerMode
                0x08001b0c        0xc CMakeFiles/test.elf.dir/Middlewares/Third_Party/FreeRTOS/Source/CMSIS_RTOS/cmsis_os.c.obj
 .text.osKernelStart
                0x08001b18        0xa CMakeFiles/test.elf.dir/Middlewares/Third_Party/FreeRTOS/Source/CMSIS_RTOS/cmsis_os.c.obj
                0x08001b18                osKernelStart
 .text.osKernelSysTick
                0x08001b22       0x14 CMakeFiles/test.elf.dir/Middlewares/Third_Party/FreeRTOS/Source/CMSIS_RTOS/cmsis_os.c.obj
                0x08001b22                osKernelSysTick
 .text.osThreadCreate
                0x08001b36       0x6a CMakeFiles/test.elf.dir/Middlewares/Third_Party/FreeRTOS/Source/CMSIS_RTOS/cmsis_os.c.obj
                0x08001b36                osThreadCreate
 .text.osDelay  0x08001ba0        0xe CMakeFiles/test.elf.dir/Middlewares/Third_Party/FreeRTOS/Source/CMSIS_RTOS/cmsis_os.c.obj
                0x08001ba0                osDelay
 .text.osDelayUntil
                0x08001bae        0x4 CMakeFiles/test.elf.dir/Middlewares/Third_Party/FreeRTOS/Source/CMSIS_RTOS/cmsis_os.c.obj
                0x08001bae                osDelayUntil
 .text.vListInitialise
                0x08001bb2       0x16 CMakeFiles/test.elf.dir/Middlewares/Third_Party/FreeRTOS/Source/list.c.obj
                0x08001bb2                vListInitialise
 .text.vListInitialiseItem
                0x08001bc8        0x6 CMakeFiles/test.elf.dir/Middlewares/Third_Party/FreeRTOS/Source/list.c.obj
                0x08001bc8                vListInitialiseItem
 .text.vListInsertEnd
                0x08001bce       0x16 CMakeFiles/test.elf.dir/Middlewares/Third_Party/FreeRTOS/Source/list.c.obj
                0x08001bce                vListInsertEnd
 .text.vListInsert
                0x08001be4       0x32 CMakeFiles/test.elf.dir/Middlewares/Third_Party/FreeRTOS/Source/list.c.obj
                0x08001be4                vListInsert
 .text.uxListRemove
                0x08001c16       0x26 CMakeFiles/test.elf.dir/Middlewares/Third_Party/FreeRTOS/Source/list.c.obj
                0x08001c16                uxListRemove
 .text.prvTaskExitError
                0x08001c3c       0x40 CMakeFiles/test.elf.dir/Middlewares/Third_Party/FreeRTOS/Source/portable/GCC/ARM_CM4F/port.c.obj
 .text.prvPortStartFirstTask
                0x08001c7c       0x28 CMakeFiles/test.elf.dir/Middlewares/Third_Party/FreeRTOS/Source/portable/GCC/ARM_CM4F/port.c.obj
 .text.vPortEnableVFP
                0x08001ca4       0x14 CMakeFiles/test.elf.dir/Middlewares/Third_Party/FreeRTOS/Source/portable/GCC/ARM_CM4F/port.c.obj
 .text.pxPortInitialiseStack
                0x08001cb8       0x2c CMakeFiles/test.elf.dir/Middlewares/Third_Party/FreeRTOS/Source/portable/GCC/ARM_CM4F/port.c.obj
                0x08001cb8                pxPortInitialiseStack
 *fill*         0x08001ce4        0xc 
 .text.SVC_Handler
                0x08001cf0       0x24 CMakeFiles/test.elf.dir/Middlewares/Third_Party/FreeRTOS/Source/portable/GCC/ARM_CM4F/port.c.obj
                0x08001cf0                SVC_Handler
 .text.vPortEnterCritical
                0x08001d14       0x44 CMakeFiles/test.elf.dir/Middlewares/Third_Party/FreeRTOS/Source/portable/GCC/ARM_CM4F/port.c.obj
                0x08001d14                vPortEnterCritical
 .text.vPortExitCritical
                0x08001d58       0x2c CMakeFiles/test.elf.dir/Middlewares/Third_Party/FreeRTOS/Source/portable/GCC/ARM_CM4F/port.c.obj
                0x08001d58                vPortExitCritical
 *fill*         0x08001d84        0xc 
 .text.PendSV_Handler
                0x08001d90       0x64 CMakeFiles/test.elf.dir/Middlewares/Third_Party/FreeRTOS/Source/portable/GCC/ARM_CM4F/port.c.obj
                0x08001d90                PendSV_Handler
 .text.xPortSysTickHandler
                0x08001df4       0x2c CMakeFiles/test.elf.dir/Middlewares/Third_Party/FreeRTOS/Source/portable/GCC/ARM_CM4F/port.c.obj
                0x08001df4                xPortSysTickHandler
 .text.vPortSetupTimerInterrupt
                0x08001e20       0x28 CMakeFiles/test.elf.dir/Middlewares/Third_Party/FreeRTOS/Source/portable/GCC/ARM_CM4F/port.c.obj
                0x08001e20                vPortSetupTimerInterrupt
 .text.xPortStartScheduler
                0x08001e48      0x118 CMakeFiles/test.elf.dir/Middlewares/Third_Party/FreeRTOS/Source/portable/GCC/ARM_CM4F/port.c.obj
                0x08001e48                xPortStartScheduler
 .text.vPortValidateInterruptPriority
                0x08001f60       0x5c CMakeFiles/test.elf.dir/Middlewares/Third_Party/FreeRTOS/Source/portable/GCC/ARM_CM4F/port.c.obj
                0x08001f60                vPortValidateInterruptPriority
 .text.prvHeapInit
                0x08001fbc       0x64 CMakeFiles/test.elf.dir/Middlewares/Third_Party/FreeRTOS/Source/portable/MemMang/heap_4.c.obj
 .text.prvInsertBlockIntoFreeList
                0x08002020       0x64 CMakeFiles/test.elf.dir/Middlewares/Third_Party/FreeRTOS/Source/portable/MemMang/heap_4.c.obj
 .text.pvPortMalloc
                0x08002084       0xf0 CMakeFiles/test.elf.dir/Middlewares/Third_Party/FreeRTOS/Source/portable/MemMang/heap_4.c.obj
                0x08002084                pvPortMalloc
 .text.vPortFree
                0x08002174       0x70 CMakeFiles/test.elf.dir/Middlewares/Third_Party/FreeRTOS/Source/portable/MemMang/heap_4.c.obj
                0x08002174                vPortFree
 .text.prvResetNextTaskUnblockTime
                0x080021e4       0x2c CMakeFiles/test.elf.dir/Middlewares/Third_Party/FreeRTOS/Source/tasks.c.obj
 .text.prvInitialiseNewTask
                0x08002210       0xa2 CMakeFiles/test.elf.dir/Middlewares/Third_Party/FreeRTOS/Source/tasks.c.obj
 *fill*         0x080022b2        0x2 
 .text.prvInitialiseTaskLists
                0x080022b4       0x68 CMakeFiles/test.elf.dir/Middlewares/Third_Party/FreeRTOS/Source/tasks.c.obj
 .text.prvAddNewTaskToReadyList
                0x0800231c       0xa8 CMakeFiles/test.elf.dir/Middlewares/Third_Party/FreeRTOS/Source/tasks.c.obj
 .text.prvDeleteTCB
                0x080023c4       0x38 CMakeFiles/test.elf.dir/Middlewares/Third_Party/FreeRTOS/Source/tasks.c.obj
 .text.prvCheckTasksWaitingTermination
                0x080023fc       0x4c CMakeFiles/test.elf.dir/Middlewares/Third_Party/FreeRTOS/Source/tasks.c.obj
 .text.prvIdleTask
                0x08002448       0x28 CMakeFiles/test.elf.dir/Middlewares/Third_Party/FreeRTOS/Source/tasks.c.obj
 .text.prvAddCurrentTaskToDelayedList
                0x08002470       0x98 CMakeFiles/test.elf.dir/Middlewares/Third_Party/FreeRTOS/Source/tasks.c.obj
 .text.xTaskCreateStatic
                0x08002508       0x76 CMakeFiles/test.elf.dir/Middlewares/Third_Party/FreeRTOS/Source/tasks.c.obj
                0x08002508                xTaskCreateStatic
 .text.xTaskCreate
                0x0800257e       0x68 CMakeFiles/test.elf.dir/Middlewares/Third_Party/FreeRTOS/Source/tasks.c.obj
                0x0800257e                xTaskCreate
 *fill*         0x080025e6        0x2 
 .text.vTaskStartScheduler
                0x080025e8       0x74 CMakeFiles/test.elf.dir/Middlewares/Third_Party/FreeRTOS/Source/tasks.c.obj
                0x080025e8                vTaskStartScheduler
 .text.vTaskSuspendAll
                0x0800265c       0x10 CMakeFiles/test.elf.dir/Middlewares/Third_Party/FreeRTOS/Source/tasks.c.obj
                0x0800265c                vTaskSuspendAll
 .text.xTaskGetTickCount
                0x0800266c        0xc CMakeFiles/test.elf.dir/Middlewares/Third_Party/FreeRTOS/Source/tasks.c.obj
                0x0800266c                xTaskGetTickCount
 .text.xTaskGetTickCountFromISR
                0x08002678       0x10 CMakeFiles/test.elf.dir/Middlewares/Third_Party/FreeRTOS/Source/tasks.c.obj
                0x08002678                xTaskGetTickCountFromISR
 .text.xTaskIncrementTick
                0x08002688      0x118 CMakeFiles/test.elf.dir/Middlewares/Third_Party/FreeRTOS/Source/tasks.c.obj
                0x08002688                xTaskIncrementTick
 .text.xTaskResumeAll
                0x080027a0       0xf8 CMakeFiles/test.elf.dir/Middlewares/Third_Party/FreeRTOS/Source/tasks.c.obj
                0x080027a0                xTaskResumeAll
 .text.vTaskDelay
                0x08002898       0x4c CMakeFiles/test.elf.dir/Middlewares/Third_Party/FreeRTOS/Source/tasks.c.obj
                0x08002898                vTaskDelay
 .text.vTaskSwitchContext
                0x080028e4       0x98 CMakeFiles/test.elf.dir/Middlewares/Third_Party/FreeRTOS/Source/tasks.c.obj
                0x080028e4                vTaskSwitchContext
 .text.xTaskGetSchedulerState
                0x0800297c       0x20 CMakeFiles/test.elf.dir/Middlewares/Third_Party/FreeRTOS/Source/tasks.c.obj
                0x0800297c                xTaskGetSchedulerState
 .text.remote_data_handle
                0x0800299c      0x16c CMakeFiles/test.elf.dir/Src/CAN_receive.c.obj
 .text.HAL_CAN_RxFifo0MsgPendingCallback
                0x08002b08      0x17c CMakeFiles/test.elf.dir/Src/CAN_receive.c.obj
                0x08002b08                HAL_CAN_RxFifo0MsgPendingCallback
 .text.CAN_cmd_chassis
                0x08002c84       0x54 CMakeFiles/test.elf.dir/Src/CAN_receive.c.obj
                0x08002c84                CAN_cmd_chassis
 .text.MX_CAN1_Init
                0x08002cd8       0x40 CMakeFiles/test.elf.dir/Src/can.c.obj
                0x08002cd8                MX_CAN1_Init
 .text.MX_CAN2_Init
                0x08002d18       0x40 CMakeFiles/test.elf.dir/Src/can.c.obj
                0x08002d18                MX_CAN2_Init
 .text.HAL_CAN_MspInit
                0x08002d58      0x120 CMakeFiles/test.elf.dir/Src/can.c.obj
                0x08002d58                HAL_CAN_MspInit
 .text.MX_CRC_Init
                0x08002e78       0x20 CMakeFiles/test.elf.dir/Src/crc.c.obj
                0x08002e78                MX_CRC_Init
 .text.HAL_CRC_MspInit
                0x08002e98       0x30 CMakeFiles/test.elf.dir/Src/crc.c.obj
                0x08002e98                HAL_CRC_MspInit
 .text.vApplicationGetIdleTaskMemory
                0x08002ec8       0x18 CMakeFiles/test.elf.dir/Src/freertos.c.obj
                0x08002ec8                vApplicationGetIdleTaskMemory
 .text.MX_FREERTOS_Init
                0x08002ee0       0x84 CMakeFiles/test.elf.dir/Src/freertos.c.obj
                0x08002ee0                MX_FREERTOS_Init
 .text.MX_GPIO_Init
                0x08002f64       0x94 CMakeFiles/test.elf.dir/Src/gpio.c.obj
                0x08002f64                MX_GPIO_Init
 .text.Error_Handler
                0x08002ff8        0x4 CMakeFiles/test.elf.dir/Src/main.c.obj
                0x08002ff8                Error_Handler
 .text.SystemClock_Config
                0x08002ffc       0xa8 CMakeFiles/test.elf.dir/Src/main.c.obj
                0x08002ffc                SystemClock_Config
 .text.main     0x080030a4       0x2e CMakeFiles/test.elf.dir/Src/main.c.obj
                0x080030a4                main
 *fill*         0x080030d2        0x2 
 .text.HAL_MspInit
                0x080030d4       0x44 CMakeFiles/test.elf.dir/Src/stm32f4xx_hal_msp.c.obj
                0x080030d4                HAL_MspInit
 .text.NMI_Handler
                0x08003118        0x2 CMakeFiles/test.elf.dir/Src/stm32f4xx_it.c.obj
                0x08003118                NMI_Handler
 .text.HardFault_Handler
                0x0800311a        0x2 CMakeFiles/test.elf.dir/Src/stm32f4xx_it.c.obj
                0x0800311a                HardFault_Handler
 .text.MemManage_Handler
                0x0800311c        0x2 CMakeFiles/test.elf.dir/Src/stm32f4xx_it.c.obj
                0x0800311c                MemManage_Handler
 .text.BusFault_Handler
                0x0800311e        0x2 CMakeFiles/test.elf.dir/Src/stm32f4xx_it.c.obj
                0x0800311e                BusFault_Handler
 .text.UsageFault_Handler
                0x08003120        0x2 CMakeFiles/test.elf.dir/Src/stm32f4xx_it.c.obj
                0x08003120                UsageFault_Handler
 .text.DebugMon_Handler
                0x08003122        0x2 CMakeFiles/test.elf.dir/Src/stm32f4xx_it.c.obj
                0x08003122                DebugMon_Handler
 .text.SysTick_Handler
                0x08003124       0x16 CMakeFiles/test.elf.dir/Src/stm32f4xx_it.c.obj
                0x08003124                SysTick_Handler
 *fill*         0x0800313a        0x2 
 .text.CAN1_RX0_IRQHandler
                0x0800313c       0x10 CMakeFiles/test.elf.dir/Src/stm32f4xx_it.c.obj
                0x0800313c                CAN1_RX0_IRQHandler
 .text.CAN2_RX0_IRQHandler
                0x0800314c       0x10 CMakeFiles/test.elf.dir/Src/stm32f4xx_it.c.obj
                0x0800314c                CAN2_RX0_IRQHandler
 .text.SystemInit
                0x0800315c       0x1c CMakeFiles/test.elf.dir/Src/system_stm32f4xx.c.obj
                0x0800315c                SystemInit
 .text.PID_Init
                0x08003178       0x8e CMakeFiles/test.elf.dir/UserLib/controller.c.obj
                0x08003178                PID_Init
 *fill*         0x08003206        0x2 
 .text.get_moto_info
                0x08003208       0xd8 CMakeFiles/test.elf.dir/UserLib/motor.c.obj
                0x08003208                get_moto_info
 .text.get_motor_offset
                0x080032e0       0x10 CMakeFiles/test.elf.dir/UserLib/motor.c.obj
                0x080032e0                get_motor_offset
 .text.loop_float_constrain
                0x080032f0       0x4a CMakeFiles/test.elf.dir/UserLib/user_lib.c.obj
                0x080032f0                loop_float_constrain
 .text.OLS_Init
                0x0800333a       0x5a CMakeFiles/test.elf.dir/UserLib/user_lib.c.obj
                0x0800333a                OLS_Init
 .text.Reset_Handler
                0x08003394       0x50 CMakeFiles/test.elf.dir/startup/startup_stm32f407xx.s.obj
                0x08003394                Reset_Handler
 .text.Default_Handler
                0x080033e4        0x2 CMakeFiles/test.elf.dir/startup/startup_stm32f407xx.s.obj
                0x080033e4                RTC_Alarm_IRQHandler
                0x080033e4                HASH_RNG_IRQHandler
                0x080033e4                EXTI2_IRQHandler
                0x080033e4                TIM8_CC_IRQHandler
                0x080033e4                TIM1_CC_IRQHandler
                0x080033e4                DMA2_Stream5_IRQHandler
                0x080033e4                DMA1_Stream5_IRQHandler
                0x080033e4                PVD_IRQHandler
                0x080033e4                SDIO_IRQHandler
                0x080033e4                TAMP_STAMP_IRQHandler
                0x080033e4                CAN2_RX1_IRQHandler
                0x080033e4                EXTI3_IRQHandler
                0x080033e4                TIM8_TRG_COM_TIM14_IRQHandler
                0x080033e4                TIM1_UP_TIM10_IRQHandler
                0x080033e4                TIM8_UP_TIM13_IRQHandler
                0x080033e4                I2C3_ER_IRQHandler
                0x080033e4                EXTI0_IRQHandler
                0x080033e4                I2C2_EV_IRQHandler
                0x080033e4                DMA1_Stream2_IRQHandler
                0x080033e4                FPU_IRQHandler
                0x080033e4                OTG_HS_WKUP_IRQHandler
                0x080033e4                CAN2_SCE_IRQHandler
                0x080033e4                DMA2_Stream2_IRQHandler
                0x080033e4                SPI1_IRQHandler
                0x080033e4                TIM6_DAC_IRQHandler
                0x080033e4                TIM1_BRK_TIM9_IRQHandler
                0x080033e4                DCMI_IRQHandler
                0x080033e4                DMA2_Stream3_IRQHandler
                0x080033e4                USART6_IRQHandler
                0x080033e4                USART3_IRQHandler
                0x080033e4                CAN1_RX1_IRQHandler
                0x080033e4                UART5_IRQHandler
                0x080033e4                DMA2_Stream0_IRQHandler
                0x080033e4                TIM4_IRQHandler
                0x080033e4                I2C1_EV_IRQHandler
                0x080033e4                DMA1_Stream6_IRQHandler
                0x080033e4                DMA1_Stream1_IRQHandler
                0x080033e4                UART4_IRQHandler
                0x080033e4                TIM3_IRQHandler
                0x080033e4                RCC_IRQHandler
                0x080033e4                TIM8_BRK_TIM12_IRQHandler
                0x080033e4                Default_Handler
                0x080033e4                EXTI15_10_IRQHandler
                0x080033e4                ADC_IRQHandler
                0x080033e4                DMA1_Stream7_IRQHandler
                0x080033e4                TIM7_IRQHandler
                0x080033e4                CAN2_TX_IRQHandler
                0x080033e4                TIM5_IRQHandler
                0x080033e4                DMA2_Stream7_IRQHandler
                0x080033e4                I2C3_EV_IRQHandler
                0x080033e4                EXTI9_5_IRQHandler
                0x080033e4                RTC_WKUP_IRQHandler
                0x080033e4                ETH_WKUP_IRQHandler
                0x080033e4                SPI2_IRQHandler
                0x080033e4                OTG_HS_EP1_IN_IRQHandler
                0x080033e4                DMA1_Stream0_IRQHandler
                0x080033e4                CAN1_TX_IRQHandler
                0x080033e4                EXTI4_IRQHandler
                0x080033e4                FSMC_IRQHandler
                0x080033e4                ETH_IRQHandler
                0x080033e4                OTG_HS_EP1_OUT_IRQHandler
                0x080033e4                WWDG_IRQHandler
                0x080033e4                TIM2_IRQHandler
                0x080033e4                OTG_FS_WKUP_IRQHandler
                0x080033e4                TIM1_TRG_COM_TIM11_IRQHandler
                0x080033e4                OTG_HS_IRQHandler
                0x080033e4                EXTI1_IRQHandler
                0x080033e4                USART2_IRQHandler
                0x080033e4                I2C2_ER_IRQHandler
                0x080033e4                DMA2_Stream1_IRQHandler
                0x080033e4                CAN1_SCE_IRQHandler
                0x080033e4                FLASH_IRQHandler
                0x080033e4                DMA2_Stream4_IRQHandler
                0x080033e4                USART1_IRQHandler
                0x080033e4                OTG_FS_IRQHandler
                0x080033e4                SPI3_IRQHandler
                0x080033e4                DMA1_Stream4_IRQHandler
                0x080033e4                I2C1_ER_IRQHandler
                0x080033e4                DMA2_Stream6_IRQHandler
                0x080033e4                DMA1_Stream3_IRQHandler
 *fill*         0x080033e6        0x2 
 .text.__libc_init_array
                0x080033e8       0x48 c:/gcc-arm-none-eabi/bin/../lib/gcc/arm-none-eabi/10.3.1/../../../../arm-none-eabi/lib/thumb/v7e-m+fp/hard\libg.a(lib_a-init.o)
                0x080033e8                __libc_init_array
 .text.memset   0x08003430       0xa4 c:/gcc-arm-none-eabi/bin/../lib/gcc/arm-none-eabi/10.3.1/../../../../arm-none-eabi/lib/thumb/v7e-m+fp/hard\libg.a(lib_a-memset.o)
                0x08003430                memset
 .text.startup.register_fini
                0x080034d4       0x14 c:/gcc-arm-none-eabi/bin/../lib/gcc/arm-none-eabi/10.3.1/../../../../arm-none-eabi/lib/thumb/v7e-m+fp/hard\libg.a(lib_a-__call_atexit.o)
 .text.atexit   0x080034e8        0xc c:/gcc-arm-none-eabi/bin/../lib/gcc/arm-none-eabi/10.3.1/../../../../arm-none-eabi/lib/thumb/v7e-m+fp/hard\libg.a(lib_a-atexit.o)
                0x080034e8                atexit
 .text.__libc_fini_array
                0x080034f4       0x2c c:/gcc-arm-none-eabi/bin/../lib/gcc/arm-none-eabi/10.3.1/../../../../arm-none-eabi/lib/thumb/v7e-m+fp/hard\libg.a(lib_a-fini.o)
                0x080034f4                __libc_fini_array
 .text.__retarget_lock_acquire_recursive
                0x08003520        0x4 c:/gcc-arm-none-eabi/bin/../lib/gcc/arm-none-eabi/10.3.1/../../../../arm-none-eabi/lib/thumb/v7e-m+fp/hard\libg.a(lib_a-lock.o)
                0x08003520                __retarget_lock_acquire_recursive
 .text.__retarget_lock_release_recursive
                0x08003524        0x4 c:/gcc-arm-none-eabi/bin/../lib/gcc/arm-none-eabi/10.3.1/../../../../arm-none-eabi/lib/thumb/v7e-m+fp/hard\libg.a(lib_a-lock.o)
                0x08003524                __retarget_lock_release_recursive
 .text.__register_exitproc
                0x08003528       0x8c c:/gcc-arm-none-eabi/bin/../lib/gcc/arm-none-eabi/10.3.1/../../../../arm-none-eabi/lib/thumb/v7e-m+fp/hard\libg.a(lib_a-__atexit.o)
                0x08003528                __register_exitproc
 *(.glue_7)
 .glue_7        0x080035b4        0x0 linker stubs
 *(.glue_7t)
 .glue_7t       0x080035b4        0x0 linker stubs
 *(.eh_frame)
 .eh_frame      0x080035b4        0x0 c:/gcc-arm-none-eabi/bin/../lib/gcc/arm-none-eabi/10.3.1/thumb/v7e-m+fp/hard/crtbegin.o
 *(.init)
 .init          0x080035b4        0x4 c:/gcc-arm-none-eabi/bin/../lib/gcc/arm-none-eabi/10.3.1/thumb/v7e-m+fp/hard/crti.o
                0x080035b4                _init
 .init          0x080035b8        0x8 c:/gcc-arm-none-eabi/bin/../lib/gcc/arm-none-eabi/10.3.1/thumb/v7e-m+fp/hard/crtn.o
 *(.fini)
 .fini          0x080035c0        0x4 c:/gcc-arm-none-eabi/bin/../lib/gcc/arm-none-eabi/10.3.1/thumb/v7e-m+fp/hard/crti.o
                0x080035c0                _fini
 .fini          0x080035c4        0x8 c:/gcc-arm-none-eabi/bin/../lib/gcc/arm-none-eabi/10.3.1/thumb/v7e-m+fp/hard/crtn.o
                0x080035cc                . = ALIGN (0x4)
                0x080035cc                _etext = .

.vfp11_veneer   0x080035cc        0x0
 .vfp11_veneer  0x080035cc        0x0 linker stubs

.v4_bx          0x080035cc        0x0
 .v4_bx         0x080035cc        0x0 linker stubs

.iplt           0x080035cc        0x0
 .iplt          0x080035cc        0x0 c:/gcc-arm-none-eabi/bin/../lib/gcc/arm-none-eabi/10.3.1/thumb/v7e-m+fp/hard/crtbegin.o

.rodata         0x080035cc       0x90
                0x080035cc                . = ALIGN (0x4)
 *(.rodata)
 .rodata        0x080035cc       0x54 CMakeFiles/test.elf.dir/Src/freertos.c.obj
 *(.rodata*)
 .rodata.vTaskStartScheduler.str1.4
                0x08003620        0x5 CMakeFiles/test.elf.dir/Middlewares/Third_Party/FreeRTOS/Source/tasks.c.obj
 *fill*         0x08003625        0x3 
 .rodata.str1.4
                0x08003628       0x1f CMakeFiles/test.elf.dir/Src/freertos.c.obj
 *fill*         0x08003647        0x1 
 .rodata.AHBPrescTable
                0x08003648       0x10 CMakeFiles/test.elf.dir/Src/system_stm32f4xx.c.obj
                0x08003648                AHBPrescTable
 .rodata._global_impure_ptr
                0x08003658        0x4 c:/gcc-arm-none-eabi/bin/../lib/gcc/arm-none-eabi/10.3.1/../../../../arm-none-eabi/lib/thumb/v7e-m+fp/hard\libg.a(lib_a-impure.o)
                0x08003658                _global_impure_ptr
                0x0800365c                . = ALIGN (0x4)

.ARM.extab
 *(.ARM.extab* .gnu.linkonce.armextab.*)

.ARM            0x0800365c        0x8
                0x0800365c                __exidx_start = .
 *(.ARM.exidx*)
 .ARM.exidx     0x0800365c        0x8 c:/gcc-arm-none-eabi/bin/../lib/gcc/arm-none-eabi/10.3.1/thumb/v7e-m+fp/hard\libgcc.a(_udivmoddi4.o)
                0x08003664                __exidx_end = .

.rel.dyn        0x08003664        0x0
 .rel.iplt      0x08003664        0x0 c:/gcc-arm-none-eabi/bin/../lib/gcc/arm-none-eabi/10.3.1/thumb/v7e-m+fp/hard/crtbegin.o

.preinit_array  0x08003664        0x0
                0x08003664                PROVIDE (__preinit_array_start = .)
 *(.preinit_array*)
                0x08003664                PROVIDE (__preinit_array_end = .)

.init_array     0x08003664        0x8
                0x08003664                PROVIDE (__init_array_start = .)
 *(SORT_BY_NAME(.init_array.*))
 .init_array.00000
                0x08003664        0x4 c:/gcc-arm-none-eabi/bin/../lib/gcc/arm-none-eabi/10.3.1/../../../../arm-none-eabi/lib/thumb/v7e-m+fp/hard\libg.a(lib_a-__call_atexit.o)
 *(.init_array*)
 .init_array    0x08003668        0x4 c:/gcc-arm-none-eabi/bin/../lib/gcc/arm-none-eabi/10.3.1/thumb/v7e-m+fp/hard/crtbegin.o
                0x0800366c                PROVIDE (__init_array_end = .)

.fini_array     0x0800366c        0x4
                0x0800366c                PROVIDE (__fini_array_start = .)
 *(SORT_BY_NAME(.fini_array.*))
 *(.fini_array*)
 .fini_array    0x0800366c        0x4 c:/gcc-arm-none-eabi/bin/../lib/gcc/arm-none-eabi/10.3.1/thumb/v7e-m+fp/hard/crtbegin.o
                0x08003670                PROVIDE (__fini_array_end = .)
                0x08003670                _sidata = LOADADDR (.data)

.data           0x20000000      0x43c load address 0x08003670
                0x20000000                . = ALIGN (0x4)
                0x20000000                _sdata = .
 *(.data)
 *(.data*)
 .data.uwTickFreq
                0x20000000        0x1 CMakeFiles/test.elf.dir/Drivers/STM32F4xx_HAL_Driver/Src/stm32f4xx_hal.c.obj
                0x20000000                uwTickFreq
 *fill*         0x20000001        0x3 
 .data.uwTickPrio
                0x20000004        0x4 CMakeFiles/test.elf.dir/Drivers/STM32F4xx_HAL_Driver/Src/stm32f4xx_hal.c.obj
                0x20000004                uwTickPrio
 .data.uxCriticalNesting
                0x20000008        0x4 CMakeFiles/test.elf.dir/Middlewares/Third_Party/FreeRTOS/Source/portable/GCC/ARM_CM4F/port.c.obj
 .data.SystemCoreClock
                0x2000000c        0x4 CMakeFiles/test.elf.dir/Src/system_stm32f4xx.c.obj
                0x2000000c                SystemCoreClock
 .data.impure_data
                0x20000010      0x428 c:/gcc-arm-none-eabi/bin/../lib/gcc/arm-none-eabi/10.3.1/../../../../arm-none-eabi/lib/thumb/v7e-m+fp/hard\libg.a(lib_a-impure.o)
 .data.__atexit_recursive_mutex
                0x20000438        0x4 c:/gcc-arm-none-eabi/bin/../lib/gcc/arm-none-eabi/10.3.1/../../../../arm-none-eabi/lib/thumb/v7e-m+fp/hard\libg.a(lib_a-__call_atexit.o)
                0x20000438                __atexit_recursive_mutex
                0x2000043c                . = ALIGN (0x4)
                0x2000043c                _edata = .
                0x08003aac                _siccmram = LOADADDR (.ccmram)

.igot.plt       0x2000043c        0x0 load address 0x08003aac
 .igot.plt      0x2000043c        0x0 c:/gcc-arm-none-eabi/bin/../lib/gcc/arm-none-eabi/10.3.1/thumb/v7e-m+fp/hard/crtbegin.o

.ccmram         0x10000000        0x0 load address 0x08003aac
                0x10000000                . = ALIGN (0x4)
                0x10000000                _sccmram = .
 *(.ccmram)
 *(.ccmram*)
                0x10000000                . = ALIGN (0x4)
                0x10000000                _eccmram = .
                0x10000000                . = ALIGN (0x4)

.bss            0x2000043c     0x53fc
                0x2000043c                _sbss = .
                0x2000043c                __bss_start__ = _sbss
 *(.bss)
 .bss           0x2000043c       0x1c c:/gcc-arm-none-eabi/bin/../lib/gcc/arm-none-eabi/10.3.1/thumb/v7e-m+fp/hard/crtbegin.o
 *(.bss*)
 .bss.ChassisMotor
                0x20000458     0x1220 CMakeFiles/test.elf.dir/APP/Chassis.c.obj
                0x20000458                ChassisMotor
 .bss.RotateFollow
                0x20001678       0xaa CMakeFiles/test.elf.dir/APP/Chassis.c.obj
                0x20001678                RotateFollow
 *fill*         0x20001722        0x2 
 .bss.data.1    0x20001724        0x8 CMakeFiles/test.elf.dir/APP/Chassis.c.obj
 .bss.rc        0x2000172c       0x14 CMakeFiles/test.elf.dir/APP/Chassis.c.obj
                0x2000172c                rc
 .bss.glb_err   0x20001740       0x68 CMakeFiles/test.elf.dir/APP/Detect.c.obj
                0x20001740                glb_err
 .bss.can_send_data
                0x200017a8        0x8 CMakeFiles/test.elf.dir/BSP/Src/bsp_can.c.obj
 .bss.tx_message
                0x200017b0       0x18 CMakeFiles/test.elf.dir/BSP/Src/bsp_can.c.obj
 .bss.CPU_FREQ_Hz
                0x200017c8        0x4 CMakeFiles/test.elf.dir/BSP/Src/bsp_dwt.c.obj
 .bss.CYCCNT_RountCount
                0x200017cc        0x4 CMakeFiles/test.elf.dir/BSP/Src/bsp_dwt.c.obj
 .bss.DWT_Timeline
                0x200017d0        0x4 CMakeFiles/test.elf.dir/BSP/Src/bsp_dwt.c.obj
 .bss.uwTick    0x200017d4        0x4 CMakeFiles/test.elf.dir/Drivers/STM32F4xx_HAL_Driver/Src/stm32f4xx_hal.c.obj
                0x200017d4                uwTick
 .bss.ucMaxSysCallPriority
                0x200017d8        0x1 CMakeFiles/test.elf.dir/Middlewares/Third_Party/FreeRTOS/Source/portable/GCC/ARM_CM4F/port.c.obj
 *fill*         0x200017d9        0x3 
 .bss.ulMaxPRIGROUPValue
                0x200017dc        0x4 CMakeFiles/test.elf.dir/Middlewares/Third_Party/FreeRTOS/Source/portable/GCC/ARM_CM4F/port.c.obj
 .bss.pxEnd     0x200017e0        0x4 CMakeFiles/test.elf.dir/Middlewares/Third_Party/FreeRTOS/Source/portable/MemMang/heap_4.c.obj
 .bss.ucHeap    0x200017e4     0x3c00 CMakeFiles/test.elf.dir/Middlewares/Third_Party/FreeRTOS/Source/portable/MemMang/heap_4.c.obj
 .bss.xBlockAllocatedBit
                0x200053e4        0x4 CMakeFiles/test.elf.dir/Middlewares/Third_Party/FreeRTOS/Source/portable/MemMang/heap_4.c.obj
 .bss.xFreeBytesRemaining
                0x200053e8        0x4 CMakeFiles/test.elf.dir/Middlewares/Third_Party/FreeRTOS/Source/portable/MemMang/heap_4.c.obj
 .bss.xMinimumEverFreeBytesRemaining
                0x200053ec        0x4 CMakeFiles/test.elf.dir/Middlewares/Third_Party/FreeRTOS/Source/portable/MemMang/heap_4.c.obj
 .bss.xStart    0x200053f0        0x8 CMakeFiles/test.elf.dir/Middlewares/Third_Party/FreeRTOS/Source/portable/MemMang/heap_4.c.obj
 .bss.pxCurrentTCB
                0x200053f8        0x4 CMakeFiles/test.elf.dir/Middlewares/Third_Party/FreeRTOS/Source/tasks.c.obj
                0x200053f8                pxCurrentTCB
 .bss.pxDelayedTaskList
                0x200053fc        0x4 CMakeFiles/test.elf.dir/Middlewares/Third_Party/FreeRTOS/Source/tasks.c.obj
 .bss.pxOverflowDelayedTaskList
                0x20005400        0x4 CMakeFiles/test.elf.dir/Middlewares/Third_Party/FreeRTOS/Source/tasks.c.obj
 .bss.pxReadyTasksLists
                0x20005404       0x8c CMakeFiles/test.elf.dir/Middlewares/Third_Party/FreeRTOS/Source/tasks.c.obj
 .bss.uxCurrentNumberOfTasks
                0x20005490        0x4 CMakeFiles/test.elf.dir/Middlewares/Third_Party/FreeRTOS/Source/tasks.c.obj
 .bss.uxDeletedTasksWaitingCleanUp
                0x20005494        0x4 CMakeFiles/test.elf.dir/Middlewares/Third_Party/FreeRTOS/Source/tasks.c.obj
 .bss.uxPendedTicks
                0x20005498        0x4 CMakeFiles/test.elf.dir/Middlewares/Third_Party/FreeRTOS/Source/tasks.c.obj
 .bss.uxSchedulerSuspended
                0x2000549c        0x4 CMakeFiles/test.elf.dir/Middlewares/Third_Party/FreeRTOS/Source/tasks.c.obj
 .bss.uxTaskNumber
                0x200054a0        0x4 CMakeFiles/test.elf.dir/Middlewares/Third_Party/FreeRTOS/Source/tasks.c.obj
 .bss.uxTopReadyPriority
                0x200054a4        0x4 CMakeFiles/test.elf.dir/Middlewares/Third_Party/FreeRTOS/Source/tasks.c.obj
 .bss.xDelayedTaskList1
                0x200054a8       0x14 CMakeFiles/test.elf.dir/Middlewares/Third_Party/FreeRTOS/Source/tasks.c.obj
 .bss.xDelayedTaskList2
                0x200054bc       0x14 CMakeFiles/test.elf.dir/Middlewares/Third_Party/FreeRTOS/Source/tasks.c.obj
 .bss.xIdleTaskHandle
                0x200054d0        0x4 CMakeFiles/test.elf.dir/Middlewares/Third_Party/FreeRTOS/Source/tasks.c.obj
 .bss.xNextTaskUnblockTime
                0x200054d4        0x4 CMakeFiles/test.elf.dir/Middlewares/Third_Party/FreeRTOS/Source/tasks.c.obj
 .bss.xNumOfOverflows
                0x200054d8        0x4 CMakeFiles/test.elf.dir/Middlewares/Third_Party/FreeRTOS/Source/tasks.c.obj
 .bss.xPendingReadyList
                0x200054dc       0x14 CMakeFiles/test.elf.dir/Middlewares/Third_Party/FreeRTOS/Source/tasks.c.obj
 .bss.xSchedulerRunning
                0x200054f0        0x4 CMakeFiles/test.elf.dir/Middlewares/Third_Party/FreeRTOS/Source/tasks.c.obj
 .bss.xSuspendedTaskList
                0x200054f4       0x14 CMakeFiles/test.elf.dir/Middlewares/Third_Party/FreeRTOS/Source/tasks.c.obj
 .bss.xTasksWaitingTermination
                0x20005508       0x14 CMakeFiles/test.elf.dir/Middlewares/Third_Party/FreeRTOS/Source/tasks.c.obj
 .bss.xTickCount
                0x2000551c        0x4 CMakeFiles/test.elf.dir/Middlewares/Third_Party/FreeRTOS/Source/tasks.c.obj
 .bss.xYieldPending
                0x20005520        0x4 CMakeFiles/test.elf.dir/Middlewares/Third_Party/FreeRTOS/Source/tasks.c.obj
 .bss.RC_Data_Buf.0
                0x20005524       0x10 CMakeFiles/test.elf.dir/Src/CAN_receive.c.obj
 .bss.chassis_can_send_data
                0x20005534        0x8 CMakeFiles/test.elf.dir/Src/CAN_receive.c.obj
 .bss.chassis_tx_message
                0x2000553c       0x18 CMakeFiles/test.elf.dir/Src/CAN_receive.c.obj
 .bss.mmp       0x20005554       0x10 CMakeFiles/test.elf.dir/Src/CAN_receive.c.obj
                0x20005554                mmp
 .bss.rc        0x20005564       0x14 CMakeFiles/test.elf.dir/Src/CAN_receive.c.obj
 .bss.HAL_RCC_CAN1_CLK_ENABLED
                0x20005578        0x4 CMakeFiles/test.elf.dir/Src/can.c.obj
 .bss.hcan1     0x2000557c       0x28 CMakeFiles/test.elf.dir/Src/can.c.obj
                0x2000557c                hcan1
 .bss.hcan2     0x200055a4       0x28 CMakeFiles/test.elf.dir/Src/can.c.obj
                0x200055a4                hcan2
 .bss.hcrc      0x200055cc        0x8 CMakeFiles/test.elf.dir/Src/crc.c.obj
                0x200055cc                hcrc
 .bss.ChassisHandle
                0x200055d4        0x4 CMakeFiles/test.elf.dir/Src/freertos.c.obj
                0x200055d4                ChassisHandle
 .bss.DetectHandle
                0x200055d8        0x4 CMakeFiles/test.elf.dir/Src/freertos.c.obj
                0x200055d8                DetectHandle
 .bss.TransmissionHandle
                0x200055dc        0x4 CMakeFiles/test.elf.dir/Src/freertos.c.obj
                0x200055dc                TransmissionHandle
 .bss.xIdleStack
                0x200055e0      0x200 CMakeFiles/test.elf.dir/Src/freertos.c.obj
 .bss.xIdleTaskTCBBuffer
                0x200057e0       0x54 CMakeFiles/test.elf.dir/Src/freertos.c.obj
 .bss.__lock___atexit_recursive_mutex
                0x20005834        0x1 c:/gcc-arm-none-eabi/bin/../lib/gcc/arm-none-eabi/10.3.1/../../../../arm-none-eabi/lib/thumb/v7e-m+fp/hard\libg.a(lib_a-lock.o)
                0x20005834                __lock___atexit_recursive_mutex
 *(COMMON)
                0x20005838                . = ALIGN (0x4)
 *fill*         0x20005835        0x3 
                0x20005838                _ebss = .
                0x20005838                __bss_end__ = _ebss

._user_heap_stack
                0x20005838      0x600
                0x20005838                . = ALIGN (0x8)
                0x20005838                PROVIDE (end = .)
                [!provide]                PROVIDE (_end = .)
                0x20005a38                . = (. + _Min_Heap_Size)
 *fill*         0x20005838      0x200 
                0x20005e38                . = (. + _Min_Stack_Size)
 *fill*         0x20005a38      0x400 
                0x20005e38                . = ALIGN (0x8)

/DISCARD/
 libc.a(*)
 libm.a(*)
 libgcc.a(*)

.ARM.attributes
                0x00000000       0x30
 *(.ARM.attributes)
 .ARM.attributes
                0x00000000       0x1e c:/gcc-arm-none-eabi/bin/../lib/gcc/arm-none-eabi/10.3.1/thumb/v7e-m+fp/hard/crti.o
 .ARM.attributes
                0x0000001e       0x34 c:/gcc-arm-none-eabi/bin/../lib/gcc/arm-none-eabi/10.3.1/thumb/v7e-m+fp/hard/crtbegin.o
 .ARM.attributes
                0x00000052       0x34 CMakeFiles/test.elf.dir/APP/Chassis.c.obj
 .ARM.attributes
                0x00000086       0x34 CMakeFiles/test.elf.dir/APP/Detect.c.obj
 .ARM.attributes
                0x000000ba       0x34 CMakeFiles/test.elf.dir/APP/Transmission.c.obj
 .ARM.attributes
                0x000000ee       0x34 CMakeFiles/test.elf.dir/BSP/Src/bsp_can.c.obj
 .ARM.attributes
                0x00000122       0x34 CMakeFiles/test.elf.dir/BSP/Src/bsp_dwt.c.obj
 .ARM.attributes
                0x00000156       0x34 CMakeFiles/test.elf.dir/Drivers/STM32F4xx_HAL_Driver/Src/stm32f4xx_hal.c.obj
 .ARM.attributes
                0x0000018a       0x34 CMakeFiles/test.elf.dir/Drivers/STM32F4xx_HAL_Driver/Src/stm32f4xx_hal_can.c.obj
 .ARM.attributes
                0x000001be       0x34 CMakeFiles/test.elf.dir/Drivers/STM32F4xx_HAL_Driver/Src/stm32f4xx_hal_cortex.c.obj
 .ARM.attributes
                0x000001f2       0x34 CMakeFiles/test.elf.dir/Drivers/STM32F4xx_HAL_Driver/Src/stm32f4xx_hal_crc.c.obj
 .ARM.attributes
                0x00000226       0x34 CMakeFiles/test.elf.dir/Drivers/STM32F4xx_HAL_Driver/Src/stm32f4xx_hal_gpio.c.obj
 .ARM.attributes
                0x0000025a       0x34 CMakeFiles/test.elf.dir/Drivers/STM32F4xx_HAL_Driver/Src/stm32f4xx_hal_rcc.c.obj
 .ARM.attributes
                0x0000028e       0x34 CMakeFiles/test.elf.dir/Middlewares/Third_Party/FreeRTOS/Source/CMSIS_RTOS/cmsis_os.c.obj
 .ARM.attributes
                0x000002c2       0x34 CMakeFiles/test.elf.dir/Middlewares/Third_Party/FreeRTOS/Source/list.c.obj
 .ARM.attributes
                0x000002f6       0x34 CMakeFiles/test.elf.dir/Middlewares/Third_Party/FreeRTOS/Source/portable/GCC/ARM_CM4F/port.c.obj
 .ARM.attributes
                0x0000032a       0x34 CMakeFiles/test.elf.dir/Middlewares/Third_Party/FreeRTOS/Source/portable/MemMang/heap_4.c.obj
 .ARM.attributes
                0x0000035e       0x34 CMakeFiles/test.elf.dir/Middlewares/Third_Party/FreeRTOS/Source/tasks.c.obj
 .ARM.attributes
                0x00000392       0x34 CMakeFiles/test.elf.dir/Src/CAN_receive.c.obj
 .ARM.attributes
                0x000003c6       0x34 CMakeFiles/test.elf.dir/Src/can.c.obj
 .ARM.attributes
                0x000003fa       0x34 CMakeFiles/test.elf.dir/Src/crc.c.obj
 .ARM.attributes
                0x0000042e       0x34 CMakeFiles/test.elf.dir/Src/freertos.c.obj
 .ARM.attributes
                0x00000462       0x34 CMakeFiles/test.elf.dir/Src/gpio.c.obj
 .ARM.attributes
                0x00000496       0x34 CMakeFiles/test.elf.dir/Src/main.c.obj
 .ARM.attributes
                0x000004ca       0x34 CMakeFiles/test.elf.dir/Src/stm32f4xx_hal_msp.c.obj
 .ARM.attributes
                0x000004fe       0x34 CMakeFiles/test.elf.dir/Src/stm32f4xx_it.c.obj
 .ARM.attributes
                0x00000532       0x34 CMakeFiles/test.elf.dir/Src/system_stm32f4xx.c.obj
 .ARM.attributes
                0x00000566       0x34 CMakeFiles/test.elf.dir/UserLib/controller.c.obj
 .ARM.attributes
                0x0000059a       0x34 CMakeFiles/test.elf.dir/UserLib/motor.c.obj
 .ARM.attributes
                0x000005ce       0x34 CMakeFiles/test.elf.dir/UserLib/user_lib.c.obj
 .ARM.attributes
                0x00000602       0x21 CMakeFiles/test.elf.dir/startup/startup_stm32f407xx.s.obj
 .ARM.attributes
                0x00000623       0x1e c:/gcc-arm-none-eabi/bin/../lib/gcc/arm-none-eabi/10.3.1/thumb/v7e-m+fp/hard\libgcc.a(_aeabi_uldivmod.o)
 .ARM.attributes
                0x00000641       0x34 c:/gcc-arm-none-eabi/bin/../lib/gcc/arm-none-eabi/10.3.1/thumb/v7e-m+fp/hard\libgcc.a(_udivmoddi4.o)
 .ARM.attributes
                0x00000675       0x1e c:/gcc-arm-none-eabi/bin/../lib/gcc/arm-none-eabi/10.3.1/thumb/v7e-m+fp/hard\libgcc.a(_dvmd_tls.o)
 .ARM.attributes
                0x00000693       0x34 c:/gcc-arm-none-eabi/bin/../lib/gcc/arm-none-eabi/10.3.1/../../../../arm-none-eabi/lib/thumb/v7e-m+fp/hard\libg.a(lib_a-impure.o)
 .ARM.attributes
                0x000006c7       0x34 c:/gcc-arm-none-eabi/bin/../lib/gcc/arm-none-eabi/10.3.1/../../../../arm-none-eabi/lib/thumb/v7e-m+fp/hard\libg.a(lib_a-init.o)
 .ARM.attributes
                0x000006fb       0x34 c:/gcc-arm-none-eabi/bin/../lib/gcc/arm-none-eabi/10.3.1/../../../../arm-none-eabi/lib/thumb/v7e-m+fp/hard\libg.a(lib_a-memset.o)
 .ARM.attributes
                0x0000072f       0x34 c:/gcc-arm-none-eabi/bin/../lib/gcc/arm-none-eabi/10.3.1/../../../../arm-none-eabi/lib/thumb/v7e-m+fp/hard\libg.a(lib_a-__call_atexit.o)
 .ARM.attributes
                0x00000763       0x34 c:/gcc-arm-none-eabi/bin/../lib/gcc/arm-none-eabi/10.3.1/../../../../arm-none-eabi/lib/thumb/v7e-m+fp/hard\libg.a(lib_a-atexit.o)
 .ARM.attributes
                0x00000797       0x34 c:/gcc-arm-none-eabi/bin/../lib/gcc/arm-none-eabi/10.3.1/../../../../arm-none-eabi/lib/thumb/v7e-m+fp/hard\libg.a(lib_a-fini.o)
 .ARM.attributes
                0x000007cb       0x34 c:/gcc-arm-none-eabi/bin/../lib/gcc/arm-none-eabi/10.3.1/../../../../arm-none-eabi/lib/thumb/v7e-m+fp/hard\libg.a(lib_a-lock.o)
 .ARM.attributes
                0x000007ff       0x34 c:/gcc-arm-none-eabi/bin/../lib/gcc/arm-none-eabi/10.3.1/../../../../arm-none-eabi/lib/thumb/v7e-m+fp/hard\libg.a(lib_a-__atexit.o)
 .ARM.attributes
                0x00000833       0x1e c:/gcc-arm-none-eabi/bin/../lib/gcc/arm-none-eabi/10.3.1/thumb/v7e-m+fp/hard/crtn.o
OUTPUT(test.elf elf32-littlearm)
LOAD linker stubs
LOAD c:/gcc-arm-none-eabi/bin/../lib/gcc/arm-none-eabi/10.3.1/../../../../arm-none-eabi/lib/thumb/v7e-m+fp/hard\libc.a
LOAD c:/gcc-arm-none-eabi/bin/../lib/gcc/arm-none-eabi/10.3.1/../../../../arm-none-eabi/lib/thumb/v7e-m+fp/hard\libm.a
LOAD c:/gcc-arm-none-eabi/bin/../lib/gcc/arm-none-eabi/10.3.1/thumb/v7e-m+fp/hard\libgcc.a

.debug_info     0x00000000    0x1357a
 .debug_info    0x00000000     0x18cb CMakeFiles/test.elf.dir/APP/Chassis.c.obj
 .debug_info    0x000018cb      0x38a CMakeFiles/test.elf.dir/APP/Detect.c.obj
 .debug_info    0x00001c55      0x1db CMakeFiles/test.elf.dir/APP/Transmission.c.obj
 .debug_info    0x00001e30      0x760 CMakeFiles/test.elf.dir/BSP/Src/bsp_can.c.obj
 .debug_info    0x00002590      0x3f3 CMakeFiles/test.elf.dir/BSP/Src/bsp_dwt.c.obj
 .debug_info    0x00002983      0x9f0 CMakeFiles/test.elf.dir/Drivers/STM32F4xx_HAL_Driver/Src/stm32f4xx_hal.c.obj
 .debug_info    0x00003373     0x126a CMakeFiles/test.elf.dir/Drivers/STM32F4xx_HAL_Driver/Src/stm32f4xx_hal_can.c.obj
 .debug_info    0x000045dd     0x1098 CMakeFiles/test.elf.dir/Drivers/STM32F4xx_HAL_Driver/Src/stm32f4xx_hal_cortex.c.obj
 .debug_info    0x00005675      0x3e9 CMakeFiles/test.elf.dir/Drivers/STM32F4xx_HAL_Driver/Src/stm32f4xx_hal_crc.c.obj
 .debug_info    0x00005a5e      0x79b CMakeFiles/test.elf.dir/Drivers/STM32F4xx_HAL_Driver/Src/stm32f4xx_hal_gpio.c.obj
 .debug_info    0x000061f9      0xb03 CMakeFiles/test.elf.dir/Drivers/STM32F4xx_HAL_Driver/Src/stm32f4xx_hal_rcc.c.obj
 .debug_info    0x00006cfc     0x222b CMakeFiles/test.elf.dir/Middlewares/Third_Party/FreeRTOS/Source/CMSIS_RTOS/cmsis_os.c.obj
 .debug_info    0x00008f27      0x2e0 CMakeFiles/test.elf.dir/Middlewares/Third_Party/FreeRTOS/Source/list.c.obj
 .debug_info    0x00009207      0x587 CMakeFiles/test.elf.dir/Middlewares/Third_Party/FreeRTOS/Source/portable/GCC/ARM_CM4F/port.c.obj
 .debug_info    0x0000978e      0x471 CMakeFiles/test.elf.dir/Middlewares/Third_Party/FreeRTOS/Source/portable/MemMang/heap_4.c.obj
 .debug_info    0x00009bff     0x2877 CMakeFiles/test.elf.dir/Middlewares/Third_Party/FreeRTOS/Source/tasks.c.obj
 .debug_info    0x0000c476     0x17ba CMakeFiles/test.elf.dir/Src/CAN_receive.c.obj
 .debug_info    0x0000dc30      0xcb4 CMakeFiles/test.elf.dir/Src/can.c.obj
 .debug_info    0x0000e8e4      0x48d CMakeFiles/test.elf.dir/Src/crc.c.obj
 .debug_info    0x0000ed71      0x546 CMakeFiles/test.elf.dir/Src/freertos.c.obj
 .debug_info    0x0000f2b7      0x479 CMakeFiles/test.elf.dir/Src/gpio.c.obj
 .debug_info    0x0000f730      0x6d9 CMakeFiles/test.elf.dir/Src/main.c.obj
 .debug_info    0x0000fe09      0x4f8 CMakeFiles/test.elf.dir/Src/stm32f4xx_hal_msp.c.obj
 .debug_info    0x00010301      0x5a8 CMakeFiles/test.elf.dir/Src/stm32f4xx_it.c.obj
 .debug_info    0x000108a9      0x538 CMakeFiles/test.elf.dir/Src/system_stm32f4xx.c.obj
 .debug_info    0x00010de1     0x13bf CMakeFiles/test.elf.dir/UserLib/controller.c.obj
 .debug_info    0x000121a0      0xba3 CMakeFiles/test.elf.dir/UserLib/motor.c.obj
 .debug_info    0x00012d43      0x815 CMakeFiles/test.elf.dir/UserLib/user_lib.c.obj
 .debug_info    0x00013558       0x22 CMakeFiles/test.elf.dir/startup/startup_stm32f407xx.s.obj

.debug_abbrev   0x00000000     0x39a7
 .debug_abbrev  0x00000000      0x3ac CMakeFiles/test.elf.dir/APP/Chassis.c.obj
 .debug_abbrev  0x000003ac      0x1c1 CMakeFiles/test.elf.dir/APP/Detect.c.obj
 .debug_abbrev  0x0000056d      0x11a CMakeFiles/test.elf.dir/APP/Transmission.c.obj
 .debug_abbrev  0x00000687      0x1de CMakeFiles/test.elf.dir/BSP/Src/bsp_can.c.obj
 .debug_abbrev  0x00000865      0x12d CMakeFiles/test.elf.dir/BSP/Src/bsp_dwt.c.obj
 .debug_abbrev  0x00000992      0x206 CMakeFiles/test.elf.dir/Drivers/STM32F4xx_HAL_Driver/Src/stm32f4xx_hal.c.obj
 .debug_abbrev  0x00000b98      0x267 CMakeFiles/test.elf.dir/Drivers/STM32F4xx_HAL_Driver/Src/stm32f4xx_hal_can.c.obj
 .debug_abbrev  0x00000dff      0x36a CMakeFiles/test.elf.dir/Drivers/STM32F4xx_HAL_Driver/Src/stm32f4xx_hal_cortex.c.obj
 .debug_abbrev  0x00001169      0x1c2 CMakeFiles/test.elf.dir/Drivers/STM32F4xx_HAL_Driver/Src/stm32f4xx_hal_crc.c.obj
 .debug_abbrev  0x0000132b      0x1ef CMakeFiles/test.elf.dir/Drivers/STM32F4xx_HAL_Driver/Src/stm32f4xx_hal_gpio.c.obj
 .debug_abbrev  0x0000151a      0x28a CMakeFiles/test.elf.dir/Drivers/STM32F4xx_HAL_Driver/Src/stm32f4xx_hal_rcc.c.obj
 .debug_abbrev  0x000017a4      0x35b CMakeFiles/test.elf.dir/Middlewares/Third_Party/FreeRTOS/Source/CMSIS_RTOS/cmsis_os.c.obj
 .debug_abbrev  0x00001aff      0x106 CMakeFiles/test.elf.dir/Middlewares/Third_Party/FreeRTOS/Source/list.c.obj
 .debug_abbrev  0x00001c05      0x26b CMakeFiles/test.elf.dir/Middlewares/Third_Party/FreeRTOS/Source/portable/GCC/ARM_CM4F/port.c.obj
 .debug_abbrev  0x00001e70      0x238 CMakeFiles/test.elf.dir/Middlewares/Third_Party/FreeRTOS/Source/portable/MemMang/heap_4.c.obj
 .debug_abbrev  0x000020a8      0x313 CMakeFiles/test.elf.dir/Middlewares/Third_Party/FreeRTOS/Source/tasks.c.obj
 .debug_abbrev  0x000023bb      0x358 CMakeFiles/test.elf.dir/Src/CAN_receive.c.obj
 .debug_abbrev  0x00002713      0x1f6 CMakeFiles/test.elf.dir/Src/can.c.obj
 .debug_abbrev  0x00002909      0x177 CMakeFiles/test.elf.dir/Src/crc.c.obj
 .debug_abbrev  0x00002a80      0x172 CMakeFiles/test.elf.dir/Src/freertos.c.obj
 .debug_abbrev  0x00002bf2      0x14e CMakeFiles/test.elf.dir/Src/gpio.c.obj
 .debug_abbrev  0x00002d40      0x1c6 CMakeFiles/test.elf.dir/Src/main.c.obj
 .debug_abbrev  0x00002f06      0x119 CMakeFiles/test.elf.dir/Src/stm32f4xx_hal_msp.c.obj
 .debug_abbrev  0x0000301f      0x195 CMakeFiles/test.elf.dir/Src/stm32f4xx_it.c.obj
 .debug_abbrev  0x000031b4      0x119 CMakeFiles/test.elf.dir/Src/system_stm32f4xx.c.obj
 .debug_abbrev  0x000032cd      0x2b6 CMakeFiles/test.elf.dir/UserLib/controller.c.obj
 .debug_abbrev  0x00003583      0x1ea CMakeFiles/test.elf.dir/UserLib/motor.c.obj
 .debug_abbrev  0x0000376d      0x228 CMakeFiles/test.elf.dir/UserLib/user_lib.c.obj
 .debug_abbrev  0x00003995       0x12 CMakeFiles/test.elf.dir/startup/startup_stm32f407xx.s.obj

.debug_loc      0x00000000     0x7349
 .debug_loc     0x00000000      0x291 CMakeFiles/test.elf.dir/APP/Chassis.c.obj
 .debug_loc     0x00000291      0x129 CMakeFiles/test.elf.dir/APP/Detect.c.obj
 .debug_loc     0x000003ba       0x25 CMakeFiles/test.elf.dir/APP/Transmission.c.obj
 .debug_loc     0x000003df       0x23 CMakeFiles/test.elf.dir/BSP/Src/bsp_can.c.obj
 .debug_loc     0x00000402       0x9b CMakeFiles/test.elf.dir/BSP/Src/bsp_dwt.c.obj
 .debug_loc     0x0000049d      0x141 CMakeFiles/test.elf.dir/Drivers/STM32F4xx_HAL_Driver/Src/stm32f4xx_hal.c.obj
 .debug_loc     0x000005de      0xde6 CMakeFiles/test.elf.dir/Drivers/STM32F4xx_HAL_Driver/Src/stm32f4xx_hal_can.c.obj
 .debug_loc     0x000013c4      0x744 CMakeFiles/test.elf.dir/Drivers/STM32F4xx_HAL_Driver/Src/stm32f4xx_hal_cortex.c.obj
 .debug_loc     0x00001b08      0x213 CMakeFiles/test.elf.dir/Drivers/STM32F4xx_HAL_Driver/Src/stm32f4xx_hal_crc.c.obj
 .debug_loc     0x00001d1b      0x4ff CMakeFiles/test.elf.dir/Drivers/STM32F4xx_HAL_Driver/Src/stm32f4xx_hal_gpio.c.obj
 .debug_loc     0x0000221a      0x58c CMakeFiles/test.elf.dir/Drivers/STM32F4xx_HAL_Driver/Src/stm32f4xx_hal_rcc.c.obj
 .debug_loc     0x000027a6     0x12e6 CMakeFiles/test.elf.dir/Middlewares/Third_Party/FreeRTOS/Source/CMSIS_RTOS/cmsis_os.c.obj
 .debug_loc     0x00003a8c       0xad CMakeFiles/test.elf.dir/Middlewares/Third_Party/FreeRTOS/Source/list.c.obj
 .debug_loc     0x00003b39      0x124 CMakeFiles/test.elf.dir/Middlewares/Third_Party/FreeRTOS/Source/portable/GCC/ARM_CM4F/port.c.obj
 .debug_loc     0x00003c5d      0x331 CMakeFiles/test.elf.dir/Middlewares/Third_Party/FreeRTOS/Source/portable/MemMang/heap_4.c.obj
 .debug_loc     0x00003f8e     0x1dc0 CMakeFiles/test.elf.dir/Middlewares/Third_Party/FreeRTOS/Source/tasks.c.obj
 .debug_loc     0x00005d4e       0xfe CMakeFiles/test.elf.dir/Src/CAN_receive.c.obj
 .debug_loc     0x00005e4c       0xcb CMakeFiles/test.elf.dir/Src/can.c.obj
 .debug_loc     0x00005f17       0x6f CMakeFiles/test.elf.dir/Src/freertos.c.obj
 .debug_loc     0x00005f86      0x158 CMakeFiles/test.elf.dir/Src/system_stm32f4xx.c.obj
 .debug_loc     0x000060de      0xb46 CMakeFiles/test.elf.dir/UserLib/controller.c.obj
 .debug_loc     0x00006c24      0x219 CMakeFiles/test.elf.dir/UserLib/motor.c.obj
 .debug_loc     0x00006e3d      0x50c CMakeFiles/test.elf.dir/UserLib/user_lib.c.obj

.debug_aranges  0x00000000      0xd70
 .debug_aranges
                0x00000000       0x70 CMakeFiles/test.elf.dir/APP/Chassis.c.obj
 .debug_aranges
                0x00000070       0x38 CMakeFiles/test.elf.dir/APP/Detect.c.obj
 .debug_aranges
                0x000000a8       0x20 CMakeFiles/test.elf.dir/APP/Transmission.c.obj
 .debug_aranges
                0x000000c8       0x28 CMakeFiles/test.elf.dir/BSP/Src/bsp_can.c.obj
 .debug_aranges
                0x000000f0       0x38 CMakeFiles/test.elf.dir/BSP/Src/bsp_dwt.c.obj
 .debug_aranges
                0x00000128       0xf0 CMakeFiles/test.elf.dir/Drivers/STM32F4xx_HAL_Driver/Src/stm32f4xx_hal.c.obj
 .debug_aranges
                0x00000218      0x138 CMakeFiles/test.elf.dir/Drivers/STM32F4xx_HAL_Driver/Src/stm32f4xx_hal_can.c.obj
 .debug_aranges
                0x00000350       0xa8 CMakeFiles/test.elf.dir/Drivers/STM32F4xx_HAL_Driver/Src/stm32f4xx_hal_cortex.c.obj
 .debug_aranges
                0x000003f8       0x50 CMakeFiles/test.elf.dir/Drivers/STM32F4xx_HAL_Driver/Src/stm32f4xx_hal_crc.c.obj
 .debug_aranges
                0x00000448       0x58 CMakeFiles/test.elf.dir/Drivers/STM32F4xx_HAL_Driver/Src/stm32f4xx_hal_gpio.c.obj
 .debug_aranges
                0x000004a0       0x88 CMakeFiles/test.elf.dir/Drivers/STM32F4xx_HAL_Driver/Src/stm32f4xx_hal_rcc.c.obj
 .debug_aranges
                0x00000528      0x1d8 CMakeFiles/test.elf.dir/Middlewares/Third_Party/FreeRTOS/Source/CMSIS_RTOS/cmsis_os.c.obj
 .debug_aranges
                0x00000700       0x40 CMakeFiles/test.elf.dir/Middlewares/Third_Party/FreeRTOS/Source/list.c.obj
 .debug_aranges
                0x00000740       0x80 CMakeFiles/test.elf.dir/Middlewares/Third_Party/FreeRTOS/Source/portable/GCC/ARM_CM4F/port.c.obj
 .debug_aranges
                0x000007c0       0x50 CMakeFiles/test.elf.dir/Middlewares/Third_Party/FreeRTOS/Source/portable/MemMang/heap_4.c.obj
 .debug_aranges
                0x00000810      0x1a8 CMakeFiles/test.elf.dir/Middlewares/Third_Party/FreeRTOS/Source/tasks.c.obj
 .debug_aranges
                0x000009b8       0x58 CMakeFiles/test.elf.dir/Src/CAN_receive.c.obj
 .debug_aranges
                0x00000a10       0x38 CMakeFiles/test.elf.dir/Src/can.c.obj
 .debug_aranges
                0x00000a48       0x30 CMakeFiles/test.elf.dir/Src/crc.c.obj
 .debug_aranges
                0x00000a78       0x40 CMakeFiles/test.elf.dir/Src/freertos.c.obj
 .debug_aranges
                0x00000ab8       0x20 CMakeFiles/test.elf.dir/Src/gpio.c.obj
 .debug_aranges
                0x00000ad8       0x30 CMakeFiles/test.elf.dir/Src/main.c.obj
 .debug_aranges
                0x00000b08       0x20 CMakeFiles/test.elf.dir/Src/stm32f4xx_hal_msp.c.obj
 .debug_aranges
                0x00000b28       0x60 CMakeFiles/test.elf.dir/Src/stm32f4xx_it.c.obj
 .debug_aranges
                0x00000b88       0x28 CMakeFiles/test.elf.dir/Src/system_stm32f4xx.c.obj
 .debug_aranges
                0x00000bb0       0xc0 CMakeFiles/test.elf.dir/UserLib/controller.c.obj
 .debug_aranges
                0x00000c70       0x40 CMakeFiles/test.elf.dir/UserLib/motor.c.obj
 .debug_aranges
                0x00000cb0       0x98 CMakeFiles/test.elf.dir/UserLib/user_lib.c.obj
 .debug_aranges
                0x00000d48       0x28 CMakeFiles/test.elf.dir/startup/startup_stm32f407xx.s.obj

.debug_ranges   0x00000000      0xd58
 .debug_ranges  0x00000000       0x78 CMakeFiles/test.elf.dir/APP/Chassis.c.obj
 .debug_ranges  0x00000078       0x60 CMakeFiles/test.elf.dir/APP/Detect.c.obj
 .debug_ranges  0x000000d8       0x10 CMakeFiles/test.elf.dir/APP/Transmission.c.obj
 .debug_ranges  0x000000e8       0x18 CMakeFiles/test.elf.dir/BSP/Src/bsp_can.c.obj
 .debug_ranges  0x00000100       0x28 CMakeFiles/test.elf.dir/BSP/Src/bsp_dwt.c.obj
 .debug_ranges  0x00000128       0xe0 CMakeFiles/test.elf.dir/Drivers/STM32F4xx_HAL_Driver/Src/stm32f4xx_hal.c.obj
 .debug_ranges  0x00000208      0x128 CMakeFiles/test.elf.dir/Drivers/STM32F4xx_HAL_Driver/Src/stm32f4xx_hal_can.c.obj
 .debug_ranges  0x00000330       0xf8 CMakeFiles/test.elf.dir/Drivers/STM32F4xx_HAL_Driver/Src/stm32f4xx_hal_cortex.c.obj
 .debug_ranges  0x00000428       0x40 CMakeFiles/test.elf.dir/Drivers/STM32F4xx_HAL_Driver/Src/stm32f4xx_hal_crc.c.obj
 .debug_ranges  0x00000468       0x48 CMakeFiles/test.elf.dir/Drivers/STM32F4xx_HAL_Driver/Src/stm32f4xx_hal_gpio.c.obj
 .debug_ranges  0x000004b0       0x90 CMakeFiles/test.elf.dir/Drivers/STM32F4xx_HAL_Driver/Src/stm32f4xx_hal_rcc.c.obj
 .debug_ranges  0x00000540      0x1c8 CMakeFiles/test.elf.dir/Middlewares/Third_Party/FreeRTOS/Source/CMSIS_RTOS/cmsis_os.c.obj
 .debug_ranges  0x00000708       0x30 CMakeFiles/test.elf.dir/Middlewares/Third_Party/FreeRTOS/Source/list.c.obj
 .debug_ranges  0x00000738       0x88 CMakeFiles/test.elf.dir/Middlewares/Third_Party/FreeRTOS/Source/portable/GCC/ARM_CM4F/port.c.obj
 .debug_ranges  0x000007c0       0x40 CMakeFiles/test.elf.dir/Middlewares/Third_Party/FreeRTOS/Source/portable/MemMang/heap_4.c.obj
 .debug_ranges  0x00000800      0x268 CMakeFiles/test.elf.dir/Middlewares/Third_Party/FreeRTOS/Source/tasks.c.obj
 .debug_ranges  0x00000a68       0x48 CMakeFiles/test.elf.dir/Src/CAN_receive.c.obj
 .debug_ranges  0x00000ab0       0x28 CMakeFiles/test.elf.dir/Src/can.c.obj
 .debug_ranges  0x00000ad8       0x20 CMakeFiles/test.elf.dir/Src/crc.c.obj
 .debug_ranges  0x00000af8       0x30 CMakeFiles/test.elf.dir/Src/freertos.c.obj
 .debug_ranges  0x00000b28       0x10 CMakeFiles/test.elf.dir/Src/gpio.c.obj
 .debug_ranges  0x00000b38       0x20 CMakeFiles/test.elf.dir/Src/main.c.obj
 .debug_ranges  0x00000b58       0x10 CMakeFiles/test.elf.dir/Src/stm32f4xx_hal_msp.c.obj
 .debug_ranges  0x00000b68       0x50 CMakeFiles/test.elf.dir/Src/stm32f4xx_it.c.obj
 .debug_ranges  0x00000bb8       0x18 CMakeFiles/test.elf.dir/Src/system_stm32f4xx.c.obj
 .debug_ranges  0x00000bd0       0xb0 CMakeFiles/test.elf.dir/UserLib/controller.c.obj
 .debug_ranges  0x00000c80       0x30 CMakeFiles/test.elf.dir/UserLib/motor.c.obj
 .debug_ranges  0x00000cb0       0x88 CMakeFiles/test.elf.dir/UserLib/user_lib.c.obj
 .debug_ranges  0x00000d38       0x20 CMakeFiles/test.elf.dir/startup/startup_stm32f407xx.s.obj

.debug_line     0x00000000     0xd21c
 .debug_line    0x00000000      0x8bc CMakeFiles/test.elf.dir/APP/Chassis.c.obj
 .debug_line    0x000008bc      0x46a CMakeFiles/test.elf.dir/APP/Detect.c.obj
 .debug_line    0x00000d26      0x211 CMakeFiles/test.elf.dir/APP/Transmission.c.obj
 .debug_line    0x00000f37      0x3a0 CMakeFiles/test.elf.dir/BSP/Src/bsp_can.c.obj
 .debug_line    0x000012d7      0x23a CMakeFiles/test.elf.dir/BSP/Src/bsp_dwt.c.obj
 .debug_line    0x00001511      0x5a1 CMakeFiles/test.elf.dir/Drivers/STM32F4xx_HAL_Driver/Src/stm32f4xx_hal.c.obj
 .debug_line    0x00001ab2     0x1119 CMakeFiles/test.elf.dir/Drivers/STM32F4xx_HAL_Driver/Src/stm32f4xx_hal_can.c.obj
 .debug_line    0x00002bcb      0x7b4 CMakeFiles/test.elf.dir/Drivers/STM32F4xx_HAL_Driver/Src/stm32f4xx_hal_cortex.c.obj
 .debug_line    0x0000337f      0x3ef CMakeFiles/test.elf.dir/Drivers/STM32F4xx_HAL_Driver/Src/stm32f4xx_hal_crc.c.obj
 .debug_line    0x0000376e      0x6fa CMakeFiles/test.elf.dir/Drivers/STM32F4xx_HAL_Driver/Src/stm32f4xx_hal_gpio.c.obj
 .debug_line    0x00003e68      0xb2f CMakeFiles/test.elf.dir/Drivers/STM32F4xx_HAL_Driver/Src/stm32f4xx_hal_rcc.c.obj
 .debug_line    0x00004997     0x11c6 CMakeFiles/test.elf.dir/Middlewares/Third_Party/FreeRTOS/Source/CMSIS_RTOS/cmsis_os.c.obj
 .debug_line    0x00005b5d      0x377 CMakeFiles/test.elf.dir/Middlewares/Third_Party/FreeRTOS/Source/list.c.obj
 .debug_line    0x00005ed4      0x723 CMakeFiles/test.elf.dir/Middlewares/Third_Party/FreeRTOS/Source/portable/GCC/ARM_CM4F/port.c.obj
 .debug_line    0x000065f7      0x655 CMakeFiles/test.elf.dir/Middlewares/Third_Party/FreeRTOS/Source/portable/MemMang/heap_4.c.obj
 .debug_line    0x00006c4c     0x23d6 CMakeFiles/test.elf.dir/Middlewares/Third_Party/FreeRTOS/Source/tasks.c.obj
 .debug_line    0x00009022      0x729 CMakeFiles/test.elf.dir/Src/CAN_receive.c.obj
 .debug_line    0x0000974b      0x4f5 CMakeFiles/test.elf.dir/Src/can.c.obj
 .debug_line    0x00009c40      0x247 CMakeFiles/test.elf.dir/Src/crc.c.obj
 .debug_line    0x00009e87      0x2e4 CMakeFiles/test.elf.dir/Src/freertos.c.obj
 .debug_line    0x0000a16b      0x1d5 CMakeFiles/test.elf.dir/Src/gpio.c.obj
 .debug_line    0x0000a340      0x433 CMakeFiles/test.elf.dir/Src/main.c.obj
 .debug_line    0x0000a773      0x1b0 CMakeFiles/test.elf.dir/Src/stm32f4xx_hal_msp.c.obj
 .debug_line    0x0000a923      0x3c8 CMakeFiles/test.elf.dir/Src/stm32f4xx_it.c.obj
 .debug_line    0x0000aceb      0x271 CMakeFiles/test.elf.dir/Src/system_stm32f4xx.c.obj
 .debug_line    0x0000af5c     0x13c4 CMakeFiles/test.elf.dir/UserLib/controller.c.obj
 .debug_line    0x0000c320      0x32a CMakeFiles/test.elf.dir/UserLib/motor.c.obj
 .debug_line    0x0000c64a      0xb39 CMakeFiles/test.elf.dir/UserLib/user_lib.c.obj
 .debug_line    0x0000d183       0x99 CMakeFiles/test.elf.dir/startup/startup_stm32f407xx.s.obj

.debug_str      0x00000000     0x553e
 .debug_str     0x00000000      0xf30 CMakeFiles/test.elf.dir/APP/Chassis.c.obj
                               0x10e4 (size before relaxing)
 .debug_str     0x00000f30      0x145 CMakeFiles/test.elf.dir/APP/Detect.c.obj
                                0x41e (size before relaxing)
 .debug_str     0x00001075       0x84 CMakeFiles/test.elf.dir/APP/Transmission.c.obj
                                0x26e (size before relaxing)
 .debug_str     0x000010f9      0x183 CMakeFiles/test.elf.dir/BSP/Src/bsp_can.c.obj
                                0x66c (size before relaxing)
 .debug_str     0x0000127c      0x277 CMakeFiles/test.elf.dir/BSP/Src/bsp_dwt.c.obj
                                0x39b (size before relaxing)
 .debug_str     0x000014f3      0x94b CMakeFiles/test.elf.dir/Drivers/STM32F4xx_HAL_Driver/Src/stm32f4xx_hal.c.obj
                                0xba3 (size before relaxing)
 .debug_str     0x00001e3e      0x480 CMakeFiles/test.elf.dir/Drivers/STM32F4xx_HAL_Driver/Src/stm32f4xx_hal_can.c.obj
                                0xa94 (size before relaxing)
 .debug_str     0x000022be      0x4b3 CMakeFiles/test.elf.dir/Drivers/STM32F4xx_HAL_Driver/Src/stm32f4xx_hal_cortex.c.obj
                                0xc75 (size before relaxing)
 .debug_str     0x00002771      0x1b1 CMakeFiles/test.elf.dir/Drivers/STM32F4xx_HAL_Driver/Src/stm32f4xx_hal_crc.c.obj
                                0x3ec (size before relaxing)
 .debug_str     0x00002922      0x1a4 CMakeFiles/test.elf.dir/Drivers/STM32F4xx_HAL_Driver/Src/stm32f4xx_hal_gpio.c.obj
                                0x529 (size before relaxing)
 .debug_str     0x00002ac6      0x331 CMakeFiles/test.elf.dir/Drivers/STM32F4xx_HAL_Driver/Src/stm32f4xx_hal_rcc.c.obj
                                0x74f (size before relaxing)
 .debug_str     0x00002df7      0xd9f CMakeFiles/test.elf.dir/Middlewares/Third_Party/FreeRTOS/Source/CMSIS_RTOS/cmsis_os.c.obj
                               0x1096 (size before relaxing)
 .debug_str     0x00003b96      0x154 CMakeFiles/test.elf.dir/Middlewares/Third_Party/FreeRTOS/Source/list.c.obj
                                0x34b (size before relaxing)
 .debug_str     0x00003cea      0x254 CMakeFiles/test.elf.dir/Middlewares/Third_Party/FreeRTOS/Source/portable/GCC/ARM_CM4F/port.c.obj
                                0x4cb (size before relaxing)
 .debug_str     0x00003f3e      0x203 CMakeFiles/test.elf.dir/Middlewares/Third_Party/FreeRTOS/Source/portable/MemMang/heap_4.c.obj
                                0x434 (size before relaxing)
 .debug_str     0x00004141      0x900 CMakeFiles/test.elf.dir/Middlewares/Third_Party/FreeRTOS/Source/tasks.c.obj
                               0x101f (size before relaxing)
 .debug_str     0x00004a41      0x1db CMakeFiles/test.elf.dir/Src/CAN_receive.c.obj
                               0x106d (size before relaxing)
 .debug_str     0x00004c1c       0x73 CMakeFiles/test.elf.dir/Src/can.c.obj
                                0xbc5 (size before relaxing)
 .debug_str     0x00004c8f       0x3e CMakeFiles/test.elf.dir/Src/crc.c.obj
                                0x45d (size before relaxing)
 .debug_str     0x00004ccd       0xfe CMakeFiles/test.elf.dir/Src/freertos.c.obj
                                0x55c (size before relaxing)
 .debug_str     0x00004dcb       0x36 CMakeFiles/test.elf.dir/Src/gpio.c.obj
                                0x3b0 (size before relaxing)
 .debug_str     0x00004e01       0x60 CMakeFiles/test.elf.dir/Src/main.c.obj
                                0x59b (size before relaxing)
 .debug_str     0x00004e61       0x36 CMakeFiles/test.elf.dir/Src/stm32f4xx_hal_msp.c.obj
                                0x802 (size before relaxing)
 .debug_str     0x00004e97       0xce CMakeFiles/test.elf.dir/Src/stm32f4xx_it.c.obj
                                0x588 (size before relaxing)
 .debug_str     0x00004f65       0x60 CMakeFiles/test.elf.dir/Src/system_stm32f4xx.c.obj
                                0x3b9 (size before relaxing)
 .debug_str     0x00004fc5      0x389 CMakeFiles/test.elf.dir/UserLib/controller.c.obj
                                0x9e7 (size before relaxing)
 .debug_str     0x0000534e       0xa7 CMakeFiles/test.elf.dir/UserLib/motor.c.obj
                                0x7cd (size before relaxing)
 .debug_str     0x000053f5       0xff CMakeFiles/test.elf.dir/UserLib/user_lib.c.obj
                                0x3cf (size before relaxing)
 .debug_str     0x000054f4       0x4a CMakeFiles/test.elf.dir/startup/startup_stm32f407xx.s.obj
                                 0x86 (size before relaxing)

.comment        0x00000000       0x96
 .comment       0x00000000       0x49 CMakeFiles/test.elf.dir/APP/Chassis.c.obj
                                 0x4a (size before relaxing)
 .comment       0x00000049       0x4a CMakeFiles/test.elf.dir/APP/Detect.c.obj
 .comment       0x00000049       0x4a CMakeFiles/test.elf.dir/APP/Transmission.c.obj
 .comment       0x00000049       0x4a CMakeFiles/test.elf.dir/BSP/Src/bsp_can.c.obj
 .comment       0x00000049       0x4d CMakeFiles/test.elf.dir/BSP/Src/bsp_dwt.c.obj
                                 0x4e (size before relaxing)
 .comment       0x00000096       0x4e CMakeFiles/test.elf.dir/Drivers/STM32F4xx_HAL_Driver/Src/stm32f4xx_hal.c.obj
 .comment       0x00000096       0x4e CMakeFiles/test.elf.dir/Drivers/STM32F4xx_HAL_Driver/Src/stm32f4xx_hal_can.c.obj
 .comment       0x00000096       0x4e CMakeFiles/test.elf.dir/Drivers/STM32F4xx_HAL_Driver/Src/stm32f4xx_hal_cortex.c.obj
 .comment       0x00000096       0x4e CMakeFiles/test.elf.dir/Drivers/STM32F4xx_HAL_Driver/Src/stm32f4xx_hal_crc.c.obj
 .comment       0x00000096       0x4e CMakeFiles/test.elf.dir/Drivers/STM32F4xx_HAL_Driver/Src/stm32f4xx_hal_gpio.c.obj
 .comment       0x00000096       0x4e CMakeFiles/test.elf.dir/Drivers/STM32F4xx_HAL_Driver/Src/stm32f4xx_hal_rcc.c.obj
 .comment       0x00000096       0x4e CMakeFiles/test.elf.dir/Middlewares/Third_Party/FreeRTOS/Source/CMSIS_RTOS/cmsis_os.c.obj
 .comment       0x00000096       0x4e CMakeFiles/test.elf.dir/Middlewares/Third_Party/FreeRTOS/Source/list.c.obj
 .comment       0x00000096       0x4e CMakeFiles/test.elf.dir/Middlewares/Third_Party/FreeRTOS/Source/portable/GCC/ARM_CM4F/port.c.obj
 .comment       0x00000096       0x4e CMakeFiles/test.elf.dir/Middlewares/Third_Party/FreeRTOS/Source/portable/MemMang/heap_4.c.obj
 .comment       0x00000096       0x4e CMakeFiles/test.elf.dir/Middlewares/Third_Party/FreeRTOS/Source/tasks.c.obj
 .comment       0x00000096       0x4a CMakeFiles/test.elf.dir/Src/CAN_receive.c.obj
 .comment       0x00000096       0x4e CMakeFiles/test.elf.dir/Src/can.c.obj
 .comment       0x00000096       0x4e CMakeFiles/test.elf.dir/Src/crc.c.obj
 .comment       0x00000096       0x4e CMakeFiles/test.elf.dir/Src/freertos.c.obj
 .comment       0x00000096       0x4e CMakeFiles/test.elf.dir/Src/gpio.c.obj
 .comment       0x00000096       0x4a CMakeFiles/test.elf.dir/Src/main.c.obj
 .comment       0x00000096       0x4e CMakeFiles/test.elf.dir/Src/stm32f4xx_hal_msp.c.obj
 .comment       0x00000096       0x4e CMakeFiles/test.elf.dir/Src/stm32f4xx_it.c.obj
 .comment       0x00000096       0x4e CMakeFiles/test.elf.dir/Src/system_stm32f4xx.c.obj
 .comment       0x00000096       0x4a CMakeFiles/test.elf.dir/UserLib/controller.c.obj
 .comment       0x00000096       0x4a CMakeFiles/test.elf.dir/UserLib/motor.c.obj
 .comment       0x00000096       0x4e CMakeFiles/test.elf.dir/UserLib/user_lib.c.obj

.debug_frame    0x00000000     0x2324
 .debug_frame   0x00000000      0x134 CMakeFiles/test.elf.dir/APP/Chassis.c.obj
 .debug_frame   0x00000134       0x64 CMakeFiles/test.elf.dir/APP/Detect.c.obj
 .debug_frame   0x00000198       0x28 CMakeFiles/test.elf.dir/APP/Transmission.c.obj
 .debug_frame   0x000001c0       0x54 CMakeFiles/test.elf.dir/BSP/Src/bsp_can.c.obj
 .debug_frame   0x00000214       0x88 CMakeFiles/test.elf.dir/BSP/Src/bsp_dwt.c.obj
 .debug_frame   0x0000029c      0x1ec CMakeFiles/test.elf.dir/Drivers/STM32F4xx_HAL_Driver/Src/stm32f4xx_hal.c.obj
 .debug_frame   0x00000488      0x2d8 CMakeFiles/test.elf.dir/Drivers/STM32F4xx_HAL_Driver/Src/stm32f4xx_hal_can.c.obj
 .debug_frame   0x00000760      0x148 CMakeFiles/test.elf.dir/Drivers/STM32F4xx_HAL_Driver/Src/stm32f4xx_hal_cortex.c.obj
 .debug_frame   0x000008a8       0xb8 CMakeFiles/test.elf.dir/Drivers/STM32F4xx_HAL_Driver/Src/stm32f4xx_hal_crc.c.obj
 .debug_frame   0x00000960       0xd8 CMakeFiles/test.elf.dir/Drivers/STM32F4xx_HAL_Driver/Src/stm32f4xx_hal_gpio.c.obj
 .debug_frame   0x00000a38      0x16c CMakeFiles/test.elf.dir/Drivers/STM32F4xx_HAL_Driver/Src/stm32f4xx_hal_rcc.c.obj
 .debug_frame   0x00000ba4      0x58c CMakeFiles/test.elf.dir/Middlewares/Third_Party/FreeRTOS/Source/CMSIS_RTOS/cmsis_os.c.obj
 .debug_frame   0x00001130       0x70 CMakeFiles/test.elf.dir/Middlewares/Third_Party/FreeRTOS/Source/list.c.obj
 .debug_frame   0x000011a0      0x110 CMakeFiles/test.elf.dir/Middlewares/Third_Party/FreeRTOS/Source/portable/GCC/ARM_CM4F/port.c.obj
 .debug_frame   0x000012b0       0xb0 CMakeFiles/test.elf.dir/Middlewares/Third_Party/FreeRTOS/Source/portable/MemMang/heap_4.c.obj
 .debug_frame   0x00001360      0x558 CMakeFiles/test.elf.dir/Middlewares/Third_Party/FreeRTOS/Source/tasks.c.obj
 .debug_frame   0x000018b8       0xc4 CMakeFiles/test.elf.dir/Src/CAN_receive.c.obj
 .debug_frame   0x0000197c       0x78 CMakeFiles/test.elf.dir/Src/can.c.obj
 .debug_frame   0x000019f4       0x50 CMakeFiles/test.elf.dir/Src/crc.c.obj
 .debug_frame   0x00001a44       0x88 CMakeFiles/test.elf.dir/Src/freertos.c.obj
 .debug_frame   0x00001acc       0x30 CMakeFiles/test.elf.dir/Src/gpio.c.obj
 .debug_frame   0x00001afc       0x58 CMakeFiles/test.elf.dir/Src/main.c.obj
 .debug_frame   0x00001b54       0x2c CMakeFiles/test.elf.dir/Src/stm32f4xx_hal_msp.c.obj
 .debug_frame   0x00001b80       0xb8 CMakeFiles/test.elf.dir/Src/stm32f4xx_it.c.obj
 .debug_frame   0x00001c38       0x30 CMakeFiles/test.elf.dir/Src/system_stm32f4xx.c.obj
 .debug_frame   0x00001c68      0x268 CMakeFiles/test.elf.dir/UserLib/controller.c.obj
 .debug_frame   0x00001ed0       0xc0 CMakeFiles/test.elf.dir/UserLib/motor.c.obj
 .debug_frame   0x00001f90      0x13c CMakeFiles/test.elf.dir/UserLib/user_lib.c.obj
 .debug_frame   0x000020cc       0x2c c:/gcc-arm-none-eabi/bin/../lib/gcc/arm-none-eabi/10.3.1/thumb/v7e-m+fp/hard\libgcc.a(_aeabi_uldivmod.o)
 .debug_frame   0x000020f8       0x34 c:/gcc-arm-none-eabi/bin/../lib/gcc/arm-none-eabi/10.3.1/thumb/v7e-m+fp/hard\libgcc.a(_udivmoddi4.o)
 .debug_frame   0x0000212c       0x2c c:/gcc-arm-none-eabi/bin/../lib/gcc/arm-none-eabi/10.3.1/../../../../arm-none-eabi/lib/thumb/v7e-m+fp/hard\libg.a(lib_a-init.o)
 .debug_frame   0x00002158       0x2c c:/gcc-arm-none-eabi/bin/../lib/gcc/arm-none-eabi/10.3.1/../../../../arm-none-eabi/lib/thumb/v7e-m+fp/hard\libg.a(lib_a-memset.o)
 .debug_frame   0x00002184       0x68 c:/gcc-arm-none-eabi/bin/../lib/gcc/arm-none-eabi/10.3.1/../../../../arm-none-eabi/lib/thumb/v7e-m+fp/hard\libg.a(lib_a-__call_atexit.o)
 .debug_frame   0x000021ec       0x20 c:/gcc-arm-none-eabi/bin/../lib/gcc/arm-none-eabi/10.3.1/../../../../arm-none-eabi/lib/thumb/v7e-m+fp/hard\libg.a(lib_a-atexit.o)
 .debug_frame   0x0000220c       0x34 c:/gcc-arm-none-eabi/bin/../lib/gcc/arm-none-eabi/10.3.1/../../../../arm-none-eabi/lib/thumb/v7e-m+fp/hard\libg.a(lib_a-fini.o)
 .debug_frame   0x00002240       0xb0 c:/gcc-arm-none-eabi/bin/../lib/gcc/arm-none-eabi/10.3.1/../../../../arm-none-eabi/lib/thumb/v7e-m+fp/hard\libg.a(lib_a-lock.o)
 .debug_frame   0x000022f0       0x34 c:/gcc-arm-none-eabi/bin/../lib/gcc/arm-none-eabi/10.3.1/../../../../arm-none-eabi/lib/thumb/v7e-m+fp/hard\libg.a(lib_a-__atexit.o)
