Archive member included to satisfy reference by file (symbol)

c:/gcc-arm-none-eabi/bin/../lib/gcc/arm-none-eabi/10.3.1/thumb/v7e-m+fp/hard\libgcc.a(_arm_addsubdf3.o)
                              CMakeFiles/test.elf.dir/BSP/Src/bsp_dwt.c.obj (__aeabi_ui2d)
c:/gcc-arm-none-eabi/bin/../lib/gcc/arm-none-eabi/10.3.1/thumb/v7e-m+fp/hard\libgcc.a(_arm_muldivdf3.o)
                              CMakeFiles/test.elf.dir/BSP/Src/bsp_dwt.c.obj (__aeabi_ddiv)
c:/gcc-arm-none-eabi/bin/../lib/gcc/arm-none-eabi/10.3.1/thumb/v7e-m+fp/hard\libgcc.a(_arm_truncdfsf2.o)
                              CMakeFiles/test.elf.dir/UserLib/controller.c.obj (__aeabi_d2f)
c:/gcc-arm-none-eabi/bin/../lib/gcc/arm-none-eabi/10.3.1/thumb/v7e-m+fp/hard\libgcc.a(_arm_addsubsf3.o)
                              CMakeFiles/test.elf.dir/BSP/Src/bsp_dwt.c.obj (__aeabi_ul2f)
c:/gcc-arm-none-eabi/bin/../lib/gcc/arm-none-eabi/10.3.1/thumb/v7e-m+fp/hard\libgcc.a(_aeabi_uldivmod.o)
                              CMakeFiles/test.elf.dir/Drivers/STM32F4xx_HAL_Driver/Src/stm32f4xx_hal_rcc.c.obj (__aeabi_uldivmod)
c:/gcc-arm-none-eabi/bin/../lib/gcc/arm-none-eabi/10.3.1/thumb/v7e-m+fp/hard\libgcc.a(_udivmoddi4.o)
                              c:/gcc-arm-none-eabi/bin/../lib/gcc/arm-none-eabi/10.3.1/thumb/v7e-m+fp/hard\libgcc.a(_aeabi_uldivmod.o) (__udivmoddi4)
c:/gcc-arm-none-eabi/bin/../lib/gcc/arm-none-eabi/10.3.1/thumb/v7e-m+fp/hard\libgcc.a(_dvmd_tls.o)
                              c:/gcc-arm-none-eabi/bin/../lib/gcc/arm-none-eabi/10.3.1/thumb/v7e-m+fp/hard\libgcc.a(_aeabi_uldivmod.o) (__aeabi_ldiv0)
c:/gcc-arm-none-eabi/bin/../lib/gcc/arm-none-eabi/10.3.1/../../../../arm-none-eabi/lib/thumb/v7e-m+fp/hard\libg.a(lib_a-errno.o)
                              CMakeFiles/test.elf.dir/Src/syscalls.c.obj (__errno)
c:/gcc-arm-none-eabi/bin/../lib/gcc/arm-none-eabi/10.3.1/../../../../arm-none-eabi/lib/thumb/v7e-m+fp/hard\libg.a(lib_a-exit.o)
                              c:/gcc-arm-none-eabi/bin/../lib/gcc/arm-none-eabi/10.3.1/../../../../arm-none-eabi/lib/thumb/v7e-m+fp/hard/crt0.o (exit)
c:/gcc-arm-none-eabi/bin/../lib/gcc/arm-none-eabi/10.3.1/../../../../arm-none-eabi/lib/thumb/v7e-m+fp/hard\libg.a(lib_a-impure.o)
                              c:/gcc-arm-none-eabi/bin/../lib/gcc/arm-none-eabi/10.3.1/../../../../arm-none-eabi/lib/thumb/v7e-m+fp/hard\libg.a(lib_a-exit.o) (_global_impure_ptr)
c:/gcc-arm-none-eabi/bin/../lib/gcc/arm-none-eabi/10.3.1/../../../../arm-none-eabi/lib/thumb/v7e-m+fp/hard\libg.a(lib_a-init.o)
                              c:/gcc-arm-none-eabi/bin/../lib/gcc/arm-none-eabi/10.3.1/../../../../arm-none-eabi/lib/thumb/v7e-m+fp/hard/crt0.o (__libc_init_array)
c:/gcc-arm-none-eabi/bin/../lib/gcc/arm-none-eabi/10.3.1/../../../../arm-none-eabi/lib/thumb/v7e-m+fp/hard\libg.a(lib_a-memcpy.o)
                              CMakeFiles/test.elf.dir/Middlewares/Third_Party/FreeRTOS/Source/queue.c.obj (memcpy)
c:/gcc-arm-none-eabi/bin/../lib/gcc/arm-none-eabi/10.3.1/../../../../arm-none-eabi/lib/thumb/v7e-m+fp/hard\libg.a(lib_a-memset.o)
                              c:/gcc-arm-none-eabi/bin/../lib/gcc/arm-none-eabi/10.3.1/../../../../arm-none-eabi/lib/thumb/v7e-m+fp/hard/crt0.o (memset)
c:/gcc-arm-none-eabi/bin/../lib/gcc/arm-none-eabi/10.3.1/../../../../arm-none-eabi/lib/thumb/v7e-m+fp/hard\libg.a(lib_a-__call_atexit.o)
                              c:/gcc-arm-none-eabi/bin/../lib/gcc/arm-none-eabi/10.3.1/../../../../arm-none-eabi/lib/thumb/v7e-m+fp/hard\libg.a(lib_a-exit.o) (__call_exitprocs)
c:/gcc-arm-none-eabi/bin/../lib/gcc/arm-none-eabi/10.3.1/../../../../arm-none-eabi/lib/thumb/v7e-m+fp/hard\libg.a(lib_a-atexit.o)
                              c:/gcc-arm-none-eabi/bin/../lib/gcc/arm-none-eabi/10.3.1/../../../../arm-none-eabi/lib/thumb/v7e-m+fp/hard\libg.a(lib_a-__call_atexit.o) (atexit)
c:/gcc-arm-none-eabi/bin/../lib/gcc/arm-none-eabi/10.3.1/../../../../arm-none-eabi/lib/thumb/v7e-m+fp/hard\libg.a(lib_a-fini.o)
                              c:/gcc-arm-none-eabi/bin/../lib/gcc/arm-none-eabi/10.3.1/../../../../arm-none-eabi/lib/thumb/v7e-m+fp/hard\libg.a(lib_a-__call_atexit.o) (__libc_fini_array)
c:/gcc-arm-none-eabi/bin/../lib/gcc/arm-none-eabi/10.3.1/../../../../arm-none-eabi/lib/thumb/v7e-m+fp/hard\libg.a(lib_a-lock.o)
                              c:/gcc-arm-none-eabi/bin/../lib/gcc/arm-none-eabi/10.3.1/../../../../arm-none-eabi/lib/thumb/v7e-m+fp/hard\libg.a(lib_a-__call_atexit.o) (__retarget_lock_acquire_recursive)
c:/gcc-arm-none-eabi/bin/../lib/gcc/arm-none-eabi/10.3.1/../../../../arm-none-eabi/lib/thumb/v7e-m+fp/hard\libg.a(lib_a-__atexit.o)
                              c:/gcc-arm-none-eabi/bin/../lib/gcc/arm-none-eabi/10.3.1/../../../../arm-none-eabi/lib/thumb/v7e-m+fp/hard\libg.a(lib_a-atexit.o) (__register_exitproc)
c:/gcc-arm-none-eabi/bin/../lib/gcc/arm-none-eabi/10.3.1/../../../../arm-none-eabi/lib/thumb/v7e-m+fp/hard\libm.a(lib_a-sf_cos.o)
                              CMakeFiles/test.elf.dir/APP/Chassis.c.obj (cosf)
[...]
Memory Configuration

Name             Origin             Length             Attributes
RAM              0x20000000         0x00020000         xrw
CCMRAM           0x10000000         0x00010000         xrw
FLASH            0x08000000         0x00100000         xr
*default*        0x00000000         0xffffffff

Linker script and memory map

LOAD c:/gcc-arm-none-eabi/bin/../lib/gcc/arm-none-eabi/10.3.1/thumb/v7e-m+fp/hard/crti.o
LOAD c:/gcc-arm-none-eabi/bin/../lib/gcc/arm-none-eabi/10.3.1/thumb/v7e-m+fp/hard/crtbegin.o
LOAD c:/gcc-arm-none-eabi/bin/../lib/gcc/arm-none-eabi/10.3.1/../../../../arm-none-eabi/lib/thumb/v7e-m+fp/hard/crt0.o
LOAD CMakeFiles/test.elf.dir/APP/Chassis.c.obj
LOAD CMakeFiles/test.elf.dir/APP/Detect.c.obj
LOAD CMakeFiles/test.elf.dir/APP/Transmission.c.obj
LOAD CMakeFiles/test.elf.dir/BSP/Src/bsp_can.c.obj
LOAD CMakeFiles/test.elf.dir/BSP/Src/bsp_dwt.c.obj
LOAD CMakeFiles/test.elf.dir/Drivers/STM32F4xx_HAL_Driver/Src/stm32f4xx_hal.c.obj
LOAD CMakeFiles/test.elf.dir/Drivers/STM32F4xx_HAL_Driver/Src/stm32f4xx_hal_can.c.obj
LOAD CMakeFiles/test.elf.dir/Drivers/STM32F4xx_HAL_Driver/Src/stm32f4xx_hal_cortex.c.obj
LOAD CMakeFiles/test.elf.dir/Drivers/STM32F4xx_HAL_Driver/Src/stm32f4xx_hal_crc.c.obj
LOAD CMakeFiles/test.elf.dir/Drivers/STM32F4xx_HAL_Driver/Src/stm32f4xx_hal_dma.c.obj
LOAD CMakeFiles/test.elf.dir/Drivers/STM32F4xx_HAL_Driver/Src/stm32f4xx_hal_dma_ex.c.obj
LOAD CMakeFiles/test.elf.dir/Drivers/STM32F4xx_HAL_Driver/Src/stm32f4xx_hal_exti.c.obj
LOAD CMakeFiles/test.elf.dir/Drivers/STM32F4xx_HAL_Driver/Src/stm32f4xx_hal_flash.c.obj
LOAD CMakeFiles/test.elf.dir/Drivers/STM32F4xx_HAL_Driver/Src/stm32f4xx_hal_flash_ex.c.obj
LOAD CMakeFiles/test.elf.dir/Drivers/STM32F4xx_HAL_Driver/Src/stm32f4xx_hal_flash_ramfunc.c.obj
LOAD CMakeFiles/test.elf.dir/Drivers/STM32F4xx_HAL_Driver/Src/stm32f4xx_hal_gpio.c.obj
LOAD CMakeFiles/test.elf.dir/Drivers/STM32F4xx_HAL_Driver/Src/stm32f4xx_hal_pwr.c.obj
LOAD CMakeFiles/test.elf.dir/Drivers/STM32F4xx_HAL_Driver/Src/stm32f4xx_hal_pwr_ex.c.obj
LOAD CMakeFiles/test.elf.dir/Drivers/STM32F4xx_HAL_Driver/Src/stm32f4xx_hal_rcc.c.obj
LOAD CMakeFiles/test.elf.dir/Drivers/STM32F4xx_HAL_Driver/Src/stm32f4xx_hal_rcc_ex.c.obj
LOAD CMakeFiles/test.elf.dir/Drivers/STM32F4xx_HAL_Driver/Src/stm32f4xx_hal_tim.c.obj
LOAD CMakeFiles/test.elf.dir/Drivers/STM32F4xx_HAL_Driver/Src/stm32f4xx_hal_tim_ex.c.obj
LOAD CMakeFiles/test.elf.dir/Middlewares/Third_Party/FreeRTOS/Source/CMSIS_RTOS/cmsis_os.c.obj
LOAD CMakeFiles/test.elf.dir/Middlewares/Third_Party/FreeRTOS/Source/croutine.c.obj
LOAD CMakeFiles/test.elf.dir/Middlewares/Third_Party/FreeRTOS/Source/event_groups.c.obj
LOAD CMakeFiles/test.elf.dir/Middlewares/Third_Party/FreeRTOS/Source/list.c.obj
LOAD CMakeFiles/test.elf.dir/Middlewares/Third_Party/FreeRTOS/Source/portable/GCC/ARM_CM4F/port.c.obj
LOAD CMakeFiles/test.elf.dir/Middlewares/Third_Party/FreeRTOS/Source/portable/MemMang/heap_4.c.obj
LOAD CMakeFiles/test.elf.dir/Middlewares/Third_Party/FreeRTOS/Source/queue.c.obj
LOAD CMakeFiles/test.elf.dir/Middlewares/Third_Party/FreeRTOS/Source/stream_buffer.c.obj
LOAD CMakeFiles/test.elf.dir/Middlewares/Third_Party/FreeRTOS/Source/tasks.c.obj
LOAD CMakeFiles/test.elf.dir/Middlewares/Third_Party/FreeRTOS/Source/timers.c.obj
LOAD CMakeFiles/test.elf.dir/Src/can.c.obj
LOAD CMakeFiles/test.elf.dir/Src/crc.c.obj
LOAD CMakeFiles/test.elf.dir/Src/freertos.c.obj
LOAD CMakeFiles/test.elf.dir/Src/gpio.c.obj
LOAD CMakeFiles/test.elf.dir/Src/main.c.obj
LOAD CMakeFiles/test.elf.dir/Src/stm32f4xx_hal_msp.c.obj
LOAD CMakeFiles/test.elf.dir/Src/stm32f4xx_it.c.obj
LOAD CMakeFiles/test.elf.dir/Src/syscalls.c.obj
LOAD CMakeFiles/test.elf.dir/Src/system_stm32f4xx.c.obj
LOAD CMakeFiles/test.elf.dir/UserLib/controller.c.obj
LOAD CMakeFiles/test.elf.dir/UserLib/filter32.c.obj
LOAD CMakeFiles/test.elf.dir/UserLib/motor.c.obj
LOAD CMakeFiles/test.elf.dir/UserLib/pid.c.obj
LOAD CMakeFiles/test.elf.dir/UserLib/user_lib.c.obj
LOAD CMakeFiles/test.elf.dir/startup/startup_stm32f407xx.s.obj
START GROUP
LOAD c:/gcc-arm-none-eabi/bin/../lib/gcc/arm-none-eabi/10.3.1/thumb/v7e-m+fp/hard\libgcc.a
LOAD c:/gcc-arm-none-eabi/bin/../lib/gcc/arm-none-eabi/10.3.1/../../../../arm-none-eabi/lib/thumb/v7e-m+fp/hard\libg.a
LOAD c:/gcc-arm-none-eabi/bin/../lib/gcc/arm-none-eabi/10.3.1/../../../../arm-none-eabi/lib/thumb/v7e-m+fp/hard\libc.a
END GROUP
LOAD c:/gcc-arm-none-eabi/bin/../lib/gcc/arm-none-eabi/10.3.1/thumb/v7e-m+fp/hard/crtend.o
LOAD c:/gcc-arm-none-eabi/bin/../lib/gcc/arm-none-eabi/10.3.1/thumb/v7e-m+fp/hard/crtn.o
                0x20020000                _estack = 0x20020000
                0x00000200                _Min_Heap_Size = 0x200
                0x00000400                _Min_Stack_Size = 0x400

.isr_vector     0x08000000      0x188
                0x08000000                . = ALIGN (0x4)
 *(.isr_vector)
 .isr_vector    0x08000000      0x188 CMakeFiles/test.elf.dir/startup/startup_stm32f407xx.s.obj
                0x08000000                g_pfnVectors
                0x08000188                . = ALIGN (0x4)

.text           0x08000190     0x5120
                0x08000190                . = ALIGN (0x4)
 *(.text)
 .text          0x08000190       0x40 c:/gcc-arm-none-eabi/bin/../lib/gcc/arm-none-eabi/10.3.1/thumb/v7e-m+fp/hard/crtbegin.o
 .text          0x080001d0       0x30 c:/gcc-arm-none-eabi/bin/../lib/gcc/arm-none-eabi/10.3.1/thumb/v7e-m+fp/hard\libgcc.a(_aeabi_uldivmod.o)
                0x080001d0                __aeabi_uldivmod
 .text          0x08000200      0x2d0 c:/gcc-arm-none-eabi/bin/../lib/gcc/arm-none-eabi/10.3.1/thumb/v7e-m+fp/hard\libgcc.a(_udivmoddi4.o)
                0x08000200                __udivmoddi4
 .text          0x080004d0        0x4 c:/gcc-arm-none-eabi/bin/../lib/gcc/arm-none-eabi/10.3.1/thumb/v7e-m+fp/hard\libgcc.a(_dvmd_tls.o)
                0x080004d0                __aeabi_idiv0
                0x080004d0                __aeabi_ldiv0
 *(.text*)
 .text.chassis_pid_param_init
                0x080004d4       0xcc CMakeFiles/test.elf.dir/APP/Chassis.c.obj
                0x080004d4                chassis_pid_param_init
 .text.get_chassis_mode
                0x080005a0       0xa8 CMakeFiles/test.elf.dir/APP/Chassis.c.obj
                0x080005a0                get_chassis_mode
 .text.chassis_control_information_get
                0x08000648       0xb8 CMakeFiles/test.elf.dir/APP/Chassis.c.obj
                0x08000648                chassis_control_information_get
 .text.chassis_moto_speed_calc
                0x08000700      0x1ac CMakeFiles/test.elf.dir/APP/Chassis.c.obj
                0x08000700                chassis_moto_speed_calc
 .text.chassis_close_loop_calculate
                0x080008ac       0x50 CMakeFiles/test.elf.dir/APP/Chassis.c.obj
                0x080008ac                chassis_close_loop_calculate
 .text.chassis_top_handle
                0x080008fc       0x64 CMakeFiles/test.elf.dir/APP/Chassis.c.obj
                0x080008fc                chassis_top_handle
 .text.send_chassis_moto_zero_current
                0x08000960       0x4c CMakeFiles/test.elf.dir/APP/Chassis.c.obj
                0x08000960                send_chassis_moto_zero_current
 .text.send_chassis_moto_current
                0x080009ac       0x6c CMakeFiles/test.elf.dir/APP/Chassis.c.obj
                0x080009ac                send_chassis_moto_current
 .text.chassis_custom_control
                0x08000a18       0x30 CMakeFiles/test.elf.dir/APP/Chassis.c.obj
                0x08000a18                chassis_custom_control
 .text.chassis_task
                0x08000a48       0xd8 CMakeFiles/test.elf.dir/APP/Chassis.c.obj
                0x08000a48                chassis_task
 .text.global_err_detector_init
                0x08000b20      0x1d0 CMakeFiles/test.elf.dir/APP/Detect.c.obj
                0x08000b20                global_err_detector_init
 .text.err_detector_hook
                0x08000cf0       0x2c CMakeFiles/test.elf.dir/APP/Detect.c.obj
                0x08000cf0                err_detector_hook
 .text.detect_task
                0x08000d1c       0x9c CMakeFiles/test.elf.dir/APP/Detect.c.obj
                0x08000d1c                detect_task
 .text.transmit_task
                0x08000db8       0x1c CMakeFiles/test.elf.dir/APP/Transmission.c.obj
                0x08000db8                transmit_task
 .text.CAN_Device_Init
                0x08000dd4       0x74 CMakeFiles/test.elf.dir/BSP/Src/bsp_can.c.obj
                0x08000dd4                CAN_Device_Init
 .text.HAL_CAN_RxFifo0MsgPendingCallback
                0x08000e48      0x170 CMakeFiles/test.elf.dir/BSP/Src/bsp_can.c.obj
                0x08000e48                HAL_CAN_RxFifo0MsgPendingCallback
 .text.write_can
                0x08000fb8       0x4c CMakeFiles/test.elf.dir/BSP/Src/bsp_can.c.obj
                0x08000fb8                write_can
 .text.DWT_Init
                0x08001004       0x4c CMakeFiles/test.elf.dir/BSP/Src/bsp_dwt.c.obj
                0x08001004                DWT_Init
 .text.DWT_GetDeltaT
                0x08001050       0x34 CMakeFiles/test.elf.dir/BSP/Src/bsp_dwt.c.obj
                0x08001050                DWT_GetDeltaT
 .text.HAL_InitTick
                0x08001084       0x4c CMakeFiles/test.elf.dir/Drivers/STM32F4xx_HAL_Driver/Src/stm32f4xx_hal.c.obj
                0x08001084                HAL_InitTick
 .text.HAL_Init
                0x080010d0       0x34 CMakeFiles/test.elf.dir/Drivers/STM32F4xx_HAL_Driver/Src/stm32f4xx_hal.c.obj
                0x080010d0                HAL_Init
 .text.HAL_IncTick
                0x08001104       0x18 CMakeFiles/test.elf.dir/Drivers/STM32F4xx_HAL_Driver/Src/stm32f4xx_hal.c.obj
                0x08001104                HAL_IncTick
 .text.HAL_GetTick
                0x0800111c        0xc CMakeFiles/test.elf.dir/Drivers/STM32F4xx_HAL_Driver/Src/stm32f4xx_hal.c.obj
                0x0800111c                HAL_GetTick
 .text.HAL_CAN_Init
                0x08001128      0x14c CMakeFiles/test.elf.dir/Drivers/STM32F4xx_HAL_Driver/Src/stm32f4xx_hal_can.c.obj
                0x08001128                HAL_CAN_Init
 .text.HAL_CAN_ConfigFilter
                0x08001274      0x138 CMakeFiles/test.elf.dir/Drivers/STM32F4xx_HAL_Driver/Src/stm32f4xx_hal_can.c.obj
                0x08001274                HAL_CAN_ConfigFilter
 .text.HAL_CAN_Start
                0x080013ac       0x5c CMakeFiles/test.elf.dir/Drivers/STM32F4xx_HAL_Driver/Src/stm32f4xx_hal_can.c.obj
                0x080013ac                HAL_CAN_Start
 .text.HAL_CAN_AddTxMessage
                0x08001408       0xfc CMakeFiles/test.elf.dir/Drivers/STM32F4xx_HAL_Driver/Src/stm32f4xx_hal_can.c.obj
                0x08001408                HAL_CAN_AddTxMessage
 .text.HAL_CAN_GetRxMessage
                0x08001504      0x14a CMakeFiles/test.elf.dir/Drivers/STM32F4xx_HAL_Driver/Src/stm32f4xx_hal_can.c.obj
                0x08001504                HAL_CAN_GetRxMessage
 .text.HAL_CAN_ActivateNotification
                0x0800164e       0x24 CMakeFiles/test.elf.dir/Drivers/STM32F4xx_HAL_Driver/Src/stm32f4xx_hal_can.c.obj
                0x0800164e                HAL_CAN_ActivateNotification
 .text.HAL_CAN_TxMailbox0CompleteCallback
                0x08001672        0x2 CMakeFiles/test.elf.dir/Drivers/STM32F4xx_HAL_Driver/Src/stm32f4xx_hal_can.c.obj
                0x08001672                HAL_CAN_TxMailbox0CompleteCallback
 .text.HAL_CAN_TxMailbox1CompleteCallback
                0x08001674        0x2 CMakeFiles/test.elf.dir/Drivers/STM32F4xx_HAL_Driver/Src/stm32f4xx_hal_can.c.obj
                0x08001674                HAL_CAN_TxMailbox1CompleteCallback
 .text.HAL_CAN_TxMailbox2CompleteCallback
                0x08001676        0x2 CMakeFiles/test.elf.dir/Drivers/STM32F4xx_HAL_Driver/Src/stm32f4xx_hal_can.c.obj
                0x08001676                HAL_CAN_TxMailbox2CompleteCallback
 .text.HAL_CAN_TxMailbox0AbortCallback
                0x08001678        0x2 CMakeFiles/test.elf.dir/Drivers/STM32F4xx_HAL_Driver/Src/stm32f4xx_hal_can.c.obj
                0x08001678                HAL_CAN_TxMailbox0AbortCallback
 .text.HAL_CAN_TxMailbox1AbortCallback
                0x0800167a        0x2 CMakeFiles/test.elf.dir/Drivers/STM32F4xx_HAL_Driver/Src/stm32f4xx_hal_can.c.obj
                0x0800167a                HAL_CAN_TxMailbox1AbortCallback
 .text.HAL_CAN_TxMailbox2AbortCallback
                0x0800167c        0x2 CMakeFiles/test.elf.dir/Drivers/STM32F4xx_HAL_Driver/Src/stm32f4xx_hal_can.c.obj
                0x0800167c                HAL_CAN_TxMailbox2AbortCallback
 .text.HAL_CAN_RxFifo0FullCallback
                0x0800167e        0x2 CMakeFiles/test.elf.dir/Drivers/STM32F4xx_HAL_Driver/Src/stm32f4xx_hal_can.c.obj
                0x0800167e                HAL_CAN_RxFifo0FullCallback
 .text.HAL_CAN_RxFifo1MsgPendingCallback
                0x08001680        0x2 CMakeFiles/test.elf.dir/Drivers/STM32F4xx_HAL_Driver/Src/stm32f4xx_hal_can.c.obj
                0x08001680                HAL_CAN_RxFifo1MsgPendingCallback
 .text.HAL_CAN_RxFifo1FullCallback
                0x08001682        0x2 CMakeFiles/test.elf.dir/Drivers/STM32F4xx_HAL_Driver/Src/stm32f4xx_hal_can.c.obj
                0x08001682                HAL_CAN_RxFifo1FullCallback
 .text.HAL_CAN_SleepCallback
                0x08001684        0x2 CMakeFiles/test.elf.dir/Drivers/STM32F4xx_HAL_Driver/Src/stm32f4xx_hal_can.c.obj
                0x08001684                HAL_CAN_SleepCallback
 .text.HAL_CAN_WakeUpFromRxMsgCallback
                0x08001686        0x2 CMakeFiles/test.elf.dir/Drivers/STM32F4xx_HAL_Driver/Src/stm32f4xx_hal_can.c.obj
                0x08001686                HAL_CAN_WakeUpFromRxMsgCallback
 .text.HAL_CAN_ErrorCallback
                0x08001688        0x2 CMakeFiles/test.elf.dir/Drivers/STM32F4xx_HAL_Driver/Src/stm32f4xx_hal_can.c.obj
                0x08001688                HAL_CAN_ErrorCallback
 .text.HAL_CAN_IRQHandler
                0x0800168a      0x24a CMakeFiles/test.elf.dir/Drivers/STM32F4xx_HAL_Driver/Src/stm32f4xx_hal_can.c.obj
                0x0800168a                HAL_CAN_IRQHandler
 .text.HAL_NVIC_SetPriorityGrouping
                0x080018d4       0x24 CMakeFiles/test.elf.dir/Drivers/STM32F4xx_HAL_Driver/Src/stm32f4xx_hal_cortex.c.obj
                0x080018d4                HAL_NVIC_SetPriorityGrouping
 .text.HAL_NVIC_SetPriority
                0x080018f8       0x70 CMakeFiles/test.elf.dir/Drivers/STM32F4xx_HAL_Driver/Src/stm32f4xx_hal_cortex.c.obj
                0x080018f8                HAL_NVIC_SetPriority
 .text.HAL_NVIC_EnableIRQ
                0x08001968       0x1c CMakeFiles/test.elf.dir/Drivers/STM32F4xx_HAL_Driver/Src/stm32f4xx_hal_cortex.c.obj
                0x08001968                HAL_NVIC_EnableIRQ
 .text.HAL_SYSTICK_Config
                0x08001984       0x28 CMakeFiles/test.elf.dir/Drivers/STM32F4xx_HAL_Driver/Src/stm32f4xx_hal_cortex.c.obj
                0x08001984                HAL_SYSTICK_Config
 .text.HAL_CRC_Init
                0x080019ac       0x1e CMakeFiles/test.elf.dir/Drivers/STM32F4xx_HAL_Driver/Src/stm32f4xx_hal_crc.c.obj
                0x080019ac                HAL_CRC_Init
 *fill*         0x080019ca        0x2 
 .text.HAL_GPIO_Init
                0x080019cc      0x1d0 CMakeFiles/test.elf.dir/Drivers/STM32F4xx_HAL_Driver/Src/stm32f4xx_hal_gpio.c.obj
                0x080019cc                HAL_GPIO_Init
 .text.HAL_GPIO_WritePin
                0x08001b9c        0xc CMakeFiles/test.elf.dir/Drivers/STM32F4xx_HAL_Driver/Src/stm32f4xx_hal_gpio.c.obj
                0x08001b9c                HAL_GPIO_WritePin
 .text.HAL_GPIO_TogglePin
                0x08001ba8       0x12 CMakeFiles/test.elf.dir/Drivers/STM32F4xx_HAL_Driver/Src/stm32f4xx_hal_gpio.c.obj
                0x08001ba8                HAL_GPIO_TogglePin
 *fill*         0x08001bba        0x2 
 .text.HAL_RCC_OscConfig
                0x08001bbc      0x3ec CMakeFiles/test.elf.dir/Drivers/STM32F4xx_HAL_Driver/Src/stm32f4xx_hal_rcc.c.obj
                0x08001bbc                HAL_RCC_OscConfig
 .text.HAL_RCC_GetSysClockFreq
                0x08001fa8       0xa4 CMakeFiles/test.elf.dir/Drivers/STM32F4xx_HAL_Driver/Src/stm32f4xx_hal_rcc.c.obj
                0x08001fa8                HAL_RCC_GetSysClockFreq
 .text.HAL_RCC_ClockConfig
                0x0800204c      0x160 CMakeFiles/test.elf.dir/Drivers/STM32F4xx_HAL_Driver/Src/stm32f4xx_hal_rcc.c.obj
                0x0800204c                HAL_RCC_ClockConfig
 .text.makeFreeRtosPriority
                0x080021ac        0xc CMakeFiles/test.elf.dir/Middlewares/Third_Party/FreeRTOS/Source/CMSIS_RTOS/cmsis_os.c.obj
 .text.inHandlerMode
                0x080021b8        0xc CMakeFiles/test.elf.dir/Middlewares/Third_Party/FreeRTOS/Source/CMSIS_RTOS/cmsis_os.c.obj
 .text.osKernelStart
                0x080021c4        0xa CMakeFiles/test.elf.dir/Middlewares/Third_Party/FreeRTOS/Source/CMSIS_RTOS/cmsis_os.c.obj
                0x080021c4                osKernelStart
 .text.osKernelSysTick
                0x080021ce       0x14 CMakeFiles/test.elf.dir/Middlewares/Third_Party/FreeRTOS/Source/CMSIS_RTOS/cmsis_os.c.obj
                0x080021ce                osKernelSysTick
 .text.osThreadCreate
                0x080021e2       0x6a CMakeFiles/test.elf.dir/Middlewares/Third_Party/FreeRTOS/Source/CMSIS_RTOS/cmsis_os.c.obj
                0x080021e2                osThreadCreate
 .text.osDelay  0x0800224c        0xe CMakeFiles/test.elf.dir/Middlewares/Third_Party/FreeRTOS/Source/CMSIS_RTOS/cmsis_os.c.obj
                0x0800224c                osDelay
 .text.osThreadSuspend
                0x0800225a        0xa CMakeFiles/test.elf.dir/Middlewares/Third_Party/FreeRTOS/Source/CMSIS_RTOS/cmsis_os.c.obj
                0x0800225a                osThreadSuspend
 .text.osDelayUntil
                0x08002264        0x4 CMakeFiles/test.elf.dir/Middlewares/Third_Party/FreeRTOS/Source/CMSIS_RTOS/cmsis_os.c.obj
                0x08002264                osDelayUntil
 .text.vListInitialise
                0x08002268       0x16 CMakeFiles/test.elf.dir/Middlewares/Third_Party/FreeRTOS/Source/list.c.obj
                0x08002268                vListInitialise
 .text.vListInitialiseItem
                0x0800227e        0x6 CMakeFiles/test.elf.dir/Middlewares/Third_Party/FreeRTOS/Source/list.c.obj
                0x0800227e                vListInitialiseItem
 .text.vListInsertEnd
                0x08002284       0x16 CMakeFiles/test.elf.dir/Middlewares/Third_Party/FreeRTOS/Source/list.c.obj
                0x08002284                vListInsertEnd
 .text.vListInsert
                0x0800229a       0x32 CMakeFiles/test.elf.dir/Middlewares/Third_Party/FreeRTOS/Source/list.c.obj
                0x0800229a                vListInsert
 .text.uxListRemove
                0x080022cc       0x26 CMakeFiles/test.elf.dir/Middlewares/Third_Party/FreeRTOS/Source/list.c.obj
                0x080022cc                uxListRemove
 *fill*         0x080022f2        0x2 
 .text.prvTaskExitError
                0x080022f4       0x40 CMakeFiles/test.elf.dir/Middlewares/Third_Party/FreeRTOS/Source/portable/GCC/ARM_CM4F/port.c.obj
 .text.prvPortStartFirstTask
                0x08002334       0x28 CMakeFiles/test.elf.dir/Middlewares/Third_Party/FreeRTOS/Source/portable/GCC/ARM_CM4F/port.c.obj
 .text.vPortEnableVFP
                0x0800235c       0x14 CMakeFiles/test.elf.dir/Middlewares/Third_Party/FreeRTOS/Source/portable/GCC/ARM_CM4F/port.c.obj
 .text.pxPortInitialiseStack
                0x08002370       0x2c CMakeFiles/test.elf.dir/Middlewares/Third_Party/FreeRTOS/Source/portable/GCC/ARM_CM4F/port.c.obj
                0x08002370                pxPortInitialiseStack
 *fill*         0x0800239c        0x4 
 .text.SVC_Handler
                0x080023a0       0x24 CMakeFiles/test.elf.dir/Middlewares/Third_Party/FreeRTOS/Source/portable/GCC/ARM_CM4F/port.c.obj
                0x080023a0                SVC_Handler
 .text.vPortEnterCritical
                0x080023c4       0x44 CMakeFiles/test.elf.dir/Middlewares/Third_Party/FreeRTOS/Source/portable/GCC/ARM_CM4F/port.c.obj
                0x080023c4                vPortEnterCritical
 .text.vPortExitCritical
                0x08002408       0x2c CMakeFiles/test.elf.dir/Middlewares/Third_Party/FreeRTOS/Source/portable/GCC/ARM_CM4F/port.c.obj
                0x08002408                vPortExitCritical
 *fill*         0x08002434        0xc 
 .text.PendSV_Handler
                0x08002440       0x64 CMakeFiles/test.elf.dir/Middlewares/Third_Party/FreeRTOS/Source/portable/GCC/ARM_CM4F/port.c.obj
                0x08002440                PendSV_Handler
 .text.xPortSysTickHandler
                0x080024a4       0x2c CMakeFiles/test.elf.dir/Middlewares/Third_Party/FreeRTOS/Source/portable/GCC/ARM_CM4F/port.c.obj
                0x080024a4                xPortSysTickHandler
 .text.vPortSetupTimerInterrupt
                0x080024d0       0x28 CMakeFiles/test.elf.dir/Middlewares/Third_Party/FreeRTOS/Source/portable/GCC/ARM_CM4F/port.c.obj
                0x080024d0                vPortSetupTimerInterrupt
 .text.xPortStartScheduler
                0x080024f8      0x118 CMakeFiles/test.elf.dir/Middlewares/Third_Party/FreeRTOS/Source/portable/GCC/ARM_CM4F/port.c.obj
                0x080024f8                xPortStartScheduler
 .text.vPortValidateInterruptPriority
                0x08002610       0x5c CMakeFiles/test.elf.dir/Middlewares/Third_Party/FreeRTOS/Source/portable/GCC/ARM_CM4F/port.c.obj
                0x08002610                vPortValidateInterruptPriority
 .text.prvHeapInit
                0x0800266c       0x64 CMakeFiles/test.elf.dir/Middlewares/Third_Party/FreeRTOS/Source/portable/MemMang/heap_4.c.obj
 .text.prvInsertBlockIntoFreeList
                0x080026d0       0x64 CMakeFiles/test.elf.dir/Middlewares/Third_Party/FreeRTOS/Source/portable/MemMang/heap_4.c.obj
 .text.pvPortMalloc
                0x08002734       0xf0 CMakeFiles/test.elf.dir/Middlewares/Third_Party/FreeRTOS/Source/portable/MemMang/heap_4.c.obj
                0x08002734                pvPortMalloc
 .text.vPortFree
                0x08002824       0x70 CMakeFiles/test.elf.dir/Middlewares/Third_Party/FreeRTOS/Source/portable/MemMang/heap_4.c.obj
                0x08002824                vPortFree
 .text.prvResetNextTaskUnblockTime
                0x08002894       0x2c CMakeFiles/test.elf.dir/Middlewares/Third_Party/FreeRTOS/Source/tasks.c.obj
 .text.prvInitialiseNewTask
                0x080028c0       0xa2 CMakeFiles/test.elf.dir/Middlewares/Third_Party/FreeRTOS/Source/tasks.c.obj
 *fill*         0x08002962        0x2 
 .text.prvInitialiseTaskLists
                0x08002964       0x68 CMakeFiles/test.elf.dir/Middlewares/Third_Party/FreeRTOS/Source/tasks.c.obj
 .text.prvAddNewTaskToReadyList
                0x080029cc       0xa8 CMakeFiles/test.elf.dir/Middlewares/Third_Party/FreeRTOS/Source/tasks.c.obj
 .text.prvDeleteTCB
                0x08002a74       0x38 CMakeFiles/test.elf.dir/Middlewares/Third_Party/FreeRTOS/Source/tasks.c.obj
 .text.prvCheckTasksWaitingTermination
                0x08002aac       0x4c CMakeFiles/test.elf.dir/Middlewares/Third_Party/FreeRTOS/Source/tasks.c.obj
 .text.prvIdleTask
                0x08002af8       0x28 CMakeFiles/test.elf.dir/Middlewares/Third_Party/FreeRTOS/Source/tasks.c.obj
 .text.prvAddCurrentTaskToDelayedList
                0x08002b20       0x98 CMakeFiles/test.elf.dir/Middlewares/Third_Party/FreeRTOS/Source/tasks.c.obj
 .text.xTaskCreateStatic
                0x08002bb8       0x76 CMakeFiles/test.elf.dir/Middlewares/Third_Party/FreeRTOS/Source/tasks.c.obj
                0x08002bb8                xTaskCreateStatic
 .text.xTaskCreate
                0x08002c2e       0x68 CMakeFiles/test.elf.dir/Middlewares/Third_Party/FreeRTOS/Source/tasks.c.obj
                0x08002c2e                xTaskCreate
 *fill*         0x08002c96        0x2 
 .text.vTaskStartScheduler
                0x08002c98       0x74 CMakeFiles/test.elf.dir/Middlewares/Third_Party/FreeRTOS/Source/tasks.c.obj
                0x08002c98                vTaskStartScheduler
 .text.vTaskSuspendAll
                0x08002d0c       0x10 CMakeFiles/test.elf.dir/Middlewares/Third_Party/FreeRTOS/Source/tasks.c.obj
                0x08002d0c                vTaskSuspendAll
 .text.xTaskGetTickCount
                0x08002d1c        0xc CMakeFiles/test.elf.dir/Middlewares/Third_Party/FreeRTOS/Source/tasks.c.obj
                0x08002d1c                xTaskGetTickCount
 .text.xTaskGetTickCountFromISR
                0x08002d28       0x10 CMakeFiles/test.elf.dir/Middlewares/Third_Party/FreeRTOS/Source/tasks.c.obj
                0x08002d28                xTaskGetTickCountFromISR
 .text.xTaskIncrementTick
                0x08002d38      0x118 CMakeFiles/test.elf.dir/Middlewares/Third_Party/FreeRTOS/Source/tasks.c.obj
                0x08002d38                xTaskIncrementTick
 .text.xTaskResumeAll
                0x08002e50       0xf8 CMakeFiles/test.elf.dir/Middlewares/Third_Party/FreeRTOS/Source/tasks.c.obj
                0x08002e50                xTaskResumeAll
 .text.vTaskDelay
                0x08002f48       0x4c CMakeFiles/test.elf.dir/Middlewares/Third_Party/FreeRTOS/Source/tasks.c.obj
                0x08002f48                vTaskDelay
 .text.vTaskSwitchContext
                0x08002f94       0x98 CMakeFiles/test.elf.dir/Middlewares/Third_Party/FreeRTOS/Source/tasks.c.obj
                0x08002f94                vTaskSwitchContext
 .text.vTaskSuspend
                0x0800302c       0xe8 CMakeFiles/test.elf.dir/Middlewares/Third_Party/FreeRTOS/Source/tasks.c.obj
                0x0800302c                vTaskSuspend
 .text.xTaskGetSchedulerState
                0x08003114       0x20 CMakeFiles/test.elf.dir/Middlewares/Third_Party/FreeRTOS/Source/tasks.c.obj
                0x08003114                xTaskGetSchedulerState
 .text.MX_CAN1_Init
                0x08003134       0x40 CMakeFiles/test.elf.dir/Src/can.c.obj
                0x08003134                MX_CAN1_Init
 .text.MX_CAN2_Init
                0x08003174       0x40 CMakeFiles/test.elf.dir/Src/can.c.obj
                0x08003174                MX_CAN2_Init
 .text.HAL_CAN_MspInit
                0x080031b4      0x120 CMakeFiles/test.elf.dir/Src/can.c.obj
                0x080031b4                HAL_CAN_MspInit
 .text.MX_CRC_Init
                0x080032d4       0x20 CMakeFiles/test.elf.dir/Src/crc.c.obj
                0x080032d4                MX_CRC_Init
 .text.HAL_CRC_MspInit
                0x080032f4       0x30 CMakeFiles/test.elf.dir/Src/crc.c.obj
                0x080032f4                HAL_CRC_MspInit
 .text.vApplicationGetIdleTaskMemory
                0x08003324       0x18 CMakeFiles/test.elf.dir/Src/freertos.c.obj
                0x08003324                vApplicationGetIdleTaskMemory
 .text.MX_FREERTOS_Init
                0x0800333c       0x84 CMakeFiles/test.elf.dir/Src/freertos.c.obj
                0x0800333c                MX_FREERTOS_Init
 .text.MX_GPIO_Init
                0x080033c0       0x94 CMakeFiles/test.elf.dir/Src/gpio.c.obj
                0x080033c0                MX_GPIO_Init
 .text.Error_Handler
                0x08003454        0x4 CMakeFiles/test.elf.dir/Src/main.c.obj
                0x08003454                Error_Handler
 .text.SystemClock_Config
                0x08003458       0xa8 CMakeFiles/test.elf.dir/Src/main.c.obj
                0x08003458                SystemClock_Config
 .text.main     0x08003500       0x2e CMakeFiles/test.elf.dir/Src/main.c.obj
                0x08003500                main
 *fill*         0x0800352e        0x2 
 .text.HAL_MspInit
                0x08003530       0x44 CMakeFiles/test.elf.dir/Src/stm32f4xx_hal_msp.c.obj
                0x08003530                HAL_MspInit
 .text.NMI_Handler
                0x08003574        0x2 CMakeFiles/test.elf.dir/Src/stm32f4xx_it.c.obj
                0x08003574                NMI_Handler
 .text.HardFault_Handler
                0x08003576        0x2 CMakeFiles/test.elf.dir/Src/stm32f4xx_it.c.obj
                0x08003576                HardFault_Handler
 .text.MemManage_Handler
                0x08003578        0x2 CMakeFiles/test.elf.dir/Src/stm32f4xx_it.c.obj
                0x08003578                MemManage_Handler
 .text.BusFault_Handler
                0x0800357a        0x2 CMakeFiles/test.elf.dir/Src/stm32f4xx_it.c.obj
                0x0800357a                BusFault_Handler
 .text.UsageFault_Handler
                0x0800357c        0x2 CMakeFiles/test.elf.dir/Src/stm32f4xx_it.c.obj
                0x0800357c                UsageFault_Handler
 .text.DebugMon_Handler
                0x0800357e        0x2 CMakeFiles/test.elf.dir/Src/stm32f4xx_it.c.obj
                0x0800357e                DebugMon_Handler
 .text.SysTick_Handler
                0x08003580       0x16 CMakeFiles/test.elf.dir/Src/stm32f4xx_it.c.obj
                0x08003580                SysTick_Handler
 *fill*         0x08003596        0x2 
 .text.CAN1_RX0_IRQHandler
                0x08003598       0x10 CMakeFiles/test.elf.dir/Src/stm32f4xx_it.c.obj
                0x08003598                CAN1_RX0_IRQHandler
 .text.CAN2_RX0_IRQHandler
                0x080035a8       0x10 CMakeFiles/test.elf.dir/Src/stm32f4xx_it.c.obj
                0x080035a8                CAN2_RX0_IRQHandler
 .text.SystemInit
                0x080035b8       0x1c CMakeFiles/test.elf.dir/Src/system_stm32f4xx.c.obj
                0x080035b8                SystemInit
 .text.f_Trapezoid_Intergral
                0x080035d4       0x7c CMakeFiles/test.elf.dir/UserLib/controller.c.obj
 .text.f_Changing_Integration_Rate
                0x08003650       0x72 CMakeFiles/test.elf.dir/UserLib/controller.c.obj
 *fill*         0x080036c2        0x2 
 .text.f_Integral_Limit
                0x080036c4       0xa4 CMakeFiles/test.elf.dir/UserLib/controller.c.obj
 .text.f_Derivative_Filter
                0x08003768       0x3a CMakeFiles/test.elf.dir/UserLib/controller.c.obj
 .text.f_Output_Filter
                0x080037a2       0x3a CMakeFiles/test.elf.dir/UserLib/controller.c.obj
 .text.f_Output_Limit
                0x080037dc       0x34 CMakeFiles/test.elf.dir/UserLib/controller.c.obj
 .text.f_Proportion_Limit
                0x08003810       0x34 CMakeFiles/test.elf.dir/UserLib/controller.c.obj
 .text.f_PID_ErrorHandle
                0x08003844       0xb8 CMakeFiles/test.elf.dir/UserLib/controller.c.obj
 .text.f_Derivative_On_Measurement
                0x080038fc       0xe6 CMakeFiles/test.elf.dir/UserLib/controller.c.obj
 .text.PID_Init
                0x080039e2       0x8e CMakeFiles/test.elf.dir/UserLib/controller.c.obj
                0x080039e2                PID_Init
 .text.PID_Calculate
                0x08003a70      0x266 CMakeFiles/test.elf.dir/UserLib/controller.c.obj
                0x08003a70                PID_Calculate
 .text.Feedforward_Calculate
                0x08003cd6      0x116 CMakeFiles/test.elf.dir/UserLib/controller.c.obj
                0x08003cd6                Feedforward_Calculate
 .text.LDOB_Calculate
                0x08003dec      0x18e CMakeFiles/test.elf.dir/UserLib/controller.c.obj
                0x08003dec                LDOB_Calculate
 .text.Motor_Speed_Calculate
                0x08003f7a       0x90 CMakeFiles/test.elf.dir/UserLib/motor.c.obj
                0x08003f7a                Motor_Speed_Calculate
 *fill*         0x0800400a        0x2 
 .text.get_moto_info
                0x0800400c       0xd8 CMakeFiles/test.elf.dir/UserLib/motor.c.obj
                0x0800400c                get_moto_info
 .text.get_motor_offset
                0x080040e4       0x10 CMakeFiles/test.elf.dir/UserLib/motor.c.obj
                0x080040e4                get_motor_offset
 .text.float_constrain
                0x080040f4       0x20 CMakeFiles/test.elf.dir/UserLib/user_lib.c.obj
                0x080040f4                float_constrain
 .text.loop_float_constrain
                0x08004114       0x4a CMakeFiles/test.elf.dir/UserLib/user_lib.c.obj
                0x08004114                loop_float_constrain
 .text.OLS_Init
                0x0800415e       0x5a CMakeFiles/test.elf.dir/UserLib/user_lib.c.obj
                0x0800415e                OLS_Init
 .text.OLS_Derivative
                0x080041b8      0x1f0 CMakeFiles/test.elf.dir/UserLib/user_lib.c.obj
                0x080041b8                OLS_Derivative
 .text.Reset_Handler
                0x080043a8       0x50 CMakeFiles/test.elf.dir/startup/startup_stm32f407xx.s.obj
                0x080043a8                Reset_Handler
 .text.Default_Handler
                0x080043f8        0x2 CMakeFiles/test.elf.dir/startup/startup_stm32f407xx.s.obj
                0x080043f8                RTC_Alarm_IRQHandler
                0x080043f8                HASH_RNG_IRQHandler
                0x080043f8                EXTI2_IRQHandler
                0x080043f8                TIM8_CC_IRQHandler
                0x080043f8                TIM1_CC_IRQHandler
                0x080043f8                DMA2_Stream5_IRQHandler
                0x080043f8                DMA1_Stream5_IRQHandler
                0x080043f8                PVD_IRQHandler
                0x080043f8                SDIO_IRQHandler
                0x080043f8                TAMP_STAMP_IRQHandler
                0x080043f8                CAN2_RX1_IRQHandler
                0x080043f8                EXTI3_IRQHandler
                0x080043f8                TIM8_TRG_COM_TIM14_IRQHandler
                0x080043f8                TIM1_UP_TIM10_IRQHandler
                0x080043f8                TIM8_UP_TIM13_IRQHandler
                0x080043f8                I2C3_ER_IRQHandler
                0x080043f8                EXTI0_IRQHandler
                0x080043f8                I2C2_EV_IRQHandler
                0x080043f8                DMA1_Stream2_IRQHandler
                0x080043f8                FPU_IRQHandler
                0x080043f8                OTG_HS_WKUP_IRQHandler
                0x080043f8                CAN2_SCE_IRQHandler
                0x080043f8                DMA2_Stream2_IRQHandler
                0x080043f8                SPI1_IRQHandler
                0x080043f8                TIM6_DAC_IRQHandler
                0x080043f8                TIM1_BRK_TIM9_IRQHandler
                0x080043f8                DCMI_IRQHandler
                0x080043f8                DMA2_Stream3_IRQHandler
                0x080043f8                USART6_IRQHandler
                0x080043f8                USART3_IRQHandler
                0x080043f8                CAN1_RX1_IRQHandler
                0x080043f8                UART5_IRQHandler
                0x080043f8                DMA2_Stream0_IRQHandler
                0x080043f8                TIM4_IRQHandler
                0x080043f8                I2C1_EV_IRQHandler
                0x080043f8                DMA1_Stream6_IRQHandler
                0x080043f8                DMA1_Stream1_IRQHandler
                0x080043f8                UART4_IRQHandler
                0x080043f8                TIM3_IRQHandler
                0x080043f8                RCC_IRQHandler
                0x080043f8                TIM8_BRK_TIM12_IRQHandler
                0x080043f8                Default_Handler
                0x080043f8                EXTI15_10_IRQHandler
                0x080043f8                ADC_IRQHandler
                0x080043f8                DMA1_Stream7_IRQHandler
                0x080043f8                TIM7_IRQHandler
                0x080043f8                CAN2_TX_IRQHandler
                0x080043f8                TIM5_IRQHandler
                0x080043f8                DMA2_Stream7_IRQHandler
                0x080043f8                I2C3_EV_IRQHandler
                0x080043f8                EXTI9_5_IRQHandler
                0x080043f8                RTC_WKUP_IRQHandler
                0x080043f8                ETH_WKUP_IRQHandler
                0x080043f8                SPI2_IRQHandler
                0x080043f8                OTG_HS_EP1_IN_IRQHandler
                0x080043f8                DMA1_Stream0_IRQHandler
                0x080043f8                CAN1_TX_IRQHandler
                0x080043f8                EXTI4_IRQHandler
                0x080043f8                FSMC_IRQHandler
                0x080043f8                ETH_IRQHandler
                0x080043f8                OTG_HS_EP1_OUT_IRQHandler
                0x080043f8                WWDG_IRQHandler
                0x080043f8                TIM2_IRQHandler
                0x080043f8                OTG_FS_WKUP_IRQHandler
                0x080043f8                TIM1_TRG_COM_TIM11_IRQHandler
                0x080043f8                OTG_HS_IRQHandler
                0x080043f8                EXTI1_IRQHandler
                0x080043f8                USART2_IRQHandler
                0x080043f8                I2C2_ER_IRQHandler
                0x080043f8                DMA2_Stream1_IRQHandler
                0x080043f8                CAN1_SCE_IRQHandler
                0x080043f8                FLASH_IRQHandler
                0x080043f8                DMA2_Stream4_IRQHandler
                0x080043f8                USART1_IRQHandler
                0x080043f8                OTG_FS_IRQHandler
                0x080043f8                SPI3_IRQHandler
                0x080043f8                DMA1_Stream4_IRQHandler
                0x080043f8                I2C1_ER_IRQHandler
                0x080043f8                DMA2_Stream6_IRQHandler
                0x080043f8                DMA1_Stream3_IRQHandler
 *fill*         0x080043fa        0x2 
 .text.__libc_init_array
                0x080043fc       0x48 c:/gcc-arm-none-eabi/bin/../lib/gcc/arm-none-eabi/10.3.1/../../../../arm-none-eabi/lib/thumb/v7e-m+fp/hard\libg.a(lib_a-init.o)
                0x080043fc                __libc_init_array
 .text.memset   0x08004444       0xa4 c:/gcc-arm-none-eabi/bin/../lib/gcc/arm-none-eabi/10.3.1/../../../../arm-none-eabi/lib/thumb/v7e-m+fp/hard\libg.a(lib_a-memset.o)
                0x08004444                memset
 .text.startup.register_fini
                0x080044e8       0x14 c:/gcc-arm-none-eabi/bin/../lib/gcc/arm-none-eabi/10.3.1/../../../../arm-none-eabi/lib/thumb/v7e-m+fp/hard\libg.a(lib_a-__call_atexit.o)
 .text.atexit   0x080044fc        0xc c:/gcc-arm-none-eabi/bin/../lib/gcc/arm-none-eabi/10.3.1/../../../../arm-none-eabi/lib/thumb/v7e-m+fp/hard\libg.a(lib_a-atexit.o)
                0x080044fc                atexit
 .text.__libc_fini_array
                0x08004508       0x2c c:/gcc-arm-none-eabi/bin/../lib/gcc/arm-none-eabi/10.3.1/../../../../arm-none-eabi/lib/thumb/v7e-m+fp/hard\libg.a(lib_a-fini.o)
                0x08004508                __libc_fini_array
 .text.__retarget_lock_acquire_recursive
                0x08004534        0x4 c:/gcc-arm-none-eabi/bin/../lib/gcc/arm-none-eabi/10.3.1/../../../../arm-none-eabi/lib/thumb/v7e-m+fp/hard\libg.a(lib_a-lock.o)
                0x08004534                __retarget_lock_acquire_recursive
 .text.__retarget_lock_release_recursive
                0x08004538        0x4 c:/gcc-arm-none-eabi/bin/../lib/gcc/arm-none-eabi/10.3.1/../../../../arm-none-eabi/lib/thumb/v7e-m+fp/hard\libg.a(lib_a-lock.o)
                0x08004538                __retarget_lock_release_recursive
 .text.__register_exitproc
                0x0800453c       0x8c c:/gcc-arm-none-eabi/bin/../lib/gcc/arm-none-eabi/10.3.1/../../../../arm-none-eabi/lib/thumb/v7e-m+fp/hard\libg.a(lib_a-__atexit.o)
                0x0800453c                __register_exitproc
 .text.cosf     0x080045c8       0x70 c:/gcc-arm-none-eabi/bin/../lib/gcc/arm-none-eabi/10.3.1/../../../../arm-none-eabi/lib/thumb/v7e-m+fp/hard\libm.a(lib_a-sf_cos.o)
                0x080045c8                cosf
 .text.sinf     0x08004638       0x74 c:/gcc-arm-none-eabi/bin/../lib/gcc/arm-none-eabi/10.3.1/../../../../arm-none-eabi/lib/thumb/v7e-m+fp/hard\libm.a(lib_a-sf_sin.o)
                0x08004638                sinf
 .text.__ieee754_rem_pio2f
                0x080046ac      0x264 c:/gcc-arm-none-eabi/bin/../lib/gcc/arm-none-eabi/10.3.1/../../../../arm-none-eabi/lib/thumb/v7e-m+fp/hard\libm.a(lib_a-ef_rem_pio2.o)
                0x080046ac                __ieee754_rem_pio2f
 .text.__kernel_cosf
                0x08004910      0x104 c:/gcc-arm-none-eabi/bin/../lib/gcc/arm-none-eabi/10.3.1/../../../../arm-none-eabi/lib/thumb/v7e-m+fp/hard\libm.a(lib_a-kf_cos.o)
                0x08004910                __kernel_cosf
 .text.__kernel_rem_pio2f
                0x08004a14      0x674 c:/gcc-arm-none-eabi/bin/../lib/gcc/arm-none-eabi/10.3.1/../../../../arm-none-eabi/lib/thumb/v7e-m+fp/hard\libm.a(lib_a-kf_rem_pio2.o)
                0x08004a14                __kernel_rem_pio2f
 .text.__kernel_sinf
                0x08005088       0x90 c:/gcc-arm-none-eabi/bin/../lib/gcc/arm-none-eabi/10.3.1/../../../../arm-none-eabi/lib/thumb/v7e-m+fp/hard\libm.a(lib_a-kf_sin.o)
                0x08005088                __kernel_sinf
 .text.fabsf    0x08005118       0x10 c:/gcc-arm-none-eabi/bin/../lib/gcc/arm-none-eabi/10.3.1/../../../../arm-none-eabi/lib/thumb/v7e-m+fp/hard\libm.a(lib_a-sf_fabs.o)
                0x08005118                fabsf
 .text.floorf   0x08005128       0x8c c:/gcc-arm-none-eabi/bin/../lib/gcc/arm-none-eabi/10.3.1/../../../../arm-none-eabi/lib/thumb/v7e-m+fp/hard\libm.a(lib_a-sf_floor.o)
                0x08005128                floorf
 .text.scalbnf  0x080051b4       0xe4 c:/gcc-arm-none-eabi/bin/../lib/gcc/arm-none-eabi/10.3.1/../../../../arm-none-eabi/lib/thumb/v7e-m+fp/hard\libm.a(lib_a-sf_scalbn.o)
                0x080051b4                scalbnf
 *(.glue_7)
 .glue_7        0x08005298        0x0 linker stubs
 *(.glue_7t)
 .glue_7t       0x08005298        0x0 linker stubs
 *(.eh_frame)
 .eh_frame      0x08005298        0x0 c:/gcc-arm-none-eabi/bin/../lib/gcc/arm-none-eabi/10.3.1/thumb/v7e-m+fp/hard/crtbegin.o
 *(.init)
 .init          0x08005298        0x4 c:/gcc-arm-none-eabi/bin/../lib/gcc/arm-none-eabi/10.3.1/thumb/v7e-m+fp/hard/crti.o
                0x08005298                _init
 .init          0x0800529c        0x8 c:/gcc-arm-none-eabi/bin/../lib/gcc/arm-none-eabi/10.3.1/thumb/v7e-m+fp/hard/crtn.o
 *(.fini)
 .fini          0x080052a4        0x4 c:/gcc-arm-none-eabi/bin/../lib/gcc/arm-none-eabi/10.3.1/thumb/v7e-m+fp/hard/crti.o
                0x080052a4                _fini
 .fini          0x080052a8        0x8 c:/gcc-arm-none-eabi/bin/../lib/gcc/arm-none-eabi/10.3.1/thumb/v7e-m+fp/hard/crtn.o
                0x080052b0                . = ALIGN (0x4)
                0x080052b0                _etext = .

.vfp11_veneer   0x080052b0        0x0
 .vfp11_veneer  0x080052b0        0x0 linker stubs

.v4_bx          0x080052b0        0x0
 .v4_bx         0x080052b0        0x0 linker stubs

.iplt           0x080052b0        0x0
 .iplt          0x080052b0        0x0 c:/gcc-arm-none-eabi/bin/../lib/gcc/arm-none-eabi/10.3.1/thumb/v7e-m+fp/hard/crtbegin.o

.rodata         0x080052b0      0x460
                0x080052b0                . = ALIGN (0x4)
 *(.rodata)
 .rodata        0x080052b0       0x54 CMakeFiles/test.elf.dir/Src/freertos.c.obj
 *(.rodata*)
 .rodata.vTaskStartScheduler.str1.4
                0x08005304        0x5 CMakeFiles/test.elf.dir/Middlewares/Third_Party/FreeRTOS/Source/tasks.c.obj
 *fill*         0x08005309        0x3 
 .rodata.str1.4
                0x0800530c       0x1f CMakeFiles/test.elf.dir/Src/freertos.c.obj
 *fill*         0x0800532b        0x1 
 .rodata.AHBPrescTable
                0x0800532c       0x10 CMakeFiles/test.elf.dir/Src/system_stm32f4xx.c.obj
                0x0800532c                AHBPrescTable
 .rodata._global_impure_ptr
                0x0800533c        0x4 c:/gcc-arm-none-eabi/bin/../lib/gcc/arm-none-eabi/10.3.1/../../../../arm-none-eabi/lib/thumb/v7e-m+fp/hard\libg.a(lib_a-impure.o)
                0x0800533c                _global_impure_ptr
 .rodata.npio2_hw
                0x08005340       0x80 c:/gcc-arm-none-eabi/bin/../lib/gcc/arm-none-eabi/10.3.1/../../../../arm-none-eabi/lib/thumb/v7e-m+fp/hard\libm.a(lib_a-ef_rem_pio2.o)
 .rodata.two_over_pi
                0x080053c0      0x318 c:/gcc-arm-none-eabi/bin/../lib/gcc/arm-none-eabi/10.3.1/../../../../arm-none-eabi/lib/thumb/v7e-m+fp/hard\libm.a(lib_a-ef_rem_pio2.o)
 .rodata.PIo2   0x080056d8       0x2c c:/gcc-arm-none-eabi/bin/../lib/gcc/arm-none-eabi/10.3.1/../../../../arm-none-eabi/lib/thumb/v7e-m+fp/hard\libm.a(lib_a-kf_rem_pio2.o)
 .rodata.init_jk
                0x08005704        0xc c:/gcc-arm-none-eabi/bin/../lib/gcc/arm-none-eabi/10.3.1/../../../../arm-none-eabi/lib/thumb/v7e-m+fp/hard\libm.a(lib_a-kf_rem_pio2.o)
                0x08005710                . = ALIGN (0x4)

.ARM.extab
 *(.ARM.extab* .gnu.linkonce.armextab.*)

.ARM            0x08005710        0x8
                0x08005710                __exidx_start = .
 *(.ARM.exidx*)
 .ARM.exidx     0x08005710        0x8 c:/gcc-arm-none-eabi/bin/../lib/gcc/arm-none-eabi/10.3.1/thumb/v7e-m+fp/hard\libgcc.a(_udivmoddi4.o)
                0x08005718                __exidx_end = .

.rel.dyn        0x08005718        0x0
 .rel.iplt      0x08005718        0x0 c:/gcc-arm-none-eabi/bin/../lib/gcc/arm-none-eabi/10.3.1/thumb/v7e-m+fp/hard/crtbegin.o

.preinit_array  0x08005718        0x0
                0x08005718                PROVIDE (__preinit_array_start = .)
 *(.preinit_array*)
                0x08005718                PROVIDE (__preinit_array_end = .)

.init_array     0x08005718        0x8
                0x08005718                PROVIDE (__init_array_start = .)
 *(SORT_BY_NAME(.init_array.*))
 .init_array.00000
                0x08005718        0x4 c:/gcc-arm-none-eabi/bin/../lib/gcc/arm-none-eabi/10.3.1/../../../../arm-none-eabi/lib/thumb/v7e-m+fp/hard\libg.a(lib_a-__call_atexit.o)
 *(.init_array*)
 .init_array    0x0800571c        0x4 c:/gcc-arm-none-eabi/bin/../lib/gcc/arm-none-eabi/10.3.1/thumb/v7e-m+fp/hard/crtbegin.o
                0x08005720                PROVIDE (__init_array_end = .)

.fini_array     0x08005720        0x4
                0x08005720                PROVIDE (__fini_array_start = .)
 *(SORT_BY_NAME(.fini_array.*))
 *(.fini_array*)
 .fini_array    0x08005720        0x4 c:/gcc-arm-none-eabi/bin/../lib/gcc/arm-none-eabi/10.3.1/thumb/v7e-m+fp/hard/crtbegin.o
                0x08005724                PROVIDE (__fini_array_end = .)
                0x08005724                _sidata = LOADADDR (.data)

.data           0x20000000      0x43c load address 0x08005724
                0x20000000                . = ALIGN (0x4)
                0x20000000                _sdata = .
 *(.data)
 *(.data*)
 .data.uwTickFreq
                0x20000000        0x1 CMakeFiles/test.elf.dir/Drivers/STM32F4xx_HAL_Driver/Src/stm32f4xx_hal.c.obj
                0x20000000                uwTickFreq
 *fill*         0x20000001        0x3 
 .data.uwTickPrio
                0x20000004        0x4 CMakeFiles/test.elf.dir/Drivers/STM32F4xx_HAL_Driver/Src/stm32f4xx_hal.c.obj
                0x20000004                uwTickPrio
 .data.uxCriticalNesting
                0x20000008        0x4 CMakeFiles/test.elf.dir/Middlewares/Third_Party/FreeRTOS/Source/portable/GCC/ARM_CM4F/port.c.obj
 .data.SystemCoreClock
                0x2000000c        0x4 CMakeFiles/test.elf.dir/Src/system_stm32f4xx.c.obj
                0x2000000c                SystemCoreClock
 .data.impure_data
                0x20000010      0x428 c:/gcc-arm-none-eabi/bin/../lib/gcc/arm-none-eabi/10.3.1/../../../../arm-none-eabi/lib/thumb/v7e-m+fp/hard\libg.a(lib_a-impure.o)
 .data.__atexit_recursive_mutex
                0x20000438        0x4 c:/gcc-arm-none-eabi/bin/../lib/gcc/arm-none-eabi/10.3.1/../../../../arm-none-eabi/lib/thumb/v7e-m+fp/hard\libg.a(lib_a-__call_atexit.o)
                0x20000438                __atexit_recursive_mutex
                0x2000043c                . = ALIGN (0x4)
                0x2000043c                _edata = .
                0x08005b60                _siccmram = LOADADDR (.ccmram)

.igot.plt       0x2000043c        0x0 load address 0x08005b60
 .igot.plt      0x2000043c        0x0 c:/gcc-arm-none-eabi/bin/../lib/gcc/arm-none-eabi/10.3.1/thumb/v7e-m+fp/hard/crtbegin.o

.ccmram         0x10000000        0x0 load address 0x08005b60
                0x10000000                . = ALIGN (0x4)
                0x10000000                _sccmram = .
 *(.ccmram)
 *(.ccmram*)
                0x10000000                . = ALIGN (0x4)
                0x10000000                _eccmram = .
                0x10000000                . = ALIGN (0x4)

.bss            0x2000043c     0x5428
                0x2000043c                _sbss = .
                0x2000043c                __bss_start__ = _sbss
 *(.bss)
 .bss           0x2000043c       0x1c c:/gcc-arm-none-eabi/bin/../lib/gcc/arm-none-eabi/10.3.1/thumb/v7e-m+fp/hard/crtbegin.o
 *(.bss*)
 .bss.ChassisMotor
                0x20000458     0x1220 CMakeFiles/test.elf.dir/APP/Chassis.c.obj
                0x20000458                ChassisMotor
 .bss.RotateFollow
                0x20001678       0xaa CMakeFiles/test.elf.dir/APP/Chassis.c.obj
                0x20001678                RotateFollow
 *fill*         0x20001722        0x2 
 .bss.chassis   0x20001724       0x14 CMakeFiles/test.elf.dir/APP/Chassis.c.obj
                0x20001724                chassis
 .bss.chassis_moto_current
                0x20001738        0x8 CMakeFiles/test.elf.dir/APP/Chassis.c.obj
                0x20001738                chassis_moto_current
 .bss.chassis_moto_speed_ref
                0x20001740        0x8 CMakeFiles/test.elf.dir/APP/Chassis.c.obj
                0x20001740                chassis_moto_speed_ref
 .bss.data.0    0x20001748        0x8 CMakeFiles/test.elf.dir/APP/Chassis.c.obj
 .bss.data.1    0x20001750        0x8 CMakeFiles/test.elf.dir/APP/Chassis.c.obj
 .bss.gim       0x20001758       0x14 CMakeFiles/test.elf.dir/APP/Chassis.c.obj
                0x20001758                gim
 .bss.km        0x2000176c       0x1c CMakeFiles/test.elf.dir/APP/Chassis.c.obj
                0x2000176c                km
 .bss.rc        0x20001788       0x14 CMakeFiles/test.elf.dir/APP/Chassis.c.obj
                0x20001788                rc
 .bss.spin_flag
                0x2000179c        0x1 CMakeFiles/test.elf.dir/APP/Chassis.c.obj
                0x2000179c                spin_flag
 *fill*         0x2000179d        0x3 
 .bss.yaw_relative_angle
                0x200017a0        0x4 CMakeFiles/test.elf.dir/APP/Chassis.c.obj
                0x200017a0                yaw_relative_angle
 .bss.glb_err   0x200017a4       0x68 CMakeFiles/test.elf.dir/APP/Detect.c.obj
                0x200017a4                glb_err
 .bss.RC_Data_Buf.0
                0x2000180c       0x10 CMakeFiles/test.elf.dir/BSP/Src/bsp_can.c.obj
 .bss.can_send_data
                0x2000181c        0x8 CMakeFiles/test.elf.dir/BSP/Src/bsp_can.c.obj
 .bss.tx_message
                0x20001824       0x18 CMakeFiles/test.elf.dir/BSP/Src/bsp_can.c.obj
 .bss.CPU_FREQ_Hz
                0x2000183c        0x4 CMakeFiles/test.elf.dir/BSP/Src/bsp_dwt.c.obj
 .bss.CYCCNT_RountCount
                0x20001840        0x4 CMakeFiles/test.elf.dir/BSP/Src/bsp_dwt.c.obj
 .bss.DWT_Timeline
                0x20001844        0x4 CMakeFiles/test.elf.dir/BSP/Src/bsp_dwt.c.obj
 .bss.uwTick    0x20001848        0x4 CMakeFiles/test.elf.dir/Drivers/STM32F4xx_HAL_Driver/Src/stm32f4xx_hal.c.obj
                0x20001848                uwTick
 .bss.ucMaxSysCallPriority
                0x2000184c        0x1 CMakeFiles/test.elf.dir/Middlewares/Third_Party/FreeRTOS/Source/portable/GCC/ARM_CM4F/port.c.obj
 *fill*         0x2000184d        0x3 
 .bss.ulMaxPRIGROUPValue
                0x20001850        0x4 CMakeFiles/test.elf.dir/Middlewares/Third_Party/FreeRTOS/Source/portable/GCC/ARM_CM4F/port.c.obj
 .bss.pxEnd     0x20001854        0x4 CMakeFiles/test.elf.dir/Middlewares/Third_Party/FreeRTOS/Source/portable/MemMang/heap_4.c.obj
 .bss.ucHeap    0x20001858     0x3c00 CMakeFiles/test.elf.dir/Middlewares/Third_Party/FreeRTOS/Source/portable/MemMang/heap_4.c.obj
 .bss.xBlockAllocatedBit
                0x20005458        0x4 CMakeFiles/test.elf.dir/Middlewares/Third_Party/FreeRTOS/Source/portable/MemMang/heap_4.c.obj
 .bss.xFreeBytesRemaining
                0x2000545c        0x4 CMakeFiles/test.elf.dir/Middlewares/Third_Party/FreeRTOS/Source/portable/MemMang/heap_4.c.obj
 .bss.xMinimumEverFreeBytesRemaining
                0x20005460        0x4 CMakeFiles/test.elf.dir/Middlewares/Third_Party/FreeRTOS/Source/portable/MemMang/heap_4.c.obj
 .bss.xStart    0x20005464        0x8 CMakeFiles/test.elf.dir/Middlewares/Third_Party/FreeRTOS/Source/portable/MemMang/heap_4.c.obj
 .bss.pxCurrentTCB
                0x2000546c        0x4 CMakeFiles/test.elf.dir/Middlewares/Third_Party/FreeRTOS/Source/tasks.c.obj
                0x2000546c                pxCurrentTCB
 .bss.pxDelayedTaskList
                0x20005470        0x4 CMakeFiles/test.elf.dir/Middlewares/Third_Party/FreeRTOS/Source/tasks.c.obj
 .bss.pxOverflowDelayedTaskList
                0x20005474        0x4 CMakeFiles/test.elf.dir/Middlewares/Third_Party/FreeRTOS/Source/tasks.c.obj
 .bss.pxReadyTasksLists
                0x20005478       0x8c CMakeFiles/test.elf.dir/Middlewares/Third_Party/FreeRTOS/Source/tasks.c.obj
 .bss.uxCurrentNumberOfTasks
                0x20005504        0x4 CMakeFiles/test.elf.dir/Middlewares/Third_Party/FreeRTOS/Source/tasks.c.obj
 .bss.uxDeletedTasksWaitingCleanUp
                0x20005508        0x4 CMakeFiles/test.elf.dir/Middlewares/Third_Party/FreeRTOS/Source/tasks.c.obj
 .bss.uxPendedTicks
                0x2000550c        0x4 CMakeFiles/test.elf.dir/Middlewares/Third_Party/FreeRTOS/Source/tasks.c.obj
 .bss.uxSchedulerSuspended
                0x20005510        0x4 CMakeFiles/test.elf.dir/Middlewares/Third_Party/FreeRTOS/Source/tasks.c.obj
 .bss.uxTaskNumber
                0x20005514        0x4 CMakeFiles/test.elf.dir/Middlewares/Third_Party/FreeRTOS/Source/tasks.c.obj
 .bss.uxTopReadyPriority
                0x20005518        0x4 CMakeFiles/test.elf.dir/Middlewares/Third_Party/FreeRTOS/Source/tasks.c.obj
 .bss.xDelayedTaskList1
                0x2000551c       0x14 CMakeFiles/test.elf.dir/Middlewares/Third_Party/FreeRTOS/Source/tasks.c.obj
 .bss.xDelayedTaskList2
                0x20005530       0x14 CMakeFiles/test.elf.dir/Middlewares/Third_Party/FreeRTOS/Source/tasks.c.obj
 .bss.xIdleTaskHandle
                0x20005544        0x4 CMakeFiles/test.elf.dir/Middlewares/Third_Party/FreeRTOS/Source/tasks.c.obj
 .bss.xNextTaskUnblockTime
                0x20005548        0x4 CMakeFiles/test.elf.dir/Middlewares/Third_Party/FreeRTOS/Source/tasks.c.obj
 .bss.xNumOfOverflows
                0x2000554c        0x4 CMakeFiles/test.elf.dir/Middlewares/Third_Party/FreeRTOS/Source/tasks.c.obj
 .bss.xPendingReadyList
                0x20005550       0x14 CMakeFiles/test.elf.dir/Middlewares/Third_Party/FreeRTOS/Source/tasks.c.obj
 .bss.xSchedulerRunning
                0x20005564        0x4 CMakeFiles/test.elf.dir/Middlewares/Third_Party/FreeRTOS/Source/tasks.c.obj
 .bss.xSuspendedTaskList
                0x20005568       0x14 CMakeFiles/test.elf.dir/Middlewares/Third_Party/FreeRTOS/Source/tasks.c.obj
 .bss.xTasksWaitingTermination
                0x2000557c       0x14 CMakeFiles/test.elf.dir/Middlewares/Third_Party/FreeRTOS/Source/tasks.c.obj
 .bss.xTickCount
                0x20005590        0x4 CMakeFiles/test.elf.dir/Middlewares/Third_Party/FreeRTOS/Source/tasks.c.obj
 .bss.xYieldPending
                0x20005594        0x4 CMakeFiles/test.elf.dir/Middlewares/Third_Party/FreeRTOS/Source/tasks.c.obj
 .bss.HAL_RCC_CAN1_CLK_ENABLED
                0x20005598        0x4 CMakeFiles/test.elf.dir/Src/can.c.obj
 .bss.hcan1     0x2000559c       0x28 CMakeFiles/test.elf.dir/Src/can.c.obj
                0x2000559c                hcan1
 .bss.hcan2     0x200055c4       0x28 CMakeFiles/test.elf.dir/Src/can.c.obj
                0x200055c4                hcan2
 .bss.hcrc      0x200055ec        0x8 CMakeFiles/test.elf.dir/Src/crc.c.obj
                0x200055ec                hcrc
 .bss.ChassisHandle
                0x200055f4        0x4 CMakeFiles/test.elf.dir/Src/freertos.c.obj
                0x200055f4                ChassisHandle
 .bss.DetectHandle
                0x200055f8        0x4 CMakeFiles/test.elf.dir/Src/freertos.c.obj
                0x200055f8                DetectHandle
 .bss.TransmissionHandle
                0x200055fc        0x4 CMakeFiles/test.elf.dir/Src/freertos.c.obj
                0x200055fc                TransmissionHandle
 .bss.xIdleStack
                0x20005600      0x200 CMakeFiles/test.elf.dir/Src/freertos.c.obj
 .bss.xIdleTaskTCBBuffer
                0x20005800       0x54 CMakeFiles/test.elf.dir/Src/freertos.c.obj
 .bss.temp_Iout.8
                0x20005854        0x4 CMakeFiles/test.elf.dir/UserLib/controller.c.obj
 .bss.temp_Output.7
                0x20005858        0x4 CMakeFiles/test.elf.dir/UserLib/controller.c.obj
 .bss.temp.1    0x2000585c        0x4 CMakeFiles/test.elf.dir/UserLib/user_lib.c.obj
 .bss.__lock___atexit_recursive_mutex
                0x20005860        0x1 c:/gcc-arm-none-eabi/bin/../lib/gcc/arm-none-eabi/10.3.1/../../../../arm-none-eabi/lib/thumb/v7e-m+fp/hard\libg.a(lib_a-lock.o)
                0x20005860                __lock___atexit_recursive_mutex
 *(COMMON)
                0x20005864                . = ALIGN (0x4)
 *fill*         0x20005861        0x3 
                0x20005864                _ebss = .
                0x20005864                __bss_end__ = _ebss

._user_heap_stack
                0x20005864      0x604
                0x20005868                . = ALIGN (0x8)
 *fill*         0x20005864        0x4 
                0x20005868                PROVIDE (end = .)
                [!provide]                PROVIDE (_end = .)
                0x20005a68                . = (. + _Min_Heap_Size)
 *fill*         0x20005868      0x200 
                0x20005e68                . = (. + _Min_Stack_Size)
 *fill*         0x20005a68      0x400 
                0x20005e68                . = ALIGN (0x8)

/DISCARD/
 libc.a(*)
 libm.a(*)
 libgcc.a(*)

.ARM.attributes
                0x00000000       0x30
 *(.ARM.attributes)
 .ARM.attributes
                0x00000000       0x1e c:/gcc-arm-none-eabi/bin/../lib/gcc/arm-none-eabi/10.3.1/thumb/v7e-m+fp/hard/crti.o
 .ARM.attributes
                0x0000001e       0x34 c:/gcc-arm-none-eabi/bin/../lib/gcc/arm-none-eabi/10.3.1/thumb/v7e-m+fp/hard/crtbegin.o
 .ARM.attributes
                0x00000052       0x34 CMakeFiles/test.elf.dir/APP/Chassis.c.obj
 .ARM.attributes
                0x00000086       0x34 CMakeFiles/test.elf.dir/APP/Detect.c.obj
 .ARM.attributes
                0x000000ba       0x34 CMakeFiles/test.elf.dir/APP/Transmission.c.obj
 .ARM.attributes
                0x000000ee       0x34 CMakeFiles/test.elf.dir/BSP/Src/bsp_can.c.obj
 .ARM.attributes
                0x00000122       0x34 CMakeFiles/test.elf.dir/BSP/Src/bsp_dwt.c.obj
 .ARM.attributes
                0x00000156       0x34 CMakeFiles/test.elf.dir/Drivers/STM32F4xx_HAL_Driver/Src/stm32f4xx_hal.c.obj
 .ARM.attributes
                0x0000018a       0x34 CMakeFiles/test.elf.dir/Drivers/STM32F4xx_HAL_Driver/Src/stm32f4xx_hal_can.c.obj
 .ARM.attributes
                0x000001be       0x34 CMakeFiles/test.elf.dir/Drivers/STM32F4xx_HAL_Driver/Src/stm32f4xx_hal_cortex.c.obj
 .ARM.attributes
                0x000001f2       0x34 CMakeFiles/test.elf.dir/Drivers/STM32F4xx_HAL_Driver/Src/stm32f4xx_hal_crc.c.obj
 .ARM.attributes
                0x00000226       0x34 CMakeFiles/test.elf.dir/Drivers/STM32F4xx_HAL_Driver/Src/stm32f4xx_hal_gpio.c.obj
 .ARM.attributes
                0x0000025a       0x34 CMakeFiles/test.elf.dir/Drivers/STM32F4xx_HAL_Driver/Src/stm32f4xx_hal_rcc.c.obj
 .ARM.attributes
                0x0000028e       0x34 CMakeFiles/test.elf.dir/Middlewares/Third_Party/FreeRTOS/Source/CMSIS_RTOS/cmsis_os.c.obj
 .ARM.attributes
                0x000002c2       0x34 CMakeFiles/test.elf.dir/Middlewares/Third_Party/FreeRTOS/Source/list.c.obj
 .ARM.attributes
                0x000002f6       0x34 CMakeFiles/test.elf.dir/Middlewares/Third_Party/FreeRTOS/Source/portable/GCC/ARM_CM4F/port.c.obj
 .ARM.attributes
                0x0000032a       0x34 CMakeFiles/test.elf.dir/Middlewares/Third_Party/FreeRTOS/Source/portable/MemMang/heap_4.c.obj
 .ARM.attributes
                0x0000035e       0x34 CMakeFiles/test.elf.dir/Middlewares/Third_Party/FreeRTOS/Source/tasks.c.obj
 .ARM.attributes
                0x00000392       0x34 CMakeFiles/test.elf.dir/Src/can.c.obj
 .ARM.attributes
                0x000003c6       0x34 CMakeFiles/test.elf.dir/Src/crc.c.obj
 .ARM.attributes
                0x000003fa       0x34 CMakeFiles/test.elf.dir/Src/freertos.c.obj
 .ARM.attributes
                0x0000042e       0x34 CMakeFiles/test.elf.dir/Src/gpio.c.obj
 .ARM.attributes
                0x00000462       0x34 CMakeFiles/test.elf.dir/Src/main.c.obj
 .ARM.attributes
                0x00000496       0x34 CMakeFiles/test.elf.dir/Src/stm32f4xx_hal_msp.c.obj
 .ARM.attributes
                0x000004ca       0x34 CMakeFiles/test.elf.dir/Src/stm32f4xx_it.c.obj
 .ARM.attributes
                0x000004fe       0x34 CMakeFiles/test.elf.dir/Src/system_stm32f4xx.c.obj
 .ARM.attributes
                0x00000532       0x34 CMakeFiles/test.elf.dir/UserLib/controller.c.obj
 .ARM.attributes
                0x00000566       0x34 CMakeFiles/test.elf.dir/UserLib/motor.c.obj
 .ARM.attributes
                0x0000059a       0x34 CMakeFiles/test.elf.dir/UserLib/user_lib.c.obj
 .ARM.attributes
                0x000005ce       0x21 CMakeFiles/test.elf.dir/startup/startup_stm32f407xx.s.obj
 .ARM.attributes
                0x000005ef       0x1e c:/gcc-arm-none-eabi/bin/../lib/gcc/arm-none-eabi/10.3.1/thumb/v7e-m+fp/hard\libgcc.a(_aeabi_uldivmod.o)
 .ARM.attributes
                0x0000060d       0x34 c:/gcc-arm-none-eabi/bin/../lib/gcc/arm-none-eabi/10.3.1/thumb/v7e-m+fp/hard\libgcc.a(_udivmoddi4.o)
 .ARM.attributes
                0x00000641       0x1e c:/gcc-arm-none-eabi/bin/../lib/gcc/arm-none-eabi/10.3.1/thumb/v7e-m+fp/hard\libgcc.a(_dvmd_tls.o)
 .ARM.attributes
                0x0000065f       0x34 c:/gcc-arm-none-eabi/bin/../lib/gcc/arm-none-eabi/10.3.1/../../../../arm-none-eabi/lib/thumb/v7e-m+fp/hard\libg.a(lib_a-impure.o)
 .ARM.attributes
                0x00000693       0x34 c:/gcc-arm-none-eabi/bin/../lib/gcc/arm-none-eabi/10.3.1/../../../../arm-none-eabi/lib/thumb/v7e-m+fp/hard\libg.a(lib_a-init.o)
 .ARM.attributes
                0x000006c7       0x34 c:/gcc-arm-none-eabi/bin/../lib/gcc/arm-none-eabi/10.3.1/../../../../arm-none-eabi/lib/thumb/v7e-m+fp/hard\libg.a(lib_a-memset.o)
 .ARM.attributes
                0x000006fb       0x34 c:/gcc-arm-none-eabi/bin/../lib/gcc/arm-none-eabi/10.3.1/../../../../arm-none-eabi/lib/thumb/v7e-m+fp/hard\libg.a(lib_a-__call_atexit.o)
 .ARM.attributes
                0x0000072f       0x34 c:/gcc-arm-none-eabi/bin/../lib/gcc/arm-none-eabi/10.3.1/../../../../arm-none-eabi/lib/thumb/v7e-m+fp/hard\libg.a(lib_a-atexit.o)
 .ARM.attributes
                0x00000763       0x34 c:/gcc-arm-none-eabi/bin/../lib/gcc/arm-none-eabi/10.3.1/../../../../arm-none-eabi/lib/thumb/v7e-m+fp/hard\libg.a(lib_a-fini.o)
 .ARM.attributes
                0x00000797       0x34 c:/gcc-arm-none-eabi/bin/../lib/gcc/arm-none-eabi/10.3.1/../../../../arm-none-eabi/lib/thumb/v7e-m+fp/hard\libg.a(lib_a-lock.o)
 .ARM.attributes
                0x000007cb       0x34 c:/gcc-arm-none-eabi/bin/../lib/gcc/arm-none-eabi/10.3.1/../../../../arm-none-eabi/lib/thumb/v7e-m+fp/hard\libg.a(lib_a-__atexit.o)
 .ARM.attributes
                0x000007ff       0x1e c:/gcc-arm-none-eabi/bin/../lib/gcc/arm-none-eabi/10.3.1/thumb/v7e-m+fp/hard/crtn.o
OUTPUT(test.elf elf32-littlearm)
LOAD linker stubs
LOAD c:/gcc-arm-none-eabi/bin/../lib/gcc/arm-none-eabi/10.3.1/../../../../arm-none-eabi/lib/thumb/v7e-m+fp/hard\libc.a
LOAD c:/gcc-arm-none-eabi/bin/../lib/gcc/arm-none-eabi/10.3.1/../../../../arm-none-eabi/lib/thumb/v7e-m+fp/hard\libm.a
LOAD c:/gcc-arm-none-eabi/bin/../lib/gcc/arm-none-eabi/10.3.1/thumb/v7e-m+fp/hard\libgcc.a

.debug_info     0x00000000    0x129dc
 .debug_info    0x00000000     0x1a46 CMakeFiles/test.elf.dir/APP/Chassis.c.obj
 .debug_info    0x00001a46      0x383 CMakeFiles/test.elf.dir/APP/Detect.c.obj
 .debug_info    0x00001dc9      0x1db CMakeFiles/test.elf.dir/APP/Transmission.c.obj
 .debug_info    0x00001fa4     0x1208 CMakeFiles/test.elf.dir/BSP/Src/bsp_can.c.obj
 .debug_info    0x000031ac      0x3f3 CMakeFiles/test.elf.dir/BSP/Src/bsp_dwt.c.obj
 .debug_info    0x0000359f      0x9f0 CMakeFiles/test.elf.dir/Drivers/STM32F4xx_HAL_Driver/Src/stm32f4xx_hal.c.obj
 .debug_info    0x00003f8f     0x126a CMakeFiles/test.elf.dir/Drivers/STM32F4xx_HAL_Driver/Src/stm32f4xx_hal_can.c.obj
 .debug_info    0x000051f9     0x1098 CMakeFiles/test.elf.dir/Drivers/STM32F4xx_HAL_Driver/Src/stm32f4xx_hal_cortex.c.obj
 .debug_info    0x00006291      0x3e9 CMakeFiles/test.elf.dir/Drivers/STM32F4xx_HAL_Driver/Src/stm32f4xx_hal_crc.c.obj
 .debug_info    0x0000667a      0x79b CMakeFiles/test.elf.dir/Drivers/STM32F4xx_HAL_Driver/Src/stm32f4xx_hal_gpio.c.obj
 .debug_info    0x00006e15      0xb03 CMakeFiles/test.elf.dir/Drivers/STM32F4xx_HAL_Driver/Src/stm32f4xx_hal_rcc.c.obj
 .debug_info    0x00007918     0x222b CMakeFiles/test.elf.dir/Middlewares/Third_Party/FreeRTOS/Source/CMSIS_RTOS/cmsis_os.c.obj
 .debug_info    0x00009b43      0x2e0 CMakeFiles/test.elf.dir/Middlewares/Third_Party/FreeRTOS/Source/list.c.obj
 .debug_info    0x00009e23      0x587 CMakeFiles/test.elf.dir/Middlewares/Third_Party/FreeRTOS/Source/portable/GCC/ARM_CM4F/port.c.obj
 .debug_info    0x0000a3aa      0x471 CMakeFiles/test.elf.dir/Middlewares/Third_Party/FreeRTOS/Source/portable/MemMang/heap_4.c.obj
 .debug_info    0x0000a81b     0x2877 CMakeFiles/test.elf.dir/Middlewares/Third_Party/FreeRTOS/Source/tasks.c.obj
 .debug_info    0x0000d092      0xcb4 CMakeFiles/test.elf.dir/Src/can.c.obj
 .debug_info    0x0000dd46      0x48d CMakeFiles/test.elf.dir/Src/crc.c.obj
 .debug_info    0x0000e1d3      0x546 CMakeFiles/test.elf.dir/Src/freertos.c.obj
 .debug_info    0x0000e719      0x479 CMakeFiles/test.elf.dir/Src/gpio.c.obj
 .debug_info    0x0000eb92      0x6d9 CMakeFiles/test.elf.dir/Src/main.c.obj
 .debug_info    0x0000f26b      0x4f8 CMakeFiles/test.elf.dir/Src/stm32f4xx_hal_msp.c.obj
 .debug_info    0x0000f763      0x5a8 CMakeFiles/test.elf.dir/Src/stm32f4xx_it.c.obj
 .debug_info    0x0000fd0b      0x538 CMakeFiles/test.elf.dir/Src/system_stm32f4xx.c.obj
 .debug_info    0x00010243     0x13bf CMakeFiles/test.elf.dir/UserLib/controller.c.obj
 .debug_info    0x00011602      0xba3 CMakeFiles/test.elf.dir/UserLib/motor.c.obj
 .debug_info    0x000121a5      0x815 CMakeFiles/test.elf.dir/UserLib/user_lib.c.obj
 .debug_info    0x000129ba       0x22 CMakeFiles/test.elf.dir/startup/startup_stm32f407xx.s.obj

.debug_abbrev   0x00000000     0x36fe
 .debug_abbrev  0x00000000      0x3e4 CMakeFiles/test.elf.dir/APP/Chassis.c.obj
 .debug_abbrev  0x000003e4      0x1c1 CMakeFiles/test.elf.dir/APP/Detect.c.obj
 .debug_abbrev  0x000005a5      0x11a CMakeFiles/test.elf.dir/APP/Transmission.c.obj
 .debug_abbrev  0x000006bf      0x255 CMakeFiles/test.elf.dir/BSP/Src/bsp_can.c.obj
 .debug_abbrev  0x00000914      0x12d CMakeFiles/test.elf.dir/BSP/Src/bsp_dwt.c.obj
 .debug_abbrev  0x00000a41      0x206 CMakeFiles/test.elf.dir/Drivers/STM32F4xx_HAL_Driver/Src/stm32f4xx_hal.c.obj
 .debug_abbrev  0x00000c47      0x267 CMakeFiles/test.elf.dir/Drivers/STM32F4xx_HAL_Driver/Src/stm32f4xx_hal_can.c.obj
 .debug_abbrev  0x00000eae      0x36a CMakeFiles/test.elf.dir/Drivers/STM32F4xx_HAL_Driver/Src/stm32f4xx_hal_cortex.c.obj
 .debug_abbrev  0x00001218      0x1c2 CMakeFiles/test.elf.dir/Drivers/STM32F4xx_HAL_Driver/Src/stm32f4xx_hal_crc.c.obj
 .debug_abbrev  0x000013da      0x1ef CMakeFiles/test.elf.dir/Drivers/STM32F4xx_HAL_Driver/Src/stm32f4xx_hal_gpio.c.obj
 .debug_abbrev  0x000015c9      0x28a CMakeFiles/test.elf.dir/Drivers/STM32F4xx_HAL_Driver/Src/stm32f4xx_hal_rcc.c.obj
 .debug_abbrev  0x00001853      0x35b CMakeFiles/test.elf.dir/Middlewares/Third_Party/FreeRTOS/Source/CMSIS_RTOS/cmsis_os.c.obj
 .debug_abbrev  0x00001bae      0x106 CMakeFiles/test.elf.dir/Middlewares/Third_Party/FreeRTOS/Source/list.c.obj
 .debug_abbrev  0x00001cb4      0x26b CMakeFiles/test.elf.dir/Middlewares/Third_Party/FreeRTOS/Source/portable/GCC/ARM_CM4F/port.c.obj
 .debug_abbrev  0x00001f1f      0x238 CMakeFiles/test.elf.dir/Middlewares/Third_Party/FreeRTOS/Source/portable/MemMang/heap_4.c.obj
 .debug_abbrev  0x00002157      0x313 CMakeFiles/test.elf.dir/Middlewares/Third_Party/FreeRTOS/Source/tasks.c.obj
 .debug_abbrev  0x0000246a      0x1f6 CMakeFiles/test.elf.dir/Src/can.c.obj
 .debug_abbrev  0x00002660      0x177 CMakeFiles/test.elf.dir/Src/crc.c.obj
 .debug_abbrev  0x000027d7      0x172 CMakeFiles/test.elf.dir/Src/freertos.c.obj
 .debug_abbrev  0x00002949      0x14e CMakeFiles/test.elf.dir/Src/gpio.c.obj
 .debug_abbrev  0x00002a97      0x1c6 CMakeFiles/test.elf.dir/Src/main.c.obj
 .debug_abbrev  0x00002c5d      0x119 CMakeFiles/test.elf.dir/Src/stm32f4xx_hal_msp.c.obj
 .debug_abbrev  0x00002d76      0x195 CMakeFiles/test.elf.dir/Src/stm32f4xx_it.c.obj
 .debug_abbrev  0x00002f0b      0x119 CMakeFiles/test.elf.dir/Src/system_stm32f4xx.c.obj
 .debug_abbrev  0x00003024      0x2b6 CMakeFiles/test.elf.dir/UserLib/controller.c.obj
 .debug_abbrev  0x000032da      0x1ea CMakeFiles/test.elf.dir/UserLib/motor.c.obj
 .debug_abbrev  0x000034c4      0x228 CMakeFiles/test.elf.dir/UserLib/user_lib.c.obj
 .debug_abbrev  0x000036ec       0x12 CMakeFiles/test.elf.dir/startup/startup_stm32f407xx.s.obj

.debug_loc      0x00000000     0x726d
 .debug_loc     0x00000000      0x291 CMakeFiles/test.elf.dir/APP/Chassis.c.obj
 .debug_loc     0x00000291      0x129 CMakeFiles/test.elf.dir/APP/Detect.c.obj
 .debug_loc     0x000003ba       0x25 CMakeFiles/test.elf.dir/APP/Transmission.c.obj
 .debug_loc     0x000003df       0x45 CMakeFiles/test.elf.dir/BSP/Src/bsp_can.c.obj
 .debug_loc     0x00000424       0x9b CMakeFiles/test.elf.dir/BSP/Src/bsp_dwt.c.obj
 .debug_loc     0x000004bf      0x141 CMakeFiles/test.elf.dir/Drivers/STM32F4xx_HAL_Driver/Src/stm32f4xx_hal.c.obj
 .debug_loc     0x00000600      0xde6 CMakeFiles/test.elf.dir/Drivers/STM32F4xx_HAL_Driver/Src/stm32f4xx_hal_can.c.obj
 .debug_loc     0x000013e6      0x744 CMakeFiles/test.elf.dir/Drivers/STM32F4xx_HAL_Driver/Src/stm32f4xx_hal_cortex.c.obj
 .debug_loc     0x00001b2a      0x213 CMakeFiles/test.elf.dir/Drivers/STM32F4xx_HAL_Driver/Src/stm32f4xx_hal_crc.c.obj
 .debug_loc     0x00001d3d      0x4ff CMakeFiles/test.elf.dir/Drivers/STM32F4xx_HAL_Driver/Src/stm32f4xx_hal_gpio.c.obj
 .debug_loc     0x0000223c      0x58c CMakeFiles/test.elf.dir/Drivers/STM32F4xx_HAL_Driver/Src/stm32f4xx_hal_rcc.c.obj
 .debug_loc     0x000027c8     0x12e6 CMakeFiles/test.elf.dir/Middlewares/Third_Party/FreeRTOS/Source/CMSIS_RTOS/cmsis_os.c.obj
 .debug_loc     0x00003aae       0xad CMakeFiles/test.elf.dir/Middlewares/Third_Party/FreeRTOS/Source/list.c.obj
 .debug_loc     0x00003b5b      0x124 CMakeFiles/test.elf.dir/Middlewares/Third_Party/FreeRTOS/Source/portable/GCC/ARM_CM4F/port.c.obj
 .debug_loc     0x00003c7f      0x331 CMakeFiles/test.elf.dir/Middlewares/Third_Party/FreeRTOS/Source/portable/MemMang/heap_4.c.obj
 .debug_loc     0x00003fb0     0x1dc0 CMakeFiles/test.elf.dir/Middlewares/Third_Party/FreeRTOS/Source/tasks.c.obj
 .debug_loc     0x00005d70       0xcb CMakeFiles/test.elf.dir/Src/can.c.obj
 .debug_loc     0x00005e3b       0x6f CMakeFiles/test.elf.dir/Src/freertos.c.obj
 .debug_loc     0x00005eaa      0x158 CMakeFiles/test.elf.dir/Src/system_stm32f4xx.c.obj
 .debug_loc     0x00006002      0xb46 CMakeFiles/test.elf.dir/UserLib/controller.c.obj
 .debug_loc     0x00006b48      0x219 CMakeFiles/test.elf.dir/UserLib/motor.c.obj
 .debug_loc     0x00006d61      0x50c CMakeFiles/test.elf.dir/UserLib/user_lib.c.obj

.debug_aranges  0x00000000      0xd20
 .debug_aranges
                0x00000000       0x70 CMakeFiles/test.elf.dir/APP/Chassis.c.obj
 .debug_aranges
                0x00000070       0x38 CMakeFiles/test.elf.dir/APP/Detect.c.obj
 .debug_aranges
                0x000000a8       0x20 CMakeFiles/test.elf.dir/APP/Transmission.c.obj
 .debug_aranges
                0x000000c8       0x30 CMakeFiles/test.elf.dir/BSP/Src/bsp_can.c.obj
 .debug_aranges
                0x000000f8       0x38 CMakeFiles/test.elf.dir/BSP/Src/bsp_dwt.c.obj
 .debug_aranges
                0x00000130       0xf0 CMakeFiles/test.elf.dir/Drivers/STM32F4xx_HAL_Driver/Src/stm32f4xx_hal.c.obj
 .debug_aranges
                0x00000220      0x138 CMakeFiles/test.elf.dir/Drivers/STM32F4xx_HAL_Driver/Src/stm32f4xx_hal_can.c.obj
 .debug_aranges
                0x00000358       0xa8 CMakeFiles/test.elf.dir/Drivers/STM32F4xx_HAL_Driver/Src/stm32f4xx_hal_cortex.c.obj
 .debug_aranges
                0x00000400       0x50 CMakeFiles/test.elf.dir/Drivers/STM32F4xx_HAL_Driver/Src/stm32f4xx_hal_crc.c.obj
 .debug_aranges
                0x00000450       0x58 CMakeFiles/test.elf.dir/Drivers/STM32F4xx_HAL_Driver/Src/stm32f4xx_hal_gpio.c.obj
 .debug_aranges
                0x000004a8       0x88 CMakeFiles/test.elf.dir/Drivers/STM32F4xx_HAL_Driver/Src/stm32f4xx_hal_rcc.c.obj
 .debug_aranges
                0x00000530      0x1d8 CMakeFiles/test.elf.dir/Middlewares/Third_Party/FreeRTOS/Source/CMSIS_RTOS/cmsis_os.c.obj
 .debug_aranges
                0x00000708       0x40 CMakeFiles/test.elf.dir/Middlewares/Third_Party/FreeRTOS/Source/list.c.obj
 .debug_aranges
                0x00000748       0x80 CMakeFiles/test.elf.dir/Middlewares/Third_Party/FreeRTOS/Source/portable/GCC/ARM_CM4F/port.c.obj
 .debug_aranges
                0x000007c8       0x50 CMakeFiles/test.elf.dir/Middlewares/Third_Party/FreeRTOS/Source/portable/MemMang/heap_4.c.obj
 .debug_aranges
                0x00000818      0x1a8 CMakeFiles/test.elf.dir/Middlewares/Third_Party/FreeRTOS/Source/tasks.c.obj
 .debug_aranges
                0x000009c0       0x38 CMakeFiles/test.elf.dir/Src/can.c.obj
 .debug_aranges
                0x000009f8       0x30 CMakeFiles/test.elf.dir/Src/crc.c.obj
 .debug_aranges
                0x00000a28       0x40 CMakeFiles/test.elf.dir/Src/freertos.c.obj
 .debug_aranges
                0x00000a68       0x20 CMakeFiles/test.elf.dir/Src/gpio.c.obj
 .debug_aranges
                0x00000a88       0x30 CMakeFiles/test.elf.dir/Src/main.c.obj
 .debug_aranges
                0x00000ab8       0x20 CMakeFiles/test.elf.dir/Src/stm32f4xx_hal_msp.c.obj
 .debug_aranges
                0x00000ad8       0x60 CMakeFiles/test.elf.dir/Src/stm32f4xx_it.c.obj
 .debug_aranges
                0x00000b38       0x28 CMakeFiles/test.elf.dir/Src/system_stm32f4xx.c.obj
 .debug_aranges
                0x00000b60       0xc0 CMakeFiles/test.elf.dir/UserLib/controller.c.obj
 .debug_aranges
                0x00000c20       0x40 CMakeFiles/test.elf.dir/UserLib/motor.c.obj
 .debug_aranges
                0x00000c60       0x98 CMakeFiles/test.elf.dir/UserLib/user_lib.c.obj
 .debug_aranges
                0x00000cf8       0x28 CMakeFiles/test.elf.dir/startup/startup_stm32f407xx.s.obj

.debug_ranges   0x00000000      0xd18
 .debug_ranges  0x00000000       0x78 CMakeFiles/test.elf.dir/APP/Chassis.c.obj
 .debug_ranges  0x00000078       0x60 CMakeFiles/test.elf.dir/APP/Detect.c.obj
 .debug_ranges  0x000000d8       0x10 CMakeFiles/test.elf.dir/APP/Transmission.c.obj
 .debug_ranges  0x000000e8       0x20 CMakeFiles/test.elf.dir/BSP/Src/bsp_can.c.obj
 .debug_ranges  0x00000108       0x28 CMakeFiles/test.elf.dir/BSP/Src/bsp_dwt.c.obj
 .debug_ranges  0x00000130       0xe0 CMakeFiles/test.elf.dir/Drivers/STM32F4xx_HAL_Driver/Src/stm32f4xx_hal.c.obj
 .debug_ranges  0x00000210      0x128 CMakeFiles/test.elf.dir/Drivers/STM32F4xx_HAL_Driver/Src/stm32f4xx_hal_can.c.obj
 .debug_ranges  0x00000338       0xf8 CMakeFiles/test.elf.dir/Drivers/STM32F4xx_HAL_Driver/Src/stm32f4xx_hal_cortex.c.obj
 .debug_ranges  0x00000430       0x40 CMakeFiles/test.elf.dir/Drivers/STM32F4xx_HAL_Driver/Src/stm32f4xx_hal_crc.c.obj
 .debug_ranges  0x00000470       0x48 CMakeFiles/test.elf.dir/Drivers/STM32F4xx_HAL_Driver/Src/stm32f4xx_hal_gpio.c.obj
 .debug_ranges  0x000004b8       0x90 CMakeFiles/test.elf.dir/Drivers/STM32F4xx_HAL_Driver/Src/stm32f4xx_hal_rcc.c.obj
 .debug_ranges  0x00000548      0x1c8 CMakeFiles/test.elf.dir/Middlewares/Third_Party/FreeRTOS/Source/CMSIS_RTOS/cmsis_os.c.obj
 .debug_ranges  0x00000710       0x30 CMakeFiles/test.elf.dir/Middlewares/Third_Party/FreeRTOS/Source/list.c.obj
 .debug_ranges  0x00000740       0x88 CMakeFiles/test.elf.dir/Middlewares/Third_Party/FreeRTOS/Source/portable/GCC/ARM_CM4F/port.c.obj
 .debug_ranges  0x000007c8       0x40 CMakeFiles/test.elf.dir/Middlewares/Third_Party/FreeRTOS/Source/portable/MemMang/heap_4.c.obj
 .debug_ranges  0x00000808      0x268 CMakeFiles/test.elf.dir/Middlewares/Third_Party/FreeRTOS/Source/tasks.c.obj
 .debug_ranges  0x00000a70       0x28 CMakeFiles/test.elf.dir/Src/can.c.obj
 .debug_ranges  0x00000a98       0x20 CMakeFiles/test.elf.dir/Src/crc.c.obj
 .debug_ranges  0x00000ab8       0x30 CMakeFiles/test.elf.dir/Src/freertos.c.obj
 .debug_ranges  0x00000ae8       0x10 CMakeFiles/test.elf.dir/Src/gpio.c.obj
 .debug_ranges  0x00000af8       0x20 CMakeFiles/test.elf.dir/Src/main.c.obj
 .debug_ranges  0x00000b18       0x10 CMakeFiles/test.elf.dir/Src/stm32f4xx_hal_msp.c.obj
 .debug_ranges  0x00000b28       0x50 CMakeFiles/test.elf.dir/Src/stm32f4xx_it.c.obj
 .debug_ranges  0x00000b78       0x18 CMakeFiles/test.elf.dir/Src/system_stm32f4xx.c.obj
 .debug_ranges  0x00000b90       0xb0 CMakeFiles/test.elf.dir/UserLib/controller.c.obj
 .debug_ranges  0x00000c40       0x30 CMakeFiles/test.elf.dir/UserLib/motor.c.obj
 .debug_ranges  0x00000c70       0x88 CMakeFiles/test.elf.dir/UserLib/user_lib.c.obj
 .debug_ranges  0x00000cf8       0x20 CMakeFiles/test.elf.dir/startup/startup_stm32f407xx.s.obj

.debug_line     0x00000000     0xcdc1
 .debug_line    0x00000000      0x99d CMakeFiles/test.elf.dir/APP/Chassis.c.obj
 .debug_line    0x0000099d      0x45a CMakeFiles/test.elf.dir/APP/Detect.c.obj
 .debug_line    0x00000df7      0x211 CMakeFiles/test.elf.dir/APP/Transmission.c.obj
 .debug_line    0x00001008      0x59f CMakeFiles/test.elf.dir/BSP/Src/bsp_can.c.obj
 .debug_line    0x000015a7      0x23a CMakeFiles/test.elf.dir/BSP/Src/bsp_dwt.c.obj
 .debug_line    0x000017e1      0x5a1 CMakeFiles/test.elf.dir/Drivers/STM32F4xx_HAL_Driver/Src/stm32f4xx_hal.c.obj
 .debug_line    0x00001d82     0x1119 CMakeFiles/test.elf.dir/Drivers/STM32F4xx_HAL_Driver/Src/stm32f4xx_hal_can.c.obj
 .debug_line    0x00002e9b      0x7b4 CMakeFiles/test.elf.dir/Drivers/STM32F4xx_HAL_Driver/Src/stm32f4xx_hal_cortex.c.obj
 .debug_line    0x0000364f      0x3ef CMakeFiles/test.elf.dir/Drivers/STM32F4xx_HAL_Driver/Src/stm32f4xx_hal_crc.c.obj
 .debug_line    0x00003a3e      0x6fa CMakeFiles/test.elf.dir/Drivers/STM32F4xx_HAL_Driver/Src/stm32f4xx_hal_gpio.c.obj
 .debug_line    0x00004138      0xb2f CMakeFiles/test.elf.dir/Drivers/STM32F4xx_HAL_Driver/Src/stm32f4xx_hal_rcc.c.obj
 .debug_line    0x00004c67     0x11c6 CMakeFiles/test.elf.dir/Middlewares/Third_Party/FreeRTOS/Source/CMSIS_RTOS/cmsis_os.c.obj
 .debug_line    0x00005e2d      0x377 CMakeFiles/test.elf.dir/Middlewares/Third_Party/FreeRTOS/Source/list.c.obj
 .debug_line    0x000061a4      0x723 CMakeFiles/test.elf.dir/Middlewares/Third_Party/FreeRTOS/Source/portable/GCC/ARM_CM4F/port.c.obj
 .debug_line    0x000068c7      0x655 CMakeFiles/test.elf.dir/Middlewares/Third_Party/FreeRTOS/Source/portable/MemMang/heap_4.c.obj
 .debug_line    0x00006f1c     0x23d6 CMakeFiles/test.elf.dir/Middlewares/Third_Party/FreeRTOS/Source/tasks.c.obj
 .debug_line    0x000092f2      0x4f5 CMakeFiles/test.elf.dir/Src/can.c.obj
 .debug_line    0x000097e7      0x247 CMakeFiles/test.elf.dir/Src/crc.c.obj
 .debug_line    0x00009a2e      0x2e4 CMakeFiles/test.elf.dir/Src/freertos.c.obj
 .debug_line    0x00009d12      0x1d5 CMakeFiles/test.elf.dir/Src/gpio.c.obj
 .debug_line    0x00009ee7      0x431 CMakeFiles/test.elf.dir/Src/main.c.obj
 .debug_line    0x0000a318      0x1b0 CMakeFiles/test.elf.dir/Src/stm32f4xx_hal_msp.c.obj
 .debug_line    0x0000a4c8      0x3c8 CMakeFiles/test.elf.dir/Src/stm32f4xx_it.c.obj
 .debug_line    0x0000a890      0x271 CMakeFiles/test.elf.dir/Src/system_stm32f4xx.c.obj
 .debug_line    0x0000ab01     0x13c4 CMakeFiles/test.elf.dir/UserLib/controller.c.obj
 .debug_line    0x0000bec5      0x32a CMakeFiles/test.elf.dir/UserLib/motor.c.obj
 .debug_line    0x0000c1ef      0xb39 CMakeFiles/test.elf.dir/UserLib/user_lib.c.obj
 .debug_line    0x0000cd28       0x99 CMakeFiles/test.elf.dir/startup/startup_stm32f407xx.s.obj

.debug_str      0x00000000     0x53b6
 .debug_str     0x00000000     0x1018 CMakeFiles/test.elf.dir/APP/Chassis.c.obj
                               0x11ad (size before relaxing)
 .debug_str     0x00001018       0xcb CMakeFiles/test.elf.dir/APP/Detect.c.obj
                                0x418 (size before relaxing)
 .debug_str     0x000010e3       0x84 CMakeFiles/test.elf.dir/APP/Transmission.c.obj
                                0x26e (size before relaxing)
 .debug_str     0x00001167      0x221 CMakeFiles/test.elf.dir/BSP/Src/bsp_can.c.obj
                                0xd8a (size before relaxing)
 .debug_str     0x00001388      0x277 CMakeFiles/test.elf.dir/BSP/Src/bsp_dwt.c.obj
                                0x39b (size before relaxing)
 .debug_str     0x000015ff      0x94b CMakeFiles/test.elf.dir/Drivers/STM32F4xx_HAL_Driver/Src/stm32f4xx_hal.c.obj
                                0xba3 (size before relaxing)
 .debug_str     0x00001f4a      0x41f CMakeFiles/test.elf.dir/Drivers/STM32F4xx_HAL_Driver/Src/stm32f4xx_hal_can.c.obj
                                0xa94 (size before relaxing)
 .debug_str     0x00002369      0x4b3 CMakeFiles/test.elf.dir/Drivers/STM32F4xx_HAL_Driver/Src/stm32f4xx_hal_cortex.c.obj
                                0xc75 (size before relaxing)
 .debug_str     0x0000281c      0x1b1 CMakeFiles/test.elf.dir/Drivers/STM32F4xx_HAL_Driver/Src/stm32f4xx_hal_crc.c.obj
                                0x3ec (size before relaxing)
 .debug_str     0x000029cd      0x1a4 CMakeFiles/test.elf.dir/Drivers/STM32F4xx_HAL_Driver/Src/stm32f4xx_hal_gpio.c.obj
                                0x529 (size before relaxing)
 .debug_str     0x00002b71      0x331 CMakeFiles/test.elf.dir/Drivers/STM32F4xx_HAL_Driver/Src/stm32f4xx_hal_rcc.c.obj
                                0x74f (size before relaxing)
 .debug_str     0x00002ea2      0xd63 CMakeFiles/test.elf.dir/Middlewares/Third_Party/FreeRTOS/Source/CMSIS_RTOS/cmsis_os.c.obj
                               0x1096 (size before relaxing)
 .debug_str     0x00003c05      0x154 CMakeFiles/test.elf.dir/Middlewares/Third_Party/FreeRTOS/Source/list.c.obj
                                0x34b (size before relaxing)
 .debug_str     0x00003d59      0x254 CMakeFiles/test.elf.dir/Middlewares/Third_Party/FreeRTOS/Source/portable/GCC/ARM_CM4F/port.c.obj
                                0x4cb (size before relaxing)
 .debug_str     0x00003fad      0x203 CMakeFiles/test.elf.dir/Middlewares/Third_Party/FreeRTOS/Source/portable/MemMang/heap_4.c.obj
                                0x434 (size before relaxing)
 .debug_str     0x000041b0      0x900 CMakeFiles/test.elf.dir/Middlewares/Third_Party/FreeRTOS/Source/tasks.c.obj
                               0x101f (size before relaxing)
 .debug_str     0x00004ab0       0x73 CMakeFiles/test.elf.dir/Src/can.c.obj
                                0xbc5 (size before relaxing)
 .debug_str     0x00004b23       0x3e CMakeFiles/test.elf.dir/Src/crc.c.obj
                                0x45d (size before relaxing)
 .debug_str     0x00004b61       0xf0 CMakeFiles/test.elf.dir/Src/freertos.c.obj
                                0x55c (size before relaxing)
 .debug_str     0x00004c51       0x36 CMakeFiles/test.elf.dir/Src/gpio.c.obj
                                0x3b0 (size before relaxing)
 .debug_str     0x00004c87       0x60 CMakeFiles/test.elf.dir/Src/main.c.obj
                                0x59b (size before relaxing)
 .debug_str     0x00004ce7       0x36 CMakeFiles/test.elf.dir/Src/stm32f4xx_hal_msp.c.obj
                                0x802 (size before relaxing)
 .debug_str     0x00004d1d       0xce CMakeFiles/test.elf.dir/Src/stm32f4xx_it.c.obj
                                0x588 (size before relaxing)
 .debug_str     0x00004deb       0x60 CMakeFiles/test.elf.dir/Src/system_stm32f4xx.c.obj
                                0x3b9 (size before relaxing)
 .debug_str     0x00004e4b      0x37b CMakeFiles/test.elf.dir/UserLib/controller.c.obj
                                0x9e7 (size before relaxing)
 .debug_str     0x000051c6       0xa7 CMakeFiles/test.elf.dir/UserLib/motor.c.obj
                                0x7cd (size before relaxing)
 .debug_str     0x0000526d       0xff CMakeFiles/test.elf.dir/UserLib/user_lib.c.obj
                                0x3cf (size before relaxing)
 .debug_str     0x0000536c       0x4a CMakeFiles/test.elf.dir/startup/startup_stm32f407xx.s.obj
                                 0x86 (size before relaxing)

.comment        0x00000000       0x96
 .comment       0x00000000       0x49 CMakeFiles/test.elf.dir/APP/Chassis.c.obj
                                 0x4a (size before relaxing)
 .comment       0x00000049       0x4a CMakeFiles/test.elf.dir/APP/Detect.c.obj
 .comment       0x00000049       0x4a CMakeFiles/test.elf.dir/APP/Transmission.c.obj
 .comment       0x00000049       0x4a CMakeFiles/test.elf.dir/BSP/Src/bsp_can.c.obj
 .comment       0x00000049       0x4d CMakeFiles/test.elf.dir/BSP/Src/bsp_dwt.c.obj
                                 0x4e (size before relaxing)
 .comment       0x00000096       0x4e CMakeFiles/test.elf.dir/Drivers/STM32F4xx_HAL_Driver/Src/stm32f4xx_hal.c.obj
 .comment       0x00000096       0x4e CMakeFiles/test.elf.dir/Drivers/STM32F4xx_HAL_Driver/Src/stm32f4xx_hal_can.c.obj
 .comment       0x00000096       0x4e CMakeFiles/test.elf.dir/Drivers/STM32F4xx_HAL_Driver/Src/stm32f4xx_hal_cortex.c.obj
 .comment       0x00000096       0x4e CMakeFiles/test.elf.dir/Drivers/STM32F4xx_HAL_Driver/Src/stm32f4xx_hal_crc.c.obj
 .comment       0x00000096       0x4e CMakeFiles/test.elf.dir/Drivers/STM32F4xx_HAL_Driver/Src/stm32f4xx_hal_gpio.c.obj
 .comment       0x00000096       0x4e CMakeFiles/test.elf.dir/Drivers/STM32F4xx_HAL_Driver/Src/stm32f4xx_hal_rcc.c.obj
 .comment       0x00000096       0x4e CMakeFiles/test.elf.dir/Middlewares/Third_Party/FreeRTOS/Source/CMSIS_RTOS/cmsis_os.c.obj
 .comment       0x00000096       0x4e CMakeFiles/test.elf.dir/Middlewares/Third_Party/FreeRTOS/Source/list.c.obj
 .comment       0x00000096       0x4e CMakeFiles/test.elf.dir/Middlewares/Third_Party/FreeRTOS/Source/portable/GCC/ARM_CM4F/port.c.obj
 .comment       0x00000096       0x4e CMakeFiles/test.elf.dir/Middlewares/Third_Party/FreeRTOS/Source/portable/MemMang/heap_4.c.obj
 .comment       0x00000096       0x4e CMakeFiles/test.elf.dir/Middlewares/Third_Party/FreeRTOS/Source/tasks.c.obj
 .comment       0x00000096       0x4e CMakeFiles/test.elf.dir/Src/can.c.obj
 .comment       0x00000096       0x4e CMakeFiles/test.elf.dir/Src/crc.c.obj
 .comment       0x00000096       0x4e CMakeFiles/test.elf.dir/Src/freertos.c.obj
 .comment       0x00000096       0x4e CMakeFiles/test.elf.dir/Src/gpio.c.obj
 .comment       0x00000096       0x4a CMakeFiles/test.elf.dir/Src/main.c.obj
 .comment       0x00000096       0x4e CMakeFiles/test.elf.dir/Src/stm32f4xx_hal_msp.c.obj
 .comment       0x00000096       0x4e CMakeFiles/test.elf.dir/Src/stm32f4xx_it.c.obj
 .comment       0x00000096       0x4e CMakeFiles/test.elf.dir/Src/system_stm32f4xx.c.obj
 .comment       0x00000096       0x4a CMakeFiles/test.elf.dir/UserLib/controller.c.obj
 .comment       0x00000096       0x4a CMakeFiles/test.elf.dir/UserLib/motor.c.obj
 .comment       0x00000096       0x4e CMakeFiles/test.elf.dir/UserLib/user_lib.c.obj

.debug_frame    0x00000000     0x2280
 .debug_frame   0x00000000      0x134 CMakeFiles/test.elf.dir/APP/Chassis.c.obj
 .debug_frame   0x00000134       0x64 CMakeFiles/test.elf.dir/APP/Detect.c.obj
 .debug_frame   0x00000198       0x28 CMakeFiles/test.elf.dir/APP/Transmission.c.obj
 .debug_frame   0x000001c0       0x74 CMakeFiles/test.elf.dir/BSP/Src/bsp_can.c.obj
 .debug_frame   0x00000234       0x88 CMakeFiles/test.elf.dir/BSP/Src/bsp_dwt.c.obj
 .debug_frame   0x000002bc      0x1ec CMakeFiles/test.elf.dir/Drivers/STM32F4xx_HAL_Driver/Src/stm32f4xx_hal.c.obj
 .debug_frame   0x000004a8      0x2d8 CMakeFiles/test.elf.dir/Drivers/STM32F4xx_HAL_Driver/Src/stm32f4xx_hal_can.c.obj
 .debug_frame   0x00000780      0x148 CMakeFiles/test.elf.dir/Drivers/STM32F4xx_HAL_Driver/Src/stm32f4xx_hal_cortex.c.obj
 .debug_frame   0x000008c8       0xb8 CMakeFiles/test.elf.dir/Drivers/STM32F4xx_HAL_Driver/Src/stm32f4xx_hal_crc.c.obj
 .debug_frame   0x00000980       0xd8 CMakeFiles/test.elf.dir/Drivers/STM32F4xx_HAL_Driver/Src/stm32f4xx_hal_gpio.c.obj
 .debug_frame   0x00000a58      0x16c CMakeFiles/test.elf.dir/Drivers/STM32F4xx_HAL_Driver/Src/stm32f4xx_hal_rcc.c.obj
 .debug_frame   0x00000bc4      0x58c CMakeFiles/test.elf.dir/Middlewares/Third_Party/FreeRTOS/Source/CMSIS_RTOS/cmsis_os.c.obj
 .debug_frame   0x00001150       0x70 CMakeFiles/test.elf.dir/Middlewares/Third_Party/FreeRTOS/Source/list.c.obj
 .debug_frame   0x000011c0      0x110 CMakeFiles/test.elf.dir/Middlewares/Third_Party/FreeRTOS/Source/portable/GCC/ARM_CM4F/port.c.obj
 .debug_frame   0x000012d0       0xb0 CMakeFiles/test.elf.dir/Middlewares/Third_Party/FreeRTOS/Source/portable/MemMang/heap_4.c.obj
 .debug_frame   0x00001380      0x558 CMakeFiles/test.elf.dir/Middlewares/Third_Party/FreeRTOS/Source/tasks.c.obj
 .debug_frame   0x000018d8       0x78 CMakeFiles/test.elf.dir/Src/can.c.obj
 .debug_frame   0x00001950       0x50 CMakeFiles/test.elf.dir/Src/crc.c.obj
 .debug_frame   0x000019a0       0x88 CMakeFiles/test.elf.dir/Src/freertos.c.obj
 .debug_frame   0x00001a28       0x30 CMakeFiles/test.elf.dir/Src/gpio.c.obj
 .debug_frame   0x00001a58       0x58 CMakeFiles/test.elf.dir/Src/main.c.obj
 .debug_frame   0x00001ab0       0x2c CMakeFiles/test.elf.dir/Src/stm32f4xx_hal_msp.c.obj
 .debug_frame   0x00001adc       0xb8 CMakeFiles/test.elf.dir/Src/stm32f4xx_it.c.obj
 .debug_frame   0x00001b94       0x30 CMakeFiles/test.elf.dir/Src/system_stm32f4xx.c.obj
 .debug_frame   0x00001bc4      0x268 CMakeFiles/test.elf.dir/UserLib/controller.c.obj
 .debug_frame   0x00001e2c       0xc0 CMakeFiles/test.elf.dir/UserLib/motor.c.obj
 .debug_frame   0x00001eec      0x13c CMakeFiles/test.elf.dir/UserLib/user_lib.c.obj
 .debug_frame   0x00002028       0x2c c:/gcc-arm-none-eabi/bin/../lib/gcc/arm-none-eabi/10.3.1/thumb/v7e-m+fp/hard\libgcc.a(_aeabi_uldivmod.o)
 .debug_frame   0x00002054       0x34 c:/gcc-arm-none-eabi/bin/../lib/gcc/arm-none-eabi/10.3.1/thumb/v7e-m+fp/hard\libgcc.a(_udivmoddi4.o)
 .debug_frame   0x00002088       0x2c c:/gcc-arm-none-eabi/bin/../lib/gcc/arm-none-eabi/10.3.1/../../../../arm-none-eabi/lib/thumb/v7e-m+fp/hard\libg.a(lib_a-init.o)
 .debug_frame   0x000020b4       0x2c c:/gcc-arm-none-eabi/bin/../lib/gcc/arm-none-eabi/10.3.1/../../../../arm-none-eabi/lib/thumb/v7e-m+fp/hard\libg.a(lib_a-memset.o)
 .debug_frame   0x000020e0       0x68 c:/gcc-arm-none-eabi/bin/../lib/gcc/arm-none-eabi/10.3.1/../../../../arm-none-eabi/lib/thumb/v7e-m+fp/hard\libg.a(lib_a-__call_atexit.o)
 .debug_frame   0x00002148       0x20 c:/gcc-arm-none-eabi/bin/../lib/gcc/arm-none-eabi/10.3.1/../../../../arm-none-eabi/lib/thumb/v7e-m+fp/hard\libg.a(lib_a-atexit.o)
 .debug_frame   0x00002168       0x34 c:/gcc-arm-none-eabi/bin/../lib/gcc/arm-none-eabi/10.3.1/../../../../arm-none-eabi/lib/thumb/v7e-m+fp/hard\libg.a(lib_a-fini.o)
 .debug_frame   0x0000219c       0xb0 c:/gcc-arm-none-eabi/bin/../lib/gcc/arm-none-eabi/10.3.1/../../../../arm-none-eabi/lib/thumb/v7e-m+fp/hard\libg.a(lib_a-lock.o)
 .debug_frame   0x0000224c       0x34 c:/gcc-arm-none-eabi/bin/../lib/gcc/arm-none-eabi/10.3.1/../../../../arm-none-eabi/lib/thumb/v7e-m+fp/hard\libg.a(lib_a-__atexit.o)
