Archive member included to satisfy reference by file (symbol)

c:/gcc-arm-none-eabi/bin/../lib/gcc/arm-none-eabi/10.3.1/thumb/v7e-m+fp/hard\libgcc.a(_arm_addsubdf3.o)
                              CMakeFiles/test.elf.dir/BSP/Src/bsp_dwt.c.obj (__aeabi_ui2d)
c:/gcc-arm-none-eabi/bin/../lib/gcc/arm-none-eabi/10.3.1/thumb/v7e-m+fp/hard\libgcc.a(_arm_muldivdf3.o)
                              CMakeFiles/test.elf.dir/BSP/Src/bsp_dwt.c.obj (__aeabi_ddiv)
c:/gcc-arm-none-eabi/bin/../lib/gcc/arm-none-eabi/10.3.1/thumb/v7e-m+fp/hard\libgcc.a(_arm_truncdfsf2.o)
                              CMakeFiles/test.elf.dir/UserLib/controller.c.obj (__aeabi_d2f)
c:/gcc-arm-none-eabi/bin/../lib/gcc/arm-none-eabi/10.3.1/thumb/v7e-m+fp/hard\libgcc.a(_arm_addsubsf3.o)
                              CMakeFiles/test.elf.dir/BSP/Src/bsp_dwt.c.obj (__aeabi_ul2f)
c:/gcc-arm-none-eabi/bin/../lib/gcc/arm-none-eabi/10.3.1/thumb/v7e-m+fp/hard\libgcc.a(_aeabi_uldivmod.o)
                              CMakeFiles/test.elf.dir/Drivers/STM32F4xx_HAL_Driver/Src/stm32f4xx_hal_rcc.c.obj (__aeabi_uldivmod)
c:/gcc-arm-none-eabi/bin/../lib/gcc/arm-none-eabi/10.3.1/thumb/v7e-m+fp/hard\libgcc.a(_udivmoddi4.o)
                              c:/gcc-arm-none-eabi/bin/../lib/gcc/arm-none-eabi/10.3.1/thumb/v7e-m+fp/hard\libgcc.a(_aeabi_uldivmod.o) (__udivmoddi4)
c:/gcc-arm-none-eabi/bin/../lib/gcc/arm-none-eabi/10.3.1/thumb/v7e-m+fp/hard\libgcc.a(_dvmd_tls.o)
                              c:/gcc-arm-none-eabi/bin/../lib/gcc/arm-none-eabi/10.3.1/thumb/v7e-m+fp/hard\libgcc.a(_aeabi_uldivmod.o) (__aeabi_ldiv0)
c:/gcc-arm-none-eabi/bin/../lib/gcc/arm-none-eabi/10.3.1/../../../../arm-none-eabi/lib/thumb/v7e-m+fp/hard\libg.a(lib_a-errno.o)
                              CMakeFiles/test.elf.dir/Src/syscalls.c.obj (__errno)
c:/gcc-arm-none-eabi/bin/../lib/gcc/arm-none-eabi/10.3.1/../../../../arm-none-eabi/lib/thumb/v7e-m+fp/hard\libg.a(lib_a-exit.o)
                              c:/gcc-arm-none-eabi/bin/../lib/gcc/arm-none-eabi/10.3.1/../../../../arm-none-eabi/lib/thumb/v7e-m+fp/hard/crt0.o (exit)
c:/gcc-arm-none-eabi/bin/../lib/gcc/arm-none-eabi/10.3.1/../../../../arm-none-eabi/lib/thumb/v7e-m+fp/hard\libg.a(lib_a-impure.o)
                              c:/gcc-arm-none-eabi/bin/../lib/gcc/arm-none-eabi/10.3.1/../../../../arm-none-eabi/lib/thumb/v7e-m+fp/hard\libg.a(lib_a-exit.o) (_global_impure_ptr)
c:/gcc-arm-none-eabi/bin/../lib/gcc/arm-none-eabi/10.3.1/../../../../arm-none-eabi/lib/thumb/v7e-m+fp/hard\libg.a(lib_a-init.o)
                              c:/gcc-arm-none-eabi/bin/../lib/gcc/arm-none-eabi/10.3.1/../../../../arm-none-eabi/lib/thumb/v7e-m+fp/hard/crt0.o (__libc_init_array)
c:/gcc-arm-none-eabi/bin/../lib/gcc/arm-none-eabi/10.3.1/../../../../arm-none-eabi/lib/thumb/v7e-m+fp/hard\libg.a(lib_a-memcpy.o)
                              CMakeFiles/test.elf.dir/Middlewares/Third_Party/FreeRTOS/Source/queue.c.obj (memcpy)
c:/gcc-arm-none-eabi/bin/../lib/gcc/arm-none-eabi/10.3.1/../../../../arm-none-eabi/lib/thumb/v7e-m+fp/hard\libg.a(lib_a-memset.o)
                              c:/gcc-arm-none-eabi/bin/../lib/gcc/arm-none-eabi/10.3.1/../../../../arm-none-eabi/lib/thumb/v7e-m+fp/hard/crt0.o (memset)
c:/gcc-arm-none-eabi/bin/../lib/gcc/arm-none-eabi/10.3.1/../../../../arm-none-eabi/lib/thumb/v7e-m+fp/hard\libg.a(lib_a-__call_atexit.o)
                              c:/gcc-arm-none-eabi/bin/../lib/gcc/arm-none-eabi/10.3.1/../../../../arm-none-eabi/lib/thumb/v7e-m+fp/hard\libg.a(lib_a-exit.o) (__call_exitprocs)
c:/gcc-arm-none-eabi/bin/../lib/gcc/arm-none-eabi/10.3.1/../../../../arm-none-eabi/lib/thumb/v7e-m+fp/hard\libg.a(lib_a-atexit.o)
                              c:/gcc-arm-none-eabi/bin/../lib/gcc/arm-none-eabi/10.3.1/../../../../arm-none-eabi/lib/thumb/v7e-m+fp/hard\libg.a(lib_a-__call_atexit.o) (atexit)
c:/gcc-arm-none-eabi/bin/../lib/gcc/arm-none-eabi/10.3.1/../../../../arm-none-eabi/lib/thumb/v7e-m+fp/hard\libg.a(lib_a-fini.o)
                              c:/gcc-arm-none-eabi/bin/../lib/gcc/arm-none-eabi/10.3.1/../../../../arm-none-eabi/lib/thumb/v7e-m+fp/hard\libg.a(lib_a-__call_atexit.o) (__libc_fini_array)
c:/gcc-arm-none-eabi/bin/../lib/gcc/arm-none-eabi/10.3.1/../../../../arm-none-eabi/lib/thumb/v7e-m+fp/hard\libg.a(lib_a-lock.o)
                              c:/gcc-arm-none-eabi/bin/../lib/gcc/arm-none-eabi/10.3.1/../../../../arm-none-eabi/lib/thumb/v7e-m+fp/hard\libg.a(lib_a-__call_atexit.o) (__retarget_lock_acquire_recursive)
c:/gcc-arm-none-eabi/bin/../lib/gcc/arm-none-eabi/10.3.1/../../../../arm-none-eabi/lib/thumb/v7e-m+fp/hard\libg.a(lib_a-__atexit.o)
                              c:/gcc-arm-none-eabi/bin/../lib/gcc/arm-none-eabi/10.3.1/../../../../arm-none-eabi/lib/thumb/v7e-m+fp/hard\libg.a(lib_a-atexit.o) (__register_exitproc)
c:/gcc-arm-none-eabi/bin/../lib/gcc/arm-none-eabi/10.3.1/../../../../arm-none-eabi/lib/thumb/v7e-m+fp/hard\libm.a(lib_a-w_sqrt.o)
                              CMakeFiles/test.elf.dir/UserLib/controller.c.obj (sqrt)
[...]
Memory Configuration

Name             Origin             Length             Attributes
RAM              0x20000000         0x00020000         xrw
CCMRAM           0x10000000         0x00010000         xrw
FLASH            0x08000000         0x00100000         xr
*default*        0x00000000         0xffffffff

Linker script and memory map

LOAD c:/gcc-arm-none-eabi/bin/../lib/gcc/arm-none-eabi/10.3.1/thumb/v7e-m+fp/hard/crti.o
LOAD c:/gcc-arm-none-eabi/bin/../lib/gcc/arm-none-eabi/10.3.1/thumb/v7e-m+fp/hard/crtbegin.o
LOAD c:/gcc-arm-none-eabi/bin/../lib/gcc/arm-none-eabi/10.3.1/../../../../arm-none-eabi/lib/thumb/v7e-m+fp/hard/crt0.o
LOAD CMakeFiles/test.elf.dir/APP/Chassis.c.obj
LOAD CMakeFiles/test.elf.dir/APP/Detect.c.obj
LOAD CMakeFiles/test.elf.dir/APP/Transmission.c.obj
LOAD CMakeFiles/test.elf.dir/BSP/Src/bsp_can.c.obj
LOAD CMakeFiles/test.elf.dir/BSP/Src/bsp_dwt.c.obj
LOAD CMakeFiles/test.elf.dir/Drivers/STM32F4xx_HAL_Driver/Src/stm32f4xx_hal.c.obj
LOAD CMakeFiles/test.elf.dir/Drivers/STM32F4xx_HAL_Driver/Src/stm32f4xx_hal_can.c.obj
LOAD CMakeFiles/test.elf.dir/Drivers/STM32F4xx_HAL_Driver/Src/stm32f4xx_hal_cortex.c.obj
LOAD CMakeFiles/test.elf.dir/Drivers/STM32F4xx_HAL_Driver/Src/stm32f4xx_hal_crc.c.obj
LOAD CMakeFiles/test.elf.dir/Drivers/STM32F4xx_HAL_Driver/Src/stm32f4xx_hal_dma.c.obj
LOAD CMakeFiles/test.elf.dir/Drivers/STM32F4xx_HAL_Driver/Src/stm32f4xx_hal_dma_ex.c.obj
LOAD CMakeFiles/test.elf.dir/Drivers/STM32F4xx_HAL_Driver/Src/stm32f4xx_hal_exti.c.obj
LOAD CMakeFiles/test.elf.dir/Drivers/STM32F4xx_HAL_Driver/Src/stm32f4xx_hal_flash.c.obj
LOAD CMakeFiles/test.elf.dir/Drivers/STM32F4xx_HAL_Driver/Src/stm32f4xx_hal_flash_ex.c.obj
LOAD CMakeFiles/test.elf.dir/Drivers/STM32F4xx_HAL_Driver/Src/stm32f4xx_hal_flash_ramfunc.c.obj
LOAD CMakeFiles/test.elf.dir/Drivers/STM32F4xx_HAL_Driver/Src/stm32f4xx_hal_gpio.c.obj
LOAD CMakeFiles/test.elf.dir/Drivers/STM32F4xx_HAL_Driver/Src/stm32f4xx_hal_pwr.c.obj
LOAD CMakeFiles/test.elf.dir/Drivers/STM32F4xx_HAL_Driver/Src/stm32f4xx_hal_pwr_ex.c.obj
LOAD CMakeFiles/test.elf.dir/Drivers/STM32F4xx_HAL_Driver/Src/stm32f4xx_hal_rcc.c.obj
LOAD CMakeFiles/test.elf.dir/Drivers/STM32F4xx_HAL_Driver/Src/stm32f4xx_hal_rcc_ex.c.obj
LOAD CMakeFiles/test.elf.dir/Drivers/STM32F4xx_HAL_Driver/Src/stm32f4xx_hal_tim.c.obj
LOAD CMakeFiles/test.elf.dir/Drivers/STM32F4xx_HAL_Driver/Src/stm32f4xx_hal_tim_ex.c.obj
LOAD CMakeFiles/test.elf.dir/Middlewares/Third_Party/FreeRTOS/Source/CMSIS_RTOS/cmsis_os.c.obj
LOAD CMakeFiles/test.elf.dir/Middlewares/Third_Party/FreeRTOS/Source/croutine.c.obj
LOAD CMakeFiles/test.elf.dir/Middlewares/Third_Party/FreeRTOS/Source/event_groups.c.obj
LOAD CMakeFiles/test.elf.dir/Middlewares/Third_Party/FreeRTOS/Source/list.c.obj
LOAD CMakeFiles/test.elf.dir/Middlewares/Third_Party/FreeRTOS/Source/portable/GCC/ARM_CM4F/port.c.obj
LOAD CMakeFiles/test.elf.dir/Middlewares/Third_Party/FreeRTOS/Source/portable/MemMang/heap_4.c.obj
LOAD CMakeFiles/test.elf.dir/Middlewares/Third_Party/FreeRTOS/Source/queue.c.obj
LOAD CMakeFiles/test.elf.dir/Middlewares/Third_Party/FreeRTOS/Source/stream_buffer.c.obj
LOAD CMakeFiles/test.elf.dir/Middlewares/Third_Party/FreeRTOS/Source/tasks.c.obj
LOAD CMakeFiles/test.elf.dir/Middlewares/Third_Party/FreeRTOS/Source/timers.c.obj
LOAD CMakeFiles/test.elf.dir/Src/can.c.obj
LOAD CMakeFiles/test.elf.dir/Src/crc.c.obj
LOAD CMakeFiles/test.elf.dir/Src/freertos.c.obj
LOAD CMakeFiles/test.elf.dir/Src/gpio.c.obj
LOAD CMakeFiles/test.elf.dir/Src/main.c.obj
LOAD CMakeFiles/test.elf.dir/Src/stm32f4xx_hal_msp.c.obj
LOAD CMakeFiles/test.elf.dir/Src/stm32f4xx_it.c.obj
LOAD CMakeFiles/test.elf.dir/Src/syscalls.c.obj
LOAD CMakeFiles/test.elf.dir/Src/system_stm32f4xx.c.obj
LOAD CMakeFiles/test.elf.dir/UserLib/controller.c.obj
LOAD CMakeFiles/test.elf.dir/UserLib/filter32.c.obj
LOAD CMakeFiles/test.elf.dir/UserLib/motor.c.obj
LOAD CMakeFiles/test.elf.dir/UserLib/pid.c.obj
LOAD CMakeFiles/test.elf.dir/UserLib/user_lib.c.obj
LOAD CMakeFiles/test.elf.dir/startup/startup_stm32f407xx.s.obj
START GROUP
LOAD c:/gcc-arm-none-eabi/bin/../lib/gcc/arm-none-eabi/10.3.1/thumb/v7e-m+fp/hard\libgcc.a
LOAD c:/gcc-arm-none-eabi/bin/../lib/gcc/arm-none-eabi/10.3.1/../../../../arm-none-eabi/lib/thumb/v7e-m+fp/hard\libg.a
LOAD c:/gcc-arm-none-eabi/bin/../lib/gcc/arm-none-eabi/10.3.1/../../../../arm-none-eabi/lib/thumb/v7e-m+fp/hard\libc.a
END GROUP
LOAD c:/gcc-arm-none-eabi/bin/../lib/gcc/arm-none-eabi/10.3.1/thumb/v7e-m+fp/hard/crtend.o
LOAD c:/gcc-arm-none-eabi/bin/../lib/gcc/arm-none-eabi/10.3.1/thumb/v7e-m+fp/hard/crtn.o
                0x20020000                _estack = 0x20020000
                0x00000200                _Min_Heap_Size = 0x200
                0x00000400                _Min_Stack_Size = 0x400

.isr_vector     0x08000000      0x188
                0x08000000                . = ALIGN (0x4)
 *(.isr_vector)
 .isr_vector    0x08000000      0x188 CMakeFiles/test.elf.dir/startup/startup_stm32f407xx.s.obj
                0x08000000                g_pfnVectors
                0x08000188                . = ALIGN (0x4)

.text           0x08000190     0x36bc
                0x08000190                . = ALIGN (0x4)
 *(.text)
 .text          0x08000190       0x40 c:/gcc-arm-none-eabi/bin/../lib/gcc/arm-none-eabi/10.3.1/thumb/v7e-m+fp/hard/crtbegin.o
 .text          0x080001d0       0x30 c:/gcc-arm-none-eabi/bin/../lib/gcc/arm-none-eabi/10.3.1/thumb/v7e-m+fp/hard\libgcc.a(_aeabi_uldivmod.o)
                0x080001d0                __aeabi_uldivmod
 .text          0x08000200      0x2d0 c:/gcc-arm-none-eabi/bin/../lib/gcc/arm-none-eabi/10.3.1/thumb/v7e-m+fp/hard\libgcc.a(_udivmoddi4.o)
                0x08000200                __udivmoddi4
 .text          0x080004d0        0x4 c:/gcc-arm-none-eabi/bin/../lib/gcc/arm-none-eabi/10.3.1/thumb/v7e-m+fp/hard\libgcc.a(_dvmd_tls.o)
                0x080004d0                __aeabi_idiv0
                0x080004d0                __aeabi_ldiv0
 *(.text*)
 .text.chassis_pid_param_init
                0x080004d4       0xcc CMakeFiles/test.elf.dir/APP/Chassis.c.obj
                0x080004d4                chassis_pid_param_init
 .text.get_chassis_mode
                0x080005a0       0xa8 CMakeFiles/test.elf.dir/APP/Chassis.c.obj
                0x080005a0                get_chassis_mode
 .text.chassis_task
                0x08000648       0xd4 CMakeFiles/test.elf.dir/APP/Chassis.c.obj
                0x08000648                chassis_task
 .text.transmit_task
                0x0800071c       0x1c CMakeFiles/test.elf.dir/APP/Transmission.c.obj
                0x0800071c                transmit_task
 .text.CAN_Device_Init
                0x08000738       0x74 CMakeFiles/test.elf.dir/BSP/Src/bsp_can.c.obj
                0x08000738                CAN_Device_Init
 .text.HAL_CAN_RxFifo0MsgPendingCallback
                0x080007ac       0x90 CMakeFiles/test.elf.dir/BSP/Src/bsp_can.c.obj
                0x080007ac                HAL_CAN_RxFifo0MsgPendingCallback
 .text.DWT_GetDeltaT
                0x0800083c       0x34 CMakeFiles/test.elf.dir/BSP/Src/bsp_dwt.c.obj
                0x0800083c                DWT_GetDeltaT
 .text.HAL_InitTick
                0x08000870       0x4c CMakeFiles/test.elf.dir/Drivers/STM32F4xx_HAL_Driver/Src/stm32f4xx_hal.c.obj
                0x08000870                HAL_InitTick
 .text.HAL_Init
                0x080008bc       0x34 CMakeFiles/test.elf.dir/Drivers/STM32F4xx_HAL_Driver/Src/stm32f4xx_hal.c.obj
                0x080008bc                HAL_Init
 .text.HAL_IncTick
                0x080008f0       0x18 CMakeFiles/test.elf.dir/Drivers/STM32F4xx_HAL_Driver/Src/stm32f4xx_hal.c.obj
                0x080008f0                HAL_IncTick
 .text.HAL_GetTick
                0x08000908        0xc CMakeFiles/test.elf.dir/Drivers/STM32F4xx_HAL_Driver/Src/stm32f4xx_hal.c.obj
                0x08000908                HAL_GetTick
 .text.HAL_CAN_Init
                0x08000914      0x14c CMakeFiles/test.elf.dir/Drivers/STM32F4xx_HAL_Driver/Src/stm32f4xx_hal_can.c.obj
                0x08000914                HAL_CAN_Init
 .text.HAL_CAN_ConfigFilter
                0x08000a60      0x138 CMakeFiles/test.elf.dir/Drivers/STM32F4xx_HAL_Driver/Src/stm32f4xx_hal_can.c.obj
                0x08000a60                HAL_CAN_ConfigFilter
 .text.HAL_CAN_Start
                0x08000b98       0x5c CMakeFiles/test.elf.dir/Drivers/STM32F4xx_HAL_Driver/Src/stm32f4xx_hal_can.c.obj
                0x08000b98                HAL_CAN_Start
 .text.HAL_CAN_GetRxMessage
                0x08000bf4      0x14a CMakeFiles/test.elf.dir/Drivers/STM32F4xx_HAL_Driver/Src/stm32f4xx_hal_can.c.obj
                0x08000bf4                HAL_CAN_GetRxMessage
 .text.HAL_CAN_ActivateNotification
                0x08000d3e       0x24 CMakeFiles/test.elf.dir/Drivers/STM32F4xx_HAL_Driver/Src/stm32f4xx_hal_can.c.obj
                0x08000d3e                HAL_CAN_ActivateNotification
 .text.HAL_CAN_TxMailbox0CompleteCallback
                0x08000d62        0x2 CMakeFiles/test.elf.dir/Drivers/STM32F4xx_HAL_Driver/Src/stm32f4xx_hal_can.c.obj
                0x08000d62                HAL_CAN_TxMailbox0CompleteCallback
 .text.HAL_CAN_TxMailbox1CompleteCallback
                0x08000d64        0x2 CMakeFiles/test.elf.dir/Drivers/STM32F4xx_HAL_Driver/Src/stm32f4xx_hal_can.c.obj
                0x08000d64                HAL_CAN_TxMailbox1CompleteCallback
 .text.HAL_CAN_TxMailbox2CompleteCallback
                0x08000d66        0x2 CMakeFiles/test.elf.dir/Drivers/STM32F4xx_HAL_Driver/Src/stm32f4xx_hal_can.c.obj
                0x08000d66                HAL_CAN_TxMailbox2CompleteCallback
 .text.HAL_CAN_TxMailbox0AbortCallback
                0x08000d68        0x2 CMakeFiles/test.elf.dir/Drivers/STM32F4xx_HAL_Driver/Src/stm32f4xx_hal_can.c.obj
                0x08000d68                HAL_CAN_TxMailbox0AbortCallback
 .text.HAL_CAN_TxMailbox1AbortCallback
                0x08000d6a        0x2 CMakeFiles/test.elf.dir/Drivers/STM32F4xx_HAL_Driver/Src/stm32f4xx_hal_can.c.obj
                0x08000d6a                HAL_CAN_TxMailbox1AbortCallback
 .text.HAL_CAN_TxMailbox2AbortCallback
                0x08000d6c        0x2 CMakeFiles/test.elf.dir/Drivers/STM32F4xx_HAL_Driver/Src/stm32f4xx_hal_can.c.obj
                0x08000d6c                HAL_CAN_TxMailbox2AbortCallback
 .text.HAL_CAN_RxFifo0FullCallback
                0x08000d6e        0x2 CMakeFiles/test.elf.dir/Drivers/STM32F4xx_HAL_Driver/Src/stm32f4xx_hal_can.c.obj
                0x08000d6e                HAL_CAN_RxFifo0FullCallback
 .text.HAL_CAN_RxFifo1MsgPendingCallback
                0x08000d70        0x2 CMakeFiles/test.elf.dir/Drivers/STM32F4xx_HAL_Driver/Src/stm32f4xx_hal_can.c.obj
                0x08000d70                HAL_CAN_RxFifo1MsgPendingCallback
 .text.HAL_CAN_RxFifo1FullCallback
                0x08000d72        0x2 CMakeFiles/test.elf.dir/Drivers/STM32F4xx_HAL_Driver/Src/stm32f4xx_hal_can.c.obj
                0x08000d72                HAL_CAN_RxFifo1FullCallback
 .text.HAL_CAN_SleepCallback
                0x08000d74        0x2 CMakeFiles/test.elf.dir/Drivers/STM32F4xx_HAL_Driver/Src/stm32f4xx_hal_can.c.obj
                0x08000d74                HAL_CAN_SleepCallback
 .text.HAL_CAN_WakeUpFromRxMsgCallback
                0x08000d76        0x2 CMakeFiles/test.elf.dir/Drivers/STM32F4xx_HAL_Driver/Src/stm32f4xx_hal_can.c.obj
                0x08000d76                HAL_CAN_WakeUpFromRxMsgCallback
 .text.HAL_CAN_ErrorCallback
                0x08000d78        0x2 CMakeFiles/test.elf.dir/Drivers/STM32F4xx_HAL_Driver/Src/stm32f4xx_hal_can.c.obj
                0x08000d78                HAL_CAN_ErrorCallback
 .text.HAL_CAN_IRQHandler
                0x08000d7a      0x24a CMakeFiles/test.elf.dir/Drivers/STM32F4xx_HAL_Driver/Src/stm32f4xx_hal_can.c.obj
                0x08000d7a                HAL_CAN_IRQHandler
 .text.HAL_NVIC_SetPriorityGrouping
                0x08000fc4       0x24 CMakeFiles/test.elf.dir/Drivers/STM32F4xx_HAL_Driver/Src/stm32f4xx_hal_cortex.c.obj
                0x08000fc4                HAL_NVIC_SetPriorityGrouping
 .text.HAL_NVIC_SetPriority
                0x08000fe8       0x70 CMakeFiles/test.elf.dir/Drivers/STM32F4xx_HAL_Driver/Src/stm32f4xx_hal_cortex.c.obj
                0x08000fe8                HAL_NVIC_SetPriority
 .text.HAL_NVIC_EnableIRQ
                0x08001058       0x1c CMakeFiles/test.elf.dir/Drivers/STM32F4xx_HAL_Driver/Src/stm32f4xx_hal_cortex.c.obj
                0x08001058                HAL_NVIC_EnableIRQ
 .text.HAL_SYSTICK_Config
                0x08001074       0x28 CMakeFiles/test.elf.dir/Drivers/STM32F4xx_HAL_Driver/Src/stm32f4xx_hal_cortex.c.obj
                0x08001074                HAL_SYSTICK_Config
 .text.HAL_CRC_Init
                0x0800109c       0x1e CMakeFiles/test.elf.dir/Drivers/STM32F4xx_HAL_Driver/Src/stm32f4xx_hal_crc.c.obj
                0x0800109c                HAL_CRC_Init
 *fill*         0x080010ba        0x2 
 .text.HAL_GPIO_Init
                0x080010bc      0x1d0 CMakeFiles/test.elf.dir/Drivers/STM32F4xx_HAL_Driver/Src/stm32f4xx_hal_gpio.c.obj
                0x080010bc                HAL_GPIO_Init
 .text.HAL_GPIO_WritePin
                0x0800128c        0xc CMakeFiles/test.elf.dir/Drivers/STM32F4xx_HAL_Driver/Src/stm32f4xx_hal_gpio.c.obj
                0x0800128c                HAL_GPIO_WritePin
 .text.HAL_GPIO_TogglePin
                0x08001298       0x12 CMakeFiles/test.elf.dir/Drivers/STM32F4xx_HAL_Driver/Src/stm32f4xx_hal_gpio.c.obj
                0x08001298                HAL_GPIO_TogglePin
 *fill*         0x080012aa        0x2 
 .text.HAL_RCC_OscConfig
                0x080012ac      0x3ec CMakeFiles/test.elf.dir/Drivers/STM32F4xx_HAL_Driver/Src/stm32f4xx_hal_rcc.c.obj
                0x080012ac                HAL_RCC_OscConfig
 .text.HAL_RCC_GetSysClockFreq
                0x08001698       0xa4 CMakeFiles/test.elf.dir/Drivers/STM32F4xx_HAL_Driver/Src/stm32f4xx_hal_rcc.c.obj
                0x08001698                HAL_RCC_GetSysClockFreq
 .text.HAL_RCC_ClockConfig
                0x0800173c      0x160 CMakeFiles/test.elf.dir/Drivers/STM32F4xx_HAL_Driver/Src/stm32f4xx_hal_rcc.c.obj
                0x0800173c                HAL_RCC_ClockConfig
 .text.makeFreeRtosPriority
                0x0800189c        0xc CMakeFiles/test.elf.dir/Middlewares/Third_Party/FreeRTOS/Source/CMSIS_RTOS/cmsis_os.c.obj
 .text.inHandlerMode
                0x080018a8        0xc CMakeFiles/test.elf.dir/Middlewares/Third_Party/FreeRTOS/Source/CMSIS_RTOS/cmsis_os.c.obj
 .text.osKernelStart
                0x080018b4        0xa CMakeFiles/test.elf.dir/Middlewares/Third_Party/FreeRTOS/Source/CMSIS_RTOS/cmsis_os.c.obj
                0x080018b4                osKernelStart
 .text.osKernelSysTick
                0x080018be       0x14 CMakeFiles/test.elf.dir/Middlewares/Third_Party/FreeRTOS/Source/CMSIS_RTOS/cmsis_os.c.obj
                0x080018be                osKernelSysTick
 .text.osThreadCreate
                0x080018d2       0x6a CMakeFiles/test.elf.dir/Middlewares/Third_Party/FreeRTOS/Source/CMSIS_RTOS/cmsis_os.c.obj
                0x080018d2                osThreadCreate
 .text.osDelay  0x0800193c        0xe CMakeFiles/test.elf.dir/Middlewares/Third_Party/FreeRTOS/Source/CMSIS_RTOS/cmsis_os.c.obj
                0x0800193c                osDelay
 .text.osThreadSuspend
                0x0800194a        0xa CMakeFiles/test.elf.dir/Middlewares/Third_Party/FreeRTOS/Source/CMSIS_RTOS/cmsis_os.c.obj
                0x0800194a                osThreadSuspend
 .text.osDelayUntil
                0x08001954        0x4 CMakeFiles/test.elf.dir/Middlewares/Third_Party/FreeRTOS/Source/CMSIS_RTOS/cmsis_os.c.obj
                0x08001954                osDelayUntil
 .text.vListInitialise
                0x08001958       0x16 CMakeFiles/test.elf.dir/Middlewares/Third_Party/FreeRTOS/Source/list.c.obj
                0x08001958                vListInitialise
 .text.vListInitialiseItem
                0x0800196e        0x6 CMakeFiles/test.elf.dir/Middlewares/Third_Party/FreeRTOS/Source/list.c.obj
                0x0800196e                vListInitialiseItem
 .text.vListInsertEnd
                0x08001974       0x16 CMakeFiles/test.elf.dir/Middlewares/Third_Party/FreeRTOS/Source/list.c.obj
                0x08001974                vListInsertEnd
 .text.vListInsert
                0x0800198a       0x32 CMakeFiles/test.elf.dir/Middlewares/Third_Party/FreeRTOS/Source/list.c.obj
                0x0800198a                vListInsert
 .text.uxListRemove
                0x080019bc       0x26 CMakeFiles/test.elf.dir/Middlewares/Third_Party/FreeRTOS/Source/list.c.obj
                0x080019bc                uxListRemove
 *fill*         0x080019e2        0x2 
 .text.prvTaskExitError
                0x080019e4       0x40 CMakeFiles/test.elf.dir/Middlewares/Third_Party/FreeRTOS/Source/portable/GCC/ARM_CM4F/port.c.obj
 .text.prvPortStartFirstTask
                0x08001a24       0x28 CMakeFiles/test.elf.dir/Middlewares/Third_Party/FreeRTOS/Source/portable/GCC/ARM_CM4F/port.c.obj
 .text.vPortEnableVFP
                0x08001a4c       0x14 CMakeFiles/test.elf.dir/Middlewares/Third_Party/FreeRTOS/Source/portable/GCC/ARM_CM4F/port.c.obj
 .text.pxPortInitialiseStack
                0x08001a60       0x2c CMakeFiles/test.elf.dir/Middlewares/Third_Party/FreeRTOS/Source/portable/GCC/ARM_CM4F/port.c.obj
                0x08001a60                pxPortInitialiseStack
 *fill*         0x08001a8c        0x4 
 .text.SVC_Handler
                0x08001a90       0x24 CMakeFiles/test.elf.dir/Middlewares/Third_Party/FreeRTOS/Source/portable/GCC/ARM_CM4F/port.c.obj
                0x08001a90                SVC_Handler
 .text.vPortEnterCritical
                0x08001ab4       0x44 CMakeFiles/test.elf.dir/Middlewares/Third_Party/FreeRTOS/Source/portable/GCC/ARM_CM4F/port.c.obj
                0x08001ab4                vPortEnterCritical
 .text.vPortExitCritical
                0x08001af8       0x2c CMakeFiles/test.elf.dir/Middlewares/Third_Party/FreeRTOS/Source/portable/GCC/ARM_CM4F/port.c.obj
                0x08001af8                vPortExitCritical
 *fill*         0x08001b24        0xc 
 .text.PendSV_Handler
                0x08001b30       0x64 CMakeFiles/test.elf.dir/Middlewares/Third_Party/FreeRTOS/Source/portable/GCC/ARM_CM4F/port.c.obj
                0x08001b30                PendSV_Handler
 .text.xPortSysTickHandler
                0x08001b94       0x2c CMakeFiles/test.elf.dir/Middlewares/Third_Party/FreeRTOS/Source/portable/GCC/ARM_CM4F/port.c.obj
                0x08001b94                xPortSysTickHandler
 .text.vPortSetupTimerInterrupt
                0x08001bc0       0x28 CMakeFiles/test.elf.dir/Middlewares/Third_Party/FreeRTOS/Source/portable/GCC/ARM_CM4F/port.c.obj
                0x08001bc0                vPortSetupTimerInterrupt
 .text.xPortStartScheduler
                0x08001be8      0x118 CMakeFiles/test.elf.dir/Middlewares/Third_Party/FreeRTOS/Source/portable/GCC/ARM_CM4F/port.c.obj
                0x08001be8                xPortStartScheduler
 .text.vPortValidateInterruptPriority
                0x08001d00       0x5c CMakeFiles/test.elf.dir/Middlewares/Third_Party/FreeRTOS/Source/portable/GCC/ARM_CM4F/port.c.obj
                0x08001d00                vPortValidateInterruptPriority
 .text.prvHeapInit
                0x08001d5c       0x64 CMakeFiles/test.elf.dir/Middlewares/Third_Party/FreeRTOS/Source/portable/MemMang/heap_4.c.obj
 .text.prvInsertBlockIntoFreeList
                0x08001dc0       0x64 CMakeFiles/test.elf.dir/Middlewares/Third_Party/FreeRTOS/Source/portable/MemMang/heap_4.c.obj
 .text.pvPortMalloc
                0x08001e24       0xf0 CMakeFiles/test.elf.dir/Middlewares/Third_Party/FreeRTOS/Source/portable/MemMang/heap_4.c.obj
                0x08001e24                pvPortMalloc
 .text.vPortFree
                0x08001f14       0x70 CMakeFiles/test.elf.dir/Middlewares/Third_Party/FreeRTOS/Source/portable/MemMang/heap_4.c.obj
                0x08001f14                vPortFree
 .text.prvResetNextTaskUnblockTime
                0x08001f84       0x2c CMakeFiles/test.elf.dir/Middlewares/Third_Party/FreeRTOS/Source/tasks.c.obj
 .text.prvInitialiseNewTask
                0x08001fb0       0xa2 CMakeFiles/test.elf.dir/Middlewares/Third_Party/FreeRTOS/Source/tasks.c.obj
 *fill*         0x08002052        0x2 
 .text.prvInitialiseTaskLists
                0x08002054       0x68 CMakeFiles/test.elf.dir/Middlewares/Third_Party/FreeRTOS/Source/tasks.c.obj
 .text.prvAddNewTaskToReadyList
                0x080020bc       0xa8 CMakeFiles/test.elf.dir/Middlewares/Third_Party/FreeRTOS/Source/tasks.c.obj
 .text.prvDeleteTCB
                0x08002164       0x38 CMakeFiles/test.elf.dir/Middlewares/Third_Party/FreeRTOS/Source/tasks.c.obj
 .text.prvCheckTasksWaitingTermination
                0x0800219c       0x4c CMakeFiles/test.elf.dir/Middlewares/Third_Party/FreeRTOS/Source/tasks.c.obj
 .text.prvIdleTask
                0x080021e8       0x28 CMakeFiles/test.elf.dir/Middlewares/Third_Party/FreeRTOS/Source/tasks.c.obj
 .text.prvAddCurrentTaskToDelayedList
                0x08002210       0x98 CMakeFiles/test.elf.dir/Middlewares/Third_Party/FreeRTOS/Source/tasks.c.obj
 .text.xTaskCreateStatic
                0x080022a8       0x76 CMakeFiles/test.elf.dir/Middlewares/Third_Party/FreeRTOS/Source/tasks.c.obj
                0x080022a8                xTaskCreateStatic
 .text.xTaskCreate
                0x0800231e       0x68 CMakeFiles/test.elf.dir/Middlewares/Third_Party/FreeRTOS/Source/tasks.c.obj
                0x0800231e                xTaskCreate
 *fill*         0x08002386        0x2 
 .text.vTaskStartScheduler
                0x08002388       0x74 CMakeFiles/test.elf.dir/Middlewares/Third_Party/FreeRTOS/Source/tasks.c.obj
                0x08002388                vTaskStartScheduler
 .text.vTaskSuspendAll
                0x080023fc       0x10 CMakeFiles/test.elf.dir/Middlewares/Third_Party/FreeRTOS/Source/tasks.c.obj
                0x080023fc                vTaskSuspendAll
 .text.xTaskGetTickCount
                0x0800240c        0xc CMakeFiles/test.elf.dir/Middlewares/Third_Party/FreeRTOS/Source/tasks.c.obj
                0x0800240c                xTaskGetTickCount
 .text.xTaskGetTickCountFromISR
                0x08002418       0x10 CMakeFiles/test.elf.dir/Middlewares/Third_Party/FreeRTOS/Source/tasks.c.obj
                0x08002418                xTaskGetTickCountFromISR
 .text.xTaskIncrementTick
                0x08002428      0x118 CMakeFiles/test.elf.dir/Middlewares/Third_Party/FreeRTOS/Source/tasks.c.obj
                0x08002428                xTaskIncrementTick
 .text.xTaskResumeAll
                0x08002540       0xf8 CMakeFiles/test.elf.dir/Middlewares/Third_Party/FreeRTOS/Source/tasks.c.obj
                0x08002540                xTaskResumeAll
 .text.vTaskDelay
                0x08002638       0x4c CMakeFiles/test.elf.dir/Middlewares/Third_Party/FreeRTOS/Source/tasks.c.obj
                0x08002638                vTaskDelay
 .text.vTaskSwitchContext
                0x08002684       0x98 CMakeFiles/test.elf.dir/Middlewares/Third_Party/FreeRTOS/Source/tasks.c.obj
                0x08002684                vTaskSwitchContext
 .text.vTaskSuspend
                0x0800271c       0xe8 CMakeFiles/test.elf.dir/Middlewares/Third_Party/FreeRTOS/Source/tasks.c.obj
                0x0800271c                vTaskSuspend
 .text.xTaskGetSchedulerState
                0x08002804       0x20 CMakeFiles/test.elf.dir/Middlewares/Third_Party/FreeRTOS/Source/tasks.c.obj
                0x08002804                xTaskGetSchedulerState
 .text.MX_CAN1_Init
                0x08002824       0x40 CMakeFiles/test.elf.dir/Src/can.c.obj
                0x08002824                MX_CAN1_Init
 .text.MX_CAN2_Init
                0x08002864       0x40 CMakeFiles/test.elf.dir/Src/can.c.obj
                0x08002864                MX_CAN2_Init
 .text.HAL_CAN_MspInit
                0x080028a4      0x120 CMakeFiles/test.elf.dir/Src/can.c.obj
                0x080028a4                HAL_CAN_MspInit
 .text.MX_CRC_Init
                0x080029c4       0x20 CMakeFiles/test.elf.dir/Src/crc.c.obj
                0x080029c4                MX_CRC_Init
 .text.HAL_CRC_MspInit
                0x080029e4       0x30 CMakeFiles/test.elf.dir/Src/crc.c.obj
                0x080029e4                HAL_CRC_MspInit
 .text.detect_task
                0x08002a14        0xa CMakeFiles/test.elf.dir/Src/freertos.c.obj
                0x08002a14                detect_task
 *fill*         0x08002a1e        0x2 
 .text.vApplicationGetIdleTaskMemory
                0x08002a20       0x18 CMakeFiles/test.elf.dir/Src/freertos.c.obj
                0x08002a20                vApplicationGetIdleTaskMemory
 .text.MX_FREERTOS_Init
                0x08002a38       0x84 CMakeFiles/test.elf.dir/Src/freertos.c.obj
                0x08002a38                MX_FREERTOS_Init
 .text.MX_GPIO_Init
                0x08002abc       0x94 CMakeFiles/test.elf.dir/Src/gpio.c.obj
                0x08002abc                MX_GPIO_Init
 .text.Error_Handler
                0x08002b50        0x4 CMakeFiles/test.elf.dir/Src/main.c.obj
                0x08002b50                Error_Handler
 .text.SystemClock_Config
                0x08002b54       0xa8 CMakeFiles/test.elf.dir/Src/main.c.obj
                0x08002b54                SystemClock_Config
 .text.main     0x08002bfc       0x28 CMakeFiles/test.elf.dir/Src/main.c.obj
                0x08002bfc                main
 .text.HAL_MspInit
                0x08002c24       0x44 CMakeFiles/test.elf.dir/Src/stm32f4xx_hal_msp.c.obj
                0x08002c24                HAL_MspInit
 .text.NMI_Handler
                0x08002c68        0x2 CMakeFiles/test.elf.dir/Src/stm32f4xx_it.c.obj
                0x08002c68                NMI_Handler
 .text.HardFault_Handler
                0x08002c6a        0x2 CMakeFiles/test.elf.dir/Src/stm32f4xx_it.c.obj
                0x08002c6a                HardFault_Handler
 .text.MemManage_Handler
                0x08002c6c        0x2 CMakeFiles/test.elf.dir/Src/stm32f4xx_it.c.obj
                0x08002c6c                MemManage_Handler
 .text.BusFault_Handler
                0x08002c6e        0x2 CMakeFiles/test.elf.dir/Src/stm32f4xx_it.c.obj
                0x08002c6e                BusFault_Handler
 .text.UsageFault_Handler
                0x08002c70        0x2 CMakeFiles/test.elf.dir/Src/stm32f4xx_it.c.obj
                0x08002c70                UsageFault_Handler
 .text.DebugMon_Handler
                0x08002c72        0x2 CMakeFiles/test.elf.dir/Src/stm32f4xx_it.c.obj
                0x08002c72                DebugMon_Handler
 .text.SysTick_Handler
                0x08002c74       0x16 CMakeFiles/test.elf.dir/Src/stm32f4xx_it.c.obj
                0x08002c74                SysTick_Handler
 *fill*         0x08002c8a        0x2 
 .text.CAN1_RX0_IRQHandler
                0x08002c8c       0x10 CMakeFiles/test.elf.dir/Src/stm32f4xx_it.c.obj
                0x08002c8c                CAN1_RX0_IRQHandler
 .text.CAN2_RX0_IRQHandler
                0x08002c9c       0x10 CMakeFiles/test.elf.dir/Src/stm32f4xx_it.c.obj
                0x08002c9c                CAN2_RX0_IRQHandler
 .text.SystemInit
                0x08002cac       0x1c CMakeFiles/test.elf.dir/Src/system_stm32f4xx.c.obj
                0x08002cac                SystemInit
 .text.f_Trapezoid_Intergral
                0x08002cc8       0x7c CMakeFiles/test.elf.dir/UserLib/controller.c.obj
 .text.f_Changing_Integration_Rate
                0x08002d44       0x72 CMakeFiles/test.elf.dir/UserLib/controller.c.obj
 *fill*         0x08002db6        0x2 
 .text.f_Integral_Limit
                0x08002db8       0xa4 CMakeFiles/test.elf.dir/UserLib/controller.c.obj
 .text.f_Derivative_Filter
                0x08002e5c       0x3a CMakeFiles/test.elf.dir/UserLib/controller.c.obj
 .text.f_Output_Filter
                0x08002e96       0x3a CMakeFiles/test.elf.dir/UserLib/controller.c.obj
 .text.f_Output_Limit
                0x08002ed0       0x34 CMakeFiles/test.elf.dir/UserLib/controller.c.obj
 .text.f_Proportion_Limit
                0x08002f04       0x34 CMakeFiles/test.elf.dir/UserLib/controller.c.obj
 .text.f_PID_ErrorHandle
                0x08002f38       0xb8 CMakeFiles/test.elf.dir/UserLib/controller.c.obj
 .text.f_Derivative_On_Measurement
                0x08002ff0       0xe6 CMakeFiles/test.elf.dir/UserLib/controller.c.obj
 .text.PID_Init
                0x080030d6       0x8e CMakeFiles/test.elf.dir/UserLib/controller.c.obj
                0x080030d6                PID_Init
 .text.PID_Calculate
                0x08003164      0x266 CMakeFiles/test.elf.dir/UserLib/controller.c.obj
                0x08003164                PID_Calculate
 .text.OLS_Init
                0x080033ca       0x5a CMakeFiles/test.elf.dir/UserLib/user_lib.c.obj
                0x080033ca                OLS_Init
 .text.OLS_Derivative
                0x08003424      0x1f0 CMakeFiles/test.elf.dir/UserLib/user_lib.c.obj
                0x08003424                OLS_Derivative
 .text.Reset_Handler
                0x08003614       0x50 CMakeFiles/test.elf.dir/startup/startup_stm32f407xx.s.obj
                0x08003614                Reset_Handler
 .text.Default_Handler
                0x08003664        0x2 CMakeFiles/test.elf.dir/startup/startup_stm32f407xx.s.obj
                0x08003664                RTC_Alarm_IRQHandler
                0x08003664                HASH_RNG_IRQHandler
                0x08003664                EXTI2_IRQHandler
                0x08003664                TIM8_CC_IRQHandler
                0x08003664                TIM1_CC_IRQHandler
                0x08003664                DMA2_Stream5_IRQHandler
                0x08003664                DMA1_Stream5_IRQHandler
                0x08003664                PVD_IRQHandler
                0x08003664                SDIO_IRQHandler
                0x08003664                TAMP_STAMP_IRQHandler
                0x08003664                CAN2_RX1_IRQHandler
                0x08003664                EXTI3_IRQHandler
                0x08003664                TIM8_TRG_COM_TIM14_IRQHandler
                0x08003664                TIM1_UP_TIM10_IRQHandler
                0x08003664                TIM8_UP_TIM13_IRQHandler
                0x08003664                I2C3_ER_IRQHandler
                0x08003664                EXTI0_IRQHandler
                0x08003664                I2C2_EV_IRQHandler
                0x08003664                DMA1_Stream2_IRQHandler
                0x08003664                FPU_IRQHandler
                0x08003664                OTG_HS_WKUP_IRQHandler
                0x08003664                CAN2_SCE_IRQHandler
                0x08003664                DMA2_Stream2_IRQHandler
                0x08003664                SPI1_IRQHandler
                0x08003664                TIM6_DAC_IRQHandler
                0x08003664                TIM1_BRK_TIM9_IRQHandler
                0x08003664                DCMI_IRQHandler
                0x08003664                DMA2_Stream3_IRQHandler
                0x08003664                USART6_IRQHandler
                0x08003664                USART3_IRQHandler
                0x08003664                CAN1_RX1_IRQHandler
                0x08003664                UART5_IRQHandler
                0x08003664                DMA2_Stream0_IRQHandler
                0x08003664                TIM4_IRQHandler
                0x08003664                I2C1_EV_IRQHandler
                0x08003664                DMA1_Stream6_IRQHandler
                0x08003664                DMA1_Stream1_IRQHandler
                0x08003664                UART4_IRQHandler
                0x08003664                TIM3_IRQHandler
                0x08003664                RCC_IRQHandler
                0x08003664                TIM8_BRK_TIM12_IRQHandler
                0x08003664                Default_Handler
                0x08003664                EXTI15_10_IRQHandler
                0x08003664                ADC_IRQHandler
                0x08003664                DMA1_Stream7_IRQHandler
                0x08003664                TIM7_IRQHandler
                0x08003664                CAN2_TX_IRQHandler
                0x08003664                TIM5_IRQHandler
                0x08003664                DMA2_Stream7_IRQHandler
                0x08003664                I2C3_EV_IRQHandler
                0x08003664                EXTI9_5_IRQHandler
                0x08003664                RTC_WKUP_IRQHandler
                0x08003664                ETH_WKUP_IRQHandler
                0x08003664                SPI2_IRQHandler
                0x08003664                OTG_HS_EP1_IN_IRQHandler
                0x08003664                DMA1_Stream0_IRQHandler
                0x08003664                CAN1_TX_IRQHandler
                0x08003664                EXTI4_IRQHandler
                0x08003664                FSMC_IRQHandler
                0x08003664                ETH_IRQHandler
                0x08003664                OTG_HS_EP1_OUT_IRQHandler
                0x08003664                WWDG_IRQHandler
                0x08003664                TIM2_IRQHandler
                0x08003664                OTG_FS_WKUP_IRQHandler
                0x08003664                TIM1_TRG_COM_TIM11_IRQHandler
                0x08003664                OTG_HS_IRQHandler
                0x08003664                EXTI1_IRQHandler
                0x08003664                USART2_IRQHandler
                0x08003664                I2C2_ER_IRQHandler
                0x08003664                DMA2_Stream1_IRQHandler
                0x08003664                CAN1_SCE_IRQHandler
                0x08003664                FLASH_IRQHandler
                0x08003664                DMA2_Stream4_IRQHandler
                0x08003664                USART1_IRQHandler
                0x08003664                OTG_FS_IRQHandler
                0x08003664                SPI3_IRQHandler
                0x08003664                DMA1_Stream4_IRQHandler
                0x08003664                I2C1_ER_IRQHandler
                0x08003664                DMA2_Stream6_IRQHandler
                0x08003664                DMA1_Stream3_IRQHandler
 *fill*         0x08003666        0x2 
 .text.__libc_init_array
                0x08003668       0x48 c:/gcc-arm-none-eabi/bin/../lib/gcc/arm-none-eabi/10.3.1/../../../../arm-none-eabi/lib/thumb/v7e-m+fp/hard\libg.a(lib_a-init.o)
                0x08003668                __libc_init_array
 .text.memset   0x080036b0       0xa4 c:/gcc-arm-none-eabi/bin/../lib/gcc/arm-none-eabi/10.3.1/../../../../arm-none-eabi/lib/thumb/v7e-m+fp/hard\libg.a(lib_a-memset.o)
                0x080036b0                memset
 .text.startup.register_fini
                0x08003754       0x14 c:/gcc-arm-none-eabi/bin/../lib/gcc/arm-none-eabi/10.3.1/../../../../arm-none-eabi/lib/thumb/v7e-m+fp/hard\libg.a(lib_a-__call_atexit.o)
 .text.atexit   0x08003768        0xc c:/gcc-arm-none-eabi/bin/../lib/gcc/arm-none-eabi/10.3.1/../../../../arm-none-eabi/lib/thumb/v7e-m+fp/hard\libg.a(lib_a-atexit.o)
                0x08003768                atexit
 .text.__libc_fini_array
                0x08003774       0x2c c:/gcc-arm-none-eabi/bin/../lib/gcc/arm-none-eabi/10.3.1/../../../../arm-none-eabi/lib/thumb/v7e-m+fp/hard\libg.a(lib_a-fini.o)
                0x08003774                __libc_fini_array
 .text.__retarget_lock_acquire_recursive
                0x080037a0        0x4 c:/gcc-arm-none-eabi/bin/../lib/gcc/arm-none-eabi/10.3.1/../../../../arm-none-eabi/lib/thumb/v7e-m+fp/hard\libg.a(lib_a-lock.o)
                0x080037a0                __retarget_lock_acquire_recursive
 .text.__retarget_lock_release_recursive
                0x080037a4        0x4 c:/gcc-arm-none-eabi/bin/../lib/gcc/arm-none-eabi/10.3.1/../../../../arm-none-eabi/lib/thumb/v7e-m+fp/hard\libg.a(lib_a-lock.o)
                0x080037a4                __retarget_lock_release_recursive
 .text.__register_exitproc
                0x080037a8       0x8c c:/gcc-arm-none-eabi/bin/../lib/gcc/arm-none-eabi/10.3.1/../../../../arm-none-eabi/lib/thumb/v7e-m+fp/hard\libg.a(lib_a-__atexit.o)
                0x080037a8                __register_exitproc
 *(.glue_7)
 .glue_7        0x08003834        0x0 linker stubs
 *(.glue_7t)
 .glue_7t       0x08003834        0x0 linker stubs
 *(.eh_frame)
 .eh_frame      0x08003834        0x0 c:/gcc-arm-none-eabi/bin/../lib/gcc/arm-none-eabi/10.3.1/thumb/v7e-m+fp/hard/crtbegin.o
 *(.init)
 .init          0x08003834        0x4 c:/gcc-arm-none-eabi/bin/../lib/gcc/arm-none-eabi/10.3.1/thumb/v7e-m+fp/hard/crti.o
                0x08003834                _init
 .init          0x08003838        0x8 c:/gcc-arm-none-eabi/bin/../lib/gcc/arm-none-eabi/10.3.1/thumb/v7e-m+fp/hard/crtn.o
 *(.fini)
 .fini          0x08003840        0x4 c:/gcc-arm-none-eabi/bin/../lib/gcc/arm-none-eabi/10.3.1/thumb/v7e-m+fp/hard/crti.o
                0x08003840                _fini
 .fini          0x08003844        0x8 c:/gcc-arm-none-eabi/bin/../lib/gcc/arm-none-eabi/10.3.1/thumb/v7e-m+fp/hard/crtn.o
                0x0800384c                . = ALIGN (0x4)
                0x0800384c                _etext = .

.vfp11_veneer   0x0800384c        0x0
 .vfp11_veneer  0x0800384c        0x0 linker stubs

.v4_bx          0x0800384c        0x0
 .v4_bx         0x0800384c        0x0 linker stubs

.iplt           0x0800384c        0x0
 .iplt          0x0800384c        0x0 c:/gcc-arm-none-eabi/bin/../lib/gcc/arm-none-eabi/10.3.1/thumb/v7e-m+fp/hard/crtbegin.o

.rodata         0x0800384c       0x90
                0x0800384c                . = ALIGN (0x4)
 *(.rodata)
 .rodata        0x0800384c       0x54 CMakeFiles/test.elf.dir/Src/freertos.c.obj
 *(.rodata*)
 .rodata.vTaskStartScheduler.str1.4
                0x080038a0        0x5 CMakeFiles/test.elf.dir/Middlewares/Third_Party/FreeRTOS/Source/tasks.c.obj
 *fill*         0x080038a5        0x3 
 .rodata.str1.4
                0x080038a8       0x1f CMakeFiles/test.elf.dir/Src/freertos.c.obj
 *fill*         0x080038c7        0x1 
 .rodata.AHBPrescTable
                0x080038c8       0x10 CMakeFiles/test.elf.dir/Src/system_stm32f4xx.c.obj
                0x080038c8                AHBPrescTable
 .rodata._global_impure_ptr
                0x080038d8        0x4 c:/gcc-arm-none-eabi/bin/../lib/gcc/arm-none-eabi/10.3.1/../../../../arm-none-eabi/lib/thumb/v7e-m+fp/hard\libg.a(lib_a-impure.o)
                0x080038d8                _global_impure_ptr
                0x080038dc                . = ALIGN (0x4)

.ARM.extab
 *(.ARM.extab* .gnu.linkonce.armextab.*)

.ARM            0x080038dc        0x8
                0x080038dc                __exidx_start = .
 *(.ARM.exidx*)
 .ARM.exidx     0x080038dc        0x8 c:/gcc-arm-none-eabi/bin/../lib/gcc/arm-none-eabi/10.3.1/thumb/v7e-m+fp/hard\libgcc.a(_udivmoddi4.o)
                0x080038e4                __exidx_end = .

.rel.dyn        0x080038e4        0x0
 .rel.iplt      0x080038e4        0x0 c:/gcc-arm-none-eabi/bin/../lib/gcc/arm-none-eabi/10.3.1/thumb/v7e-m+fp/hard/crtbegin.o

.preinit_array  0x080038e4        0x0
                0x080038e4                PROVIDE (__preinit_array_start = .)
 *(.preinit_array*)
                0x080038e4                PROVIDE (__preinit_array_end = .)

.init_array     0x080038e4        0x8
                0x080038e4                PROVIDE (__init_array_start = .)
 *(SORT_BY_NAME(.init_array.*))
 .init_array.00000
                0x080038e4        0x4 c:/gcc-arm-none-eabi/bin/../lib/gcc/arm-none-eabi/10.3.1/../../../../arm-none-eabi/lib/thumb/v7e-m+fp/hard\libg.a(lib_a-__call_atexit.o)
 *(.init_array*)
 .init_array    0x080038e8        0x4 c:/gcc-arm-none-eabi/bin/../lib/gcc/arm-none-eabi/10.3.1/thumb/v7e-m+fp/hard/crtbegin.o
                0x080038ec                PROVIDE (__init_array_end = .)

.fini_array     0x080038ec        0x4
                0x080038ec                PROVIDE (__fini_array_start = .)
 *(SORT_BY_NAME(.fini_array.*))
 *(.fini_array*)
 .fini_array    0x080038ec        0x4 c:/gcc-arm-none-eabi/bin/../lib/gcc/arm-none-eabi/10.3.1/thumb/v7e-m+fp/hard/crtbegin.o
                0x080038f0                PROVIDE (__fini_array_end = .)
                0x080038f0                _sidata = LOADADDR (.data)

.data           0x20000000      0x43c load address 0x080038f0
                0x20000000                . = ALIGN (0x4)
                0x20000000                _sdata = .
 *(.data)
 *(.data*)
 .data.uwTickFreq
                0x20000000        0x1 CMakeFiles/test.elf.dir/Drivers/STM32F4xx_HAL_Driver/Src/stm32f4xx_hal.c.obj
                0x20000000                uwTickFreq
 *fill*         0x20000001        0x3 
 .data.uwTickPrio
                0x20000004        0x4 CMakeFiles/test.elf.dir/Drivers/STM32F4xx_HAL_Driver/Src/stm32f4xx_hal.c.obj
                0x20000004                uwTickPrio
 .data.uxCriticalNesting
                0x20000008        0x4 CMakeFiles/test.elf.dir/Middlewares/Third_Party/FreeRTOS/Source/portable/GCC/ARM_CM4F/port.c.obj
 .data.SystemCoreClock
                0x2000000c        0x4 CMakeFiles/test.elf.dir/Src/system_stm32f4xx.c.obj
                0x2000000c                SystemCoreClock
 .data.impure_data
                0x20000010      0x428 c:/gcc-arm-none-eabi/bin/../lib/gcc/arm-none-eabi/10.3.1/../../../../arm-none-eabi/lib/thumb/v7e-m+fp/hard\libg.a(lib_a-impure.o)
 .data.__atexit_recursive_mutex
                0x20000438        0x4 c:/gcc-arm-none-eabi/bin/../lib/gcc/arm-none-eabi/10.3.1/../../../../arm-none-eabi/lib/thumb/v7e-m+fp/hard\libg.a(lib_a-__call_atexit.o)
                0x20000438                __atexit_recursive_mutex
                0x2000043c                . = ALIGN (0x4)
                0x2000043c                _edata = .
                0x08003d2c                _siccmram = LOADADDR (.ccmram)

.igot.plt       0x2000043c        0x0 load address 0x08003d2c
 .igot.plt      0x2000043c        0x0 c:/gcc-arm-none-eabi/bin/../lib/gcc/arm-none-eabi/10.3.1/thumb/v7e-m+fp/hard/crtbegin.o

.ccmram         0x10000000        0x0 load address 0x08003d2c
                0x10000000                . = ALIGN (0x4)
                0x10000000                _sccmram = .
 *(.ccmram)
 *(.ccmram*)
                0x10000000                . = ALIGN (0x4)
                0x10000000                _eccmram = .
                0x10000000                . = ALIGN (0x4)

.bss            0x2000043c     0x53c4
                0x2000043c                _sbss = .
                0x2000043c                __bss_start__ = _sbss
 *(.bss)
 .bss           0x2000043c       0x1c c:/gcc-arm-none-eabi/bin/../lib/gcc/arm-none-eabi/10.3.1/thumb/v7e-m+fp/hard/crtbegin.o
 *(.bss*)
 .bss.ChassisMotor
                0x20000458     0x1220 CMakeFiles/test.elf.dir/APP/Chassis.c.obj
                0x20000458                ChassisMotor
 .bss.RotateFollow
                0x20001678       0xaa CMakeFiles/test.elf.dir/APP/Chassis.c.obj
                0x20001678                RotateFollow
 *fill*         0x20001722        0x2 
 .bss.chassis   0x20001724       0x14 CMakeFiles/test.elf.dir/APP/Chassis.c.obj
                0x20001724                chassis
 .bss.gim       0x20001738       0x14 CMakeFiles/test.elf.dir/APP/Chassis.c.obj
                0x20001738                gim
 .bss.glb_err   0x2000174c       0x68 CMakeFiles/test.elf.dir/APP/Chassis.c.obj
                0x2000174c                glb_err
 .bss.rc        0x200017b4       0x14 CMakeFiles/test.elf.dir/APP/Chassis.c.obj
                0x200017b4                rc
 .bss.spin_flag
                0x200017c8        0x1 CMakeFiles/test.elf.dir/APP/Chassis.c.obj
                0x200017c8                spin_flag
 *fill*         0x200017c9        0x3 
 .bss.yaw_relative_angle
                0x200017cc        0x4 CMakeFiles/test.elf.dir/APP/Chassis.c.obj
                0x200017cc                yaw_relative_angle
 .bss.RC_Data_Buf.0
                0x200017d0       0x10 CMakeFiles/test.elf.dir/BSP/Src/bsp_can.c.obj
 .bss.CPU_FREQ_Hz
                0x200017e0        0x4 CMakeFiles/test.elf.dir/BSP/Src/bsp_dwt.c.obj
 .bss.uwTick    0x200017e4        0x4 CMakeFiles/test.elf.dir/Drivers/STM32F4xx_HAL_Driver/Src/stm32f4xx_hal.c.obj
                0x200017e4                uwTick
 .bss.ucMaxSysCallPriority
                0x200017e8        0x1 CMakeFiles/test.elf.dir/Middlewares/Third_Party/FreeRTOS/Source/portable/GCC/ARM_CM4F/port.c.obj
 *fill*         0x200017e9        0x3 
 .bss.ulMaxPRIGROUPValue
                0x200017ec        0x4 CMakeFiles/test.elf.dir/Middlewares/Third_Party/FreeRTOS/Source/portable/GCC/ARM_CM4F/port.c.obj
 .bss.pxEnd     0x200017f0        0x4 CMakeFiles/test.elf.dir/Middlewares/Third_Party/FreeRTOS/Source/portable/MemMang/heap_4.c.obj
 .bss.ucHeap    0x200017f4     0x3c00 CMakeFiles/test.elf.dir/Middlewares/Third_Party/FreeRTOS/Source/portable/MemMang/heap_4.c.obj
 .bss.xBlockAllocatedBit
                0x200053f4        0x4 CMakeFiles/test.elf.dir/Middlewares/Third_Party/FreeRTOS/Source/portable/MemMang/heap_4.c.obj
 .bss.xFreeBytesRemaining
                0x200053f8        0x4 CMakeFiles/test.elf.dir/Middlewares/Third_Party/FreeRTOS/Source/portable/MemMang/heap_4.c.obj
 .bss.xMinimumEverFreeBytesRemaining
                0x200053fc        0x4 CMakeFiles/test.elf.dir/Middlewares/Third_Party/FreeRTOS/Source/portable/MemMang/heap_4.c.obj
 .bss.xStart    0x20005400        0x8 CMakeFiles/test.elf.dir/Middlewares/Third_Party/FreeRTOS/Source/portable/MemMang/heap_4.c.obj
 .bss.pxCurrentTCB
                0x20005408        0x4 CMakeFiles/test.elf.dir/Middlewares/Third_Party/FreeRTOS/Source/tasks.c.obj
                0x20005408                pxCurrentTCB
 .bss.pxDelayedTaskList
                0x2000540c        0x4 CMakeFiles/test.elf.dir/Middlewares/Third_Party/FreeRTOS/Source/tasks.c.obj
 .bss.pxOverflowDelayedTaskList
                0x20005410        0x4 CMakeFiles/test.elf.dir/Middlewares/Third_Party/FreeRTOS/Source/tasks.c.obj
 .bss.pxReadyTasksLists
                0x20005414       0x8c CMakeFiles/test.elf.dir/Middlewares/Third_Party/FreeRTOS/Source/tasks.c.obj
 .bss.uxCurrentNumberOfTasks
                0x200054a0        0x4 CMakeFiles/test.elf.dir/Middlewares/Third_Party/FreeRTOS/Source/tasks.c.obj
 .bss.uxDeletedTasksWaitingCleanUp
                0x200054a4        0x4 CMakeFiles/test.elf.dir/Middlewares/Third_Party/FreeRTOS/Source/tasks.c.obj
 .bss.uxPendedTicks
                0x200054a8        0x4 CMakeFiles/test.elf.dir/Middlewares/Third_Party/FreeRTOS/Source/tasks.c.obj
 .bss.uxSchedulerSuspended
                0x200054ac        0x4 CMakeFiles/test.elf.dir/Middlewares/Third_Party/FreeRTOS/Source/tasks.c.obj
 .bss.uxTaskNumber
                0x200054b0        0x4 CMakeFiles/test.elf.dir/Middlewares/Third_Party/FreeRTOS/Source/tasks.c.obj
 .bss.uxTopReadyPriority
                0x200054b4        0x4 CMakeFiles/test.elf.dir/Middlewares/Third_Party/FreeRTOS/Source/tasks.c.obj
 .bss.xDelayedTaskList1
                0x200054b8       0x14 CMakeFiles/test.elf.dir/Middlewares/Third_Party/FreeRTOS/Source/tasks.c.obj
 .bss.xDelayedTaskList2
                0x200054cc       0x14 CMakeFiles/test.elf.dir/Middlewares/Third_Party/FreeRTOS/Source/tasks.c.obj
 .bss.xIdleTaskHandle
                0x200054e0        0x4 CMakeFiles/test.elf.dir/Middlewares/Third_Party/FreeRTOS/Source/tasks.c.obj
 .bss.xNextTaskUnblockTime
                0x200054e4        0x4 CMakeFiles/test.elf.dir/Middlewares/Third_Party/FreeRTOS/Source/tasks.c.obj
 .bss.xNumOfOverflows
                0x200054e8        0x4 CMakeFiles/test.elf.dir/Middlewares/Third_Party/FreeRTOS/Source/tasks.c.obj
 .bss.xPendingReadyList
                0x200054ec       0x14 CMakeFiles/test.elf.dir/Middlewares/Third_Party/FreeRTOS/Source/tasks.c.obj
 .bss.xSchedulerRunning
                0x20005500        0x4 CMakeFiles/test.elf.dir/Middlewares/Third_Party/FreeRTOS/Source/tasks.c.obj
 .bss.xSuspendedTaskList
                0x20005504       0x14 CMakeFiles/test.elf.dir/Middlewares/Third_Party/FreeRTOS/Source/tasks.c.obj
 .bss.xTasksWaitingTermination
                0x20005518       0x14 CMakeFiles/test.elf.dir/Middlewares/Third_Party/FreeRTOS/Source/tasks.c.obj
 .bss.xTickCount
                0x2000552c        0x4 CMakeFiles/test.elf.dir/Middlewares/Third_Party/FreeRTOS/Source/tasks.c.obj
 .bss.xYieldPending
                0x20005530        0x4 CMakeFiles/test.elf.dir/Middlewares/Third_Party/FreeRTOS/Source/tasks.c.obj
 .bss.HAL_RCC_CAN1_CLK_ENABLED
                0x20005534        0x4 CMakeFiles/test.elf.dir/Src/can.c.obj
 .bss.hcan1     0x20005538       0x28 CMakeFiles/test.elf.dir/Src/can.c.obj
                0x20005538                hcan1
 .bss.hcan2     0x20005560       0x28 CMakeFiles/test.elf.dir/Src/can.c.obj
                0x20005560                hcan2
 .bss.hcrc      0x20005588        0x8 CMakeFiles/test.elf.dir/Src/crc.c.obj
                0x20005588                hcrc
 .bss.ChassisHandle
                0x20005590        0x4 CMakeFiles/test.elf.dir/Src/freertos.c.obj
                0x20005590                ChassisHandle
 .bss.DetectHandle
                0x20005594        0x4 CMakeFiles/test.elf.dir/Src/freertos.c.obj
                0x20005594                DetectHandle
 .bss.TransmissionHandle
                0x20005598        0x4 CMakeFiles/test.elf.dir/Src/freertos.c.obj
                0x20005598                TransmissionHandle
 .bss.xIdleStack
                0x2000559c      0x200 CMakeFiles/test.elf.dir/Src/freertos.c.obj
 .bss.xIdleTaskTCBBuffer
                0x2000579c       0x54 CMakeFiles/test.elf.dir/Src/freertos.c.obj
 .bss.temp_Iout.8
                0x200057f0        0x4 CMakeFiles/test.elf.dir/UserLib/controller.c.obj
 .bss.temp_Output.7
                0x200057f4        0x4 CMakeFiles/test.elf.dir/UserLib/controller.c.obj
 .bss.temp.1    0x200057f8        0x4 CMakeFiles/test.elf.dir/UserLib/user_lib.c.obj
 .bss.__lock___atexit_recursive_mutex
                0x200057fc        0x1 c:/gcc-arm-none-eabi/bin/../lib/gcc/arm-none-eabi/10.3.1/../../../../arm-none-eabi/lib/thumb/v7e-m+fp/hard\libg.a(lib_a-lock.o)
                0x200057fc                __lock___atexit_recursive_mutex
 *(COMMON)
                0x20005800                . = ALIGN (0x4)
 *fill*         0x200057fd        0x3 
                0x20005800                _ebss = .
                0x20005800                __bss_end__ = _ebss

._user_heap_stack
                0x20005800      0x600
                0x20005800                . = ALIGN (0x8)
                0x20005800                PROVIDE (end = .)
                [!provide]                PROVIDE (_end = .)
                0x20005a00                . = (. + _Min_Heap_Size)
 *fill*         0x20005800      0x200 
                0x20005e00                . = (. + _Min_Stack_Size)
 *fill*         0x20005a00      0x400 
                0x20005e00                . = ALIGN (0x8)

/DISCARD/
 libc.a(*)
 libm.a(*)
 libgcc.a(*)

.ARM.attributes
                0x00000000       0x30
 *(.ARM.attributes)
 .ARM.attributes
                0x00000000       0x1e c:/gcc-arm-none-eabi/bin/../lib/gcc/arm-none-eabi/10.3.1/thumb/v7e-m+fp/hard/crti.o
 .ARM.attributes
                0x0000001e       0x34 c:/gcc-arm-none-eabi/bin/../lib/gcc/arm-none-eabi/10.3.1/thumb/v7e-m+fp/hard/crtbegin.o
 .ARM.attributes
                0x00000052       0x34 CMakeFiles/test.elf.dir/APP/Chassis.c.obj
 .ARM.attributes
                0x00000086       0x34 CMakeFiles/test.elf.dir/APP/Transmission.c.obj
 .ARM.attributes
                0x000000ba       0x34 CMakeFiles/test.elf.dir/BSP/Src/bsp_can.c.obj
 .ARM.attributes
                0x000000ee       0x34 CMakeFiles/test.elf.dir/BSP/Src/bsp_dwt.c.obj
 .ARM.attributes
                0x00000122       0x34 CMakeFiles/test.elf.dir/Drivers/STM32F4xx_HAL_Driver/Src/stm32f4xx_hal.c.obj
 .ARM.attributes
                0x00000156       0x34 CMakeFiles/test.elf.dir/Drivers/STM32F4xx_HAL_Driver/Src/stm32f4xx_hal_can.c.obj
 .ARM.attributes
                0x0000018a       0x34 CMakeFiles/test.elf.dir/Drivers/STM32F4xx_HAL_Driver/Src/stm32f4xx_hal_cortex.c.obj
 .ARM.attributes
                0x000001be       0x34 CMakeFiles/test.elf.dir/Drivers/STM32F4xx_HAL_Driver/Src/stm32f4xx_hal_crc.c.obj
 .ARM.attributes
                0x000001f2       0x34 CMakeFiles/test.elf.dir/Drivers/STM32F4xx_HAL_Driver/Src/stm32f4xx_hal_gpio.c.obj
 .ARM.attributes
                0x00000226       0x34 CMakeFiles/test.elf.dir/Drivers/STM32F4xx_HAL_Driver/Src/stm32f4xx_hal_rcc.c.obj
 .ARM.attributes
                0x0000025a       0x34 CMakeFiles/test.elf.dir/Middlewares/Third_Party/FreeRTOS/Source/CMSIS_RTOS/cmsis_os.c.obj
 .ARM.attributes
                0x0000028e       0x34 CMakeFiles/test.elf.dir/Middlewares/Third_Party/FreeRTOS/Source/list.c.obj
 .ARM.attributes
                0x000002c2       0x34 CMakeFiles/test.elf.dir/Middlewares/Third_Party/FreeRTOS/Source/portable/GCC/ARM_CM4F/port.c.obj
 .ARM.attributes
                0x000002f6       0x34 CMakeFiles/test.elf.dir/Middlewares/Third_Party/FreeRTOS/Source/portable/MemMang/heap_4.c.obj
 .ARM.attributes
                0x0000032a       0x34 CMakeFiles/test.elf.dir/Middlewares/Third_Party/FreeRTOS/Source/tasks.c.obj
 .ARM.attributes
                0x0000035e       0x34 CMakeFiles/test.elf.dir/Src/can.c.obj
 .ARM.attributes
                0x00000392       0x34 CMakeFiles/test.elf.dir/Src/crc.c.obj
 .ARM.attributes
                0x000003c6       0x34 CMakeFiles/test.elf.dir/Src/freertos.c.obj
 .ARM.attributes
                0x000003fa       0x34 CMakeFiles/test.elf.dir/Src/gpio.c.obj
 .ARM.attributes
                0x0000042e       0x34 CMakeFiles/test.elf.dir/Src/main.c.obj
 .ARM.attributes
                0x00000462       0x34 CMakeFiles/test.elf.dir/Src/stm32f4xx_hal_msp.c.obj
 .ARM.attributes
                0x00000496       0x34 CMakeFiles/test.elf.dir/Src/stm32f4xx_it.c.obj
 .ARM.attributes
                0x000004ca       0x34 CMakeFiles/test.elf.dir/Src/system_stm32f4xx.c.obj
 .ARM.attributes
                0x000004fe       0x34 CMakeFiles/test.elf.dir/UserLib/controller.c.obj
 .ARM.attributes
                0x00000532       0x34 CMakeFiles/test.elf.dir/UserLib/user_lib.c.obj
 .ARM.attributes
                0x00000566       0x21 CMakeFiles/test.elf.dir/startup/startup_stm32f407xx.s.obj
 .ARM.attributes
                0x00000587       0x1e c:/gcc-arm-none-eabi/bin/../lib/gcc/arm-none-eabi/10.3.1/thumb/v7e-m+fp/hard\libgcc.a(_aeabi_uldivmod.o)
 .ARM.attributes
                0x000005a5       0x34 c:/gcc-arm-none-eabi/bin/../lib/gcc/arm-none-eabi/10.3.1/thumb/v7e-m+fp/hard\libgcc.a(_udivmoddi4.o)
 .ARM.attributes
                0x000005d9       0x1e c:/gcc-arm-none-eabi/bin/../lib/gcc/arm-none-eabi/10.3.1/thumb/v7e-m+fp/hard\libgcc.a(_dvmd_tls.o)
 .ARM.attributes
                0x000005f7       0x34 c:/gcc-arm-none-eabi/bin/../lib/gcc/arm-none-eabi/10.3.1/../../../../arm-none-eabi/lib/thumb/v7e-m+fp/hard\libg.a(lib_a-impure.o)
 .ARM.attributes
                0x0000062b       0x34 c:/gcc-arm-none-eabi/bin/../lib/gcc/arm-none-eabi/10.3.1/../../../../arm-none-eabi/lib/thumb/v7e-m+fp/hard\libg.a(lib_a-init.o)
 .ARM.attributes
                0x0000065f       0x34 c:/gcc-arm-none-eabi/bin/../lib/gcc/arm-none-eabi/10.3.1/../../../../arm-none-eabi/lib/thumb/v7e-m+fp/hard\libg.a(lib_a-memset.o)
 .ARM.attributes
                0x00000693       0x34 c:/gcc-arm-none-eabi/bin/../lib/gcc/arm-none-eabi/10.3.1/../../../../arm-none-eabi/lib/thumb/v7e-m+fp/hard\libg.a(lib_a-__call_atexit.o)
 .ARM.attributes
                0x000006c7       0x34 c:/gcc-arm-none-eabi/bin/../lib/gcc/arm-none-eabi/10.3.1/../../../../arm-none-eabi/lib/thumb/v7e-m+fp/hard\libg.a(lib_a-atexit.o)
 .ARM.attributes
                0x000006fb       0x34 c:/gcc-arm-none-eabi/bin/../lib/gcc/arm-none-eabi/10.3.1/../../../../arm-none-eabi/lib/thumb/v7e-m+fp/hard\libg.a(lib_a-fini.o)
 .ARM.attributes
                0x0000072f       0x34 c:/gcc-arm-none-eabi/bin/../lib/gcc/arm-none-eabi/10.3.1/../../../../arm-none-eabi/lib/thumb/v7e-m+fp/hard\libg.a(lib_a-lock.o)
 .ARM.attributes
                0x00000763       0x34 c:/gcc-arm-none-eabi/bin/../lib/gcc/arm-none-eabi/10.3.1/../../../../arm-none-eabi/lib/thumb/v7e-m+fp/hard\libg.a(lib_a-__atexit.o)
 .ARM.attributes
                0x00000797       0x1e c:/gcc-arm-none-eabi/bin/../lib/gcc/arm-none-eabi/10.3.1/thumb/v7e-m+fp/hard/crtn.o
OUTPUT(test.elf elf32-littlearm)
LOAD linker stubs
LOAD c:/gcc-arm-none-eabi/bin/../lib/gcc/arm-none-eabi/10.3.1/../../../../arm-none-eabi/lib/thumb/v7e-m+fp/hard\libc.a
LOAD c:/gcc-arm-none-eabi/bin/../lib/gcc/arm-none-eabi/10.3.1/../../../../arm-none-eabi/lib/thumb/v7e-m+fp/hard\libm.a
LOAD c:/gcc-arm-none-eabi/bin/../lib/gcc/arm-none-eabi/10.3.1/thumb/v7e-m+fp/hard\libgcc.a

.debug_info     0x00000000    0x10a43
 .debug_info    0x00000000     0x112c CMakeFiles/test.elf.dir/APP/Chassis.c.obj
 .debug_info    0x0000112c      0x645 CMakeFiles/test.elf.dir/APP/Transmission.c.obj
 .debug_info    0x00001771      0x726 CMakeFiles/test.elf.dir/BSP/Src/bsp_can.c.obj
 .debug_info    0x00001e97      0x3f3 CMakeFiles/test.elf.dir/BSP/Src/bsp_dwt.c.obj
 .debug_info    0x0000228a      0x9f0 CMakeFiles/test.elf.dir/Drivers/STM32F4xx_HAL_Driver/Src/stm32f4xx_hal.c.obj
 .debug_info    0x00002c7a     0x126a CMakeFiles/test.elf.dir/Drivers/STM32F4xx_HAL_Driver/Src/stm32f4xx_hal_can.c.obj
 .debug_info    0x00003ee4     0x1098 CMakeFiles/test.elf.dir/Drivers/STM32F4xx_HAL_Driver/Src/stm32f4xx_hal_cortex.c.obj
 .debug_info    0x00004f7c      0x3e9 CMakeFiles/test.elf.dir/Drivers/STM32F4xx_HAL_Driver/Src/stm32f4xx_hal_crc.c.obj
 .debug_info    0x00005365      0x79b CMakeFiles/test.elf.dir/Drivers/STM32F4xx_HAL_Driver/Src/stm32f4xx_hal_gpio.c.obj
 .debug_info    0x00005b00      0xb03 CMakeFiles/test.elf.dir/Drivers/STM32F4xx_HAL_Driver/Src/stm32f4xx_hal_rcc.c.obj
 .debug_info    0x00006603     0x222b CMakeFiles/test.elf.dir/Middlewares/Third_Party/FreeRTOS/Source/CMSIS_RTOS/cmsis_os.c.obj
 .debug_info    0x0000882e      0x2e0 CMakeFiles/test.elf.dir/Middlewares/Third_Party/FreeRTOS/Source/list.c.obj
 .debug_info    0x00008b0e      0x587 CMakeFiles/test.elf.dir/Middlewares/Third_Party/FreeRTOS/Source/portable/GCC/ARM_CM4F/port.c.obj
 .debug_info    0x00009095      0x471 CMakeFiles/test.elf.dir/Middlewares/Third_Party/FreeRTOS/Source/portable/MemMang/heap_4.c.obj
 .debug_info    0x00009506     0x2877 CMakeFiles/test.elf.dir/Middlewares/Third_Party/FreeRTOS/Source/tasks.c.obj
 .debug_info    0x0000bd7d      0xcb4 CMakeFiles/test.elf.dir/Src/can.c.obj
 .debug_info    0x0000ca31      0x48d CMakeFiles/test.elf.dir/Src/crc.c.obj
 .debug_info    0x0000cebe      0x546 CMakeFiles/test.elf.dir/Src/freertos.c.obj
 .debug_info    0x0000d404      0x479 CMakeFiles/test.elf.dir/Src/gpio.c.obj
 .debug_info    0x0000d87d      0x5f8 CMakeFiles/test.elf.dir/Src/main.c.obj
 .debug_info    0x0000de75      0x4f8 CMakeFiles/test.elf.dir/Src/stm32f4xx_hal_msp.c.obj
 .debug_info    0x0000e36d      0x5a8 CMakeFiles/test.elf.dir/Src/stm32f4xx_it.c.obj
 .debug_info    0x0000e915      0x538 CMakeFiles/test.elf.dir/Src/system_stm32f4xx.c.obj
 .debug_info    0x0000ee4d     0x13bf CMakeFiles/test.elf.dir/UserLib/controller.c.obj
 .debug_info    0x0001020c      0x815 CMakeFiles/test.elf.dir/UserLib/user_lib.c.obj
 .debug_info    0x00010a21       0x22 CMakeFiles/test.elf.dir/startup/startup_stm32f407xx.s.obj

.debug_abbrev   0x00000000     0x3235
 .debug_abbrev  0x00000000      0x2ab CMakeFiles/test.elf.dir/APP/Chassis.c.obj
 .debug_abbrev  0x000002ab      0x1e8 CMakeFiles/test.elf.dir/APP/Transmission.c.obj
 .debug_abbrev  0x00000493      0x1b1 CMakeFiles/test.elf.dir/BSP/Src/bsp_can.c.obj
 .debug_abbrev  0x00000644      0x12d CMakeFiles/test.elf.dir/BSP/Src/bsp_dwt.c.obj
 .debug_abbrev  0x00000771      0x206 CMakeFiles/test.elf.dir/Drivers/STM32F4xx_HAL_Driver/Src/stm32f4xx_hal.c.obj
 .debug_abbrev  0x00000977      0x267 CMakeFiles/test.elf.dir/Drivers/STM32F4xx_HAL_Driver/Src/stm32f4xx_hal_can.c.obj
 .debug_abbrev  0x00000bde      0x36a CMakeFiles/test.elf.dir/Drivers/STM32F4xx_HAL_Driver/Src/stm32f4xx_hal_cortex.c.obj
 .debug_abbrev  0x00000f48      0x1c2 CMakeFiles/test.elf.dir/Drivers/STM32F4xx_HAL_Driver/Src/stm32f4xx_hal_crc.c.obj
 .debug_abbrev  0x0000110a      0x1ef CMakeFiles/test.elf.dir/Drivers/STM32F4xx_HAL_Driver/Src/stm32f4xx_hal_gpio.c.obj
 .debug_abbrev  0x000012f9      0x28a CMakeFiles/test.elf.dir/Drivers/STM32F4xx_HAL_Driver/Src/stm32f4xx_hal_rcc.c.obj
 .debug_abbrev  0x00001583      0x35b CMakeFiles/test.elf.dir/Middlewares/Third_Party/FreeRTOS/Source/CMSIS_RTOS/cmsis_os.c.obj
 .debug_abbrev  0x000018de      0x106 CMakeFiles/test.elf.dir/Middlewares/Third_Party/FreeRTOS/Source/list.c.obj
 .debug_abbrev  0x000019e4      0x26b CMakeFiles/test.elf.dir/Middlewares/Third_Party/FreeRTOS/Source/portable/GCC/ARM_CM4F/port.c.obj
 .debug_abbrev  0x00001c4f      0x238 CMakeFiles/test.elf.dir/Middlewares/Third_Party/FreeRTOS/Source/portable/MemMang/heap_4.c.obj
 .debug_abbrev  0x00001e87      0x313 CMakeFiles/test.elf.dir/Middlewares/Third_Party/FreeRTOS/Source/tasks.c.obj
 .debug_abbrev  0x0000219a      0x1f6 CMakeFiles/test.elf.dir/Src/can.c.obj
 .debug_abbrev  0x00002390      0x177 CMakeFiles/test.elf.dir/Src/crc.c.obj
 .debug_abbrev  0x00002507      0x172 CMakeFiles/test.elf.dir/Src/freertos.c.obj
 .debug_abbrev  0x00002679      0x14e CMakeFiles/test.elf.dir/Src/gpio.c.obj
 .debug_abbrev  0x000027c7      0x1b7 CMakeFiles/test.elf.dir/Src/main.c.obj
 .debug_abbrev  0x0000297e      0x119 CMakeFiles/test.elf.dir/Src/stm32f4xx_hal_msp.c.obj
 .debug_abbrev  0x00002a97      0x195 CMakeFiles/test.elf.dir/Src/stm32f4xx_it.c.obj
 .debug_abbrev  0x00002c2c      0x119 CMakeFiles/test.elf.dir/Src/system_stm32f4xx.c.obj
 .debug_abbrev  0x00002d45      0x2b6 CMakeFiles/test.elf.dir/UserLib/controller.c.obj
 .debug_abbrev  0x00002ffb      0x228 CMakeFiles/test.elf.dir/UserLib/user_lib.c.obj
 .debug_abbrev  0x00003223       0x12 CMakeFiles/test.elf.dir/startup/startup_stm32f407xx.s.obj

.debug_loc      0x00000000     0x6cc2
 .debug_loc     0x00000000       0x48 CMakeFiles/test.elf.dir/APP/Chassis.c.obj
 .debug_loc     0x00000048       0x25 CMakeFiles/test.elf.dir/APP/Transmission.c.obj
 .debug_loc     0x0000006d       0x25 CMakeFiles/test.elf.dir/BSP/Src/bsp_can.c.obj
 .debug_loc     0x00000092       0x9b CMakeFiles/test.elf.dir/BSP/Src/bsp_dwt.c.obj
 .debug_loc     0x0000012d      0x141 CMakeFiles/test.elf.dir/Drivers/STM32F4xx_HAL_Driver/Src/stm32f4xx_hal.c.obj
 .debug_loc     0x0000026e      0xde6 CMakeFiles/test.elf.dir/Drivers/STM32F4xx_HAL_Driver/Src/stm32f4xx_hal_can.c.obj
 .debug_loc     0x00001054      0x744 CMakeFiles/test.elf.dir/Drivers/STM32F4xx_HAL_Driver/Src/stm32f4xx_hal_cortex.c.obj
 .debug_loc     0x00001798      0x213 CMakeFiles/test.elf.dir/Drivers/STM32F4xx_HAL_Driver/Src/stm32f4xx_hal_crc.c.obj
 .debug_loc     0x000019ab      0x4ff CMakeFiles/test.elf.dir/Drivers/STM32F4xx_HAL_Driver/Src/stm32f4xx_hal_gpio.c.obj
 .debug_loc     0x00001eaa      0x58c CMakeFiles/test.elf.dir/Drivers/STM32F4xx_HAL_Driver/Src/stm32f4xx_hal_rcc.c.obj
 .debug_loc     0x00002436     0x12e6 CMakeFiles/test.elf.dir/Middlewares/Third_Party/FreeRTOS/Source/CMSIS_RTOS/cmsis_os.c.obj
 .debug_loc     0x0000371c       0xad CMakeFiles/test.elf.dir/Middlewares/Third_Party/FreeRTOS/Source/list.c.obj
 .debug_loc     0x000037c9      0x124 CMakeFiles/test.elf.dir/Middlewares/Third_Party/FreeRTOS/Source/portable/GCC/ARM_CM4F/port.c.obj
 .debug_loc     0x000038ed      0x331 CMakeFiles/test.elf.dir/Middlewares/Third_Party/FreeRTOS/Source/portable/MemMang/heap_4.c.obj
 .debug_loc     0x00003c1e     0x1dc0 CMakeFiles/test.elf.dir/Middlewares/Third_Party/FreeRTOS/Source/tasks.c.obj
 .debug_loc     0x000059de       0xcb CMakeFiles/test.elf.dir/Src/can.c.obj
 .debug_loc     0x00005aa9       0x6f CMakeFiles/test.elf.dir/Src/freertos.c.obj
 .debug_loc     0x00005b18      0x158 CMakeFiles/test.elf.dir/Src/system_stm32f4xx.c.obj
 .debug_loc     0x00005c70      0xb46 CMakeFiles/test.elf.dir/UserLib/controller.c.obj
 .debug_loc     0x000067b6      0x50c CMakeFiles/test.elf.dir/UserLib/user_lib.c.obj

.debug_aranges  0x00000000      0xc60
 .debug_aranges
                0x00000000       0x30 CMakeFiles/test.elf.dir/APP/Chassis.c.obj
 .debug_aranges
                0x00000030       0x20 CMakeFiles/test.elf.dir/APP/Transmission.c.obj
 .debug_aranges
                0x00000050       0x28 CMakeFiles/test.elf.dir/BSP/Src/bsp_can.c.obj
 .debug_aranges
                0x00000078       0x38 CMakeFiles/test.elf.dir/BSP/Src/bsp_dwt.c.obj
 .debug_aranges
                0x000000b0       0xf0 CMakeFiles/test.elf.dir/Drivers/STM32F4xx_HAL_Driver/Src/stm32f4xx_hal.c.obj
 .debug_aranges
                0x000001a0      0x138 CMakeFiles/test.elf.dir/Drivers/STM32F4xx_HAL_Driver/Src/stm32f4xx_hal_can.c.obj
 .debug_aranges
                0x000002d8       0xa8 CMakeFiles/test.elf.dir/Drivers/STM32F4xx_HAL_Driver/Src/stm32f4xx_hal_cortex.c.obj
 .debug_aranges
                0x00000380       0x50 CMakeFiles/test.elf.dir/Drivers/STM32F4xx_HAL_Driver/Src/stm32f4xx_hal_crc.c.obj
 .debug_aranges
                0x000003d0       0x58 CMakeFiles/test.elf.dir/Drivers/STM32F4xx_HAL_Driver/Src/stm32f4xx_hal_gpio.c.obj
 .debug_aranges
                0x00000428       0x88 CMakeFiles/test.elf.dir/Drivers/STM32F4xx_HAL_Driver/Src/stm32f4xx_hal_rcc.c.obj
 .debug_aranges
                0x000004b0      0x1d8 CMakeFiles/test.elf.dir/Middlewares/Third_Party/FreeRTOS/Source/CMSIS_RTOS/cmsis_os.c.obj
 .debug_aranges
                0x00000688       0x40 CMakeFiles/test.elf.dir/Middlewares/Third_Party/FreeRTOS/Source/list.c.obj
 .debug_aranges
                0x000006c8       0x80 CMakeFiles/test.elf.dir/Middlewares/Third_Party/FreeRTOS/Source/portable/GCC/ARM_CM4F/port.c.obj
 .debug_aranges
                0x00000748       0x50 CMakeFiles/test.elf.dir/Middlewares/Third_Party/FreeRTOS/Source/portable/MemMang/heap_4.c.obj
 .debug_aranges
                0x00000798      0x1a8 CMakeFiles/test.elf.dir/Middlewares/Third_Party/FreeRTOS/Source/tasks.c.obj
 .debug_aranges
                0x00000940       0x38 CMakeFiles/test.elf.dir/Src/can.c.obj
 .debug_aranges
                0x00000978       0x30 CMakeFiles/test.elf.dir/Src/crc.c.obj
 .debug_aranges
                0x000009a8       0x40 CMakeFiles/test.elf.dir/Src/freertos.c.obj
 .debug_aranges
                0x000009e8       0x20 CMakeFiles/test.elf.dir/Src/gpio.c.obj
 .debug_aranges
                0x00000a08       0x30 CMakeFiles/test.elf.dir/Src/main.c.obj
 .debug_aranges
                0x00000a38       0x20 CMakeFiles/test.elf.dir/Src/stm32f4xx_hal_msp.c.obj
 .debug_aranges
                0x00000a58       0x60 CMakeFiles/test.elf.dir/Src/stm32f4xx_it.c.obj
 .debug_aranges
                0x00000ab8       0x28 CMakeFiles/test.elf.dir/Src/system_stm32f4xx.c.obj
 .debug_aranges
                0x00000ae0       0xc0 CMakeFiles/test.elf.dir/UserLib/controller.c.obj
 .debug_aranges
                0x00000ba0       0x98 CMakeFiles/test.elf.dir/UserLib/user_lib.c.obj
 .debug_aranges
                0x00000c38       0x28 CMakeFiles/test.elf.dir/startup/startup_stm32f407xx.s.obj

.debug_ranges   0x00000000      0xc28
 .debug_ranges  0x00000000       0x20 CMakeFiles/test.elf.dir/APP/Chassis.c.obj
 .debug_ranges  0x00000020       0x10 CMakeFiles/test.elf.dir/APP/Transmission.c.obj
 .debug_ranges  0x00000030       0x18 CMakeFiles/test.elf.dir/BSP/Src/bsp_can.c.obj
 .debug_ranges  0x00000048       0x28 CMakeFiles/test.elf.dir/BSP/Src/bsp_dwt.c.obj
 .debug_ranges  0x00000070       0xe0 CMakeFiles/test.elf.dir/Drivers/STM32F4xx_HAL_Driver/Src/stm32f4xx_hal.c.obj
 .debug_ranges  0x00000150      0x128 CMakeFiles/test.elf.dir/Drivers/STM32F4xx_HAL_Driver/Src/stm32f4xx_hal_can.c.obj
 .debug_ranges  0x00000278       0xf8 CMakeFiles/test.elf.dir/Drivers/STM32F4xx_HAL_Driver/Src/stm32f4xx_hal_cortex.c.obj
 .debug_ranges  0x00000370       0x40 CMakeFiles/test.elf.dir/Drivers/STM32F4xx_HAL_Driver/Src/stm32f4xx_hal_crc.c.obj
 .debug_ranges  0x000003b0       0x48 CMakeFiles/test.elf.dir/Drivers/STM32F4xx_HAL_Driver/Src/stm32f4xx_hal_gpio.c.obj
 .debug_ranges  0x000003f8       0x90 CMakeFiles/test.elf.dir/Drivers/STM32F4xx_HAL_Driver/Src/stm32f4xx_hal_rcc.c.obj
 .debug_ranges  0x00000488      0x1c8 CMakeFiles/test.elf.dir/Middlewares/Third_Party/FreeRTOS/Source/CMSIS_RTOS/cmsis_os.c.obj
 .debug_ranges  0x00000650       0x30 CMakeFiles/test.elf.dir/Middlewares/Third_Party/FreeRTOS/Source/list.c.obj
 .debug_ranges  0x00000680       0x88 CMakeFiles/test.elf.dir/Middlewares/Third_Party/FreeRTOS/Source/portable/GCC/ARM_CM4F/port.c.obj
 .debug_ranges  0x00000708       0x40 CMakeFiles/test.elf.dir/Middlewares/Third_Party/FreeRTOS/Source/portable/MemMang/heap_4.c.obj
 .debug_ranges  0x00000748      0x268 CMakeFiles/test.elf.dir/Middlewares/Third_Party/FreeRTOS/Source/tasks.c.obj
 .debug_ranges  0x000009b0       0x28 CMakeFiles/test.elf.dir/Src/can.c.obj
 .debug_ranges  0x000009d8       0x20 CMakeFiles/test.elf.dir/Src/crc.c.obj
 .debug_ranges  0x000009f8       0x30 CMakeFiles/test.elf.dir/Src/freertos.c.obj
 .debug_ranges  0x00000a28       0x10 CMakeFiles/test.elf.dir/Src/gpio.c.obj
 .debug_ranges  0x00000a38       0x20 CMakeFiles/test.elf.dir/Src/main.c.obj
 .debug_ranges  0x00000a58       0x10 CMakeFiles/test.elf.dir/Src/stm32f4xx_hal_msp.c.obj
 .debug_ranges  0x00000a68       0x50 CMakeFiles/test.elf.dir/Src/stm32f4xx_it.c.obj
 .debug_ranges  0x00000ab8       0x18 CMakeFiles/test.elf.dir/Src/system_stm32f4xx.c.obj
 .debug_ranges  0x00000ad0       0xb0 CMakeFiles/test.elf.dir/UserLib/controller.c.obj
 .debug_ranges  0x00000b80       0x88 CMakeFiles/test.elf.dir/UserLib/user_lib.c.obj
 .debug_ranges  0x00000c08       0x20 CMakeFiles/test.elf.dir/startup/startup_stm32f407xx.s.obj

.debug_line     0x00000000     0xbea3
 .debug_line    0x00000000      0x3ec CMakeFiles/test.elf.dir/APP/Chassis.c.obj
 .debug_line    0x000003ec      0x223 CMakeFiles/test.elf.dir/APP/Transmission.c.obj
 .debug_line    0x0000060f      0x3d8 CMakeFiles/test.elf.dir/BSP/Src/bsp_can.c.obj
 .debug_line    0x000009e7      0x23a CMakeFiles/test.elf.dir/BSP/Src/bsp_dwt.c.obj
 .debug_line    0x00000c21      0x5a1 CMakeFiles/test.elf.dir/Drivers/STM32F4xx_HAL_Driver/Src/stm32f4xx_hal.c.obj
 .debug_line    0x000011c2     0x1119 CMakeFiles/test.elf.dir/Drivers/STM32F4xx_HAL_Driver/Src/stm32f4xx_hal_can.c.obj
 .debug_line    0x000022db      0x7b4 CMakeFiles/test.elf.dir/Drivers/STM32F4xx_HAL_Driver/Src/stm32f4xx_hal_cortex.c.obj
 .debug_line    0x00002a8f      0x3ef CMakeFiles/test.elf.dir/Drivers/STM32F4xx_HAL_Driver/Src/stm32f4xx_hal_crc.c.obj
 .debug_line    0x00002e7e      0x6fa CMakeFiles/test.elf.dir/Drivers/STM32F4xx_HAL_Driver/Src/stm32f4xx_hal_gpio.c.obj
 .debug_line    0x00003578      0xb2f CMakeFiles/test.elf.dir/Drivers/STM32F4xx_HAL_Driver/Src/stm32f4xx_hal_rcc.c.obj
 .debug_line    0x000040a7     0x11c6 CMakeFiles/test.elf.dir/Middlewares/Third_Party/FreeRTOS/Source/CMSIS_RTOS/cmsis_os.c.obj
 .debug_line    0x0000526d      0x377 CMakeFiles/test.elf.dir/Middlewares/Third_Party/FreeRTOS/Source/list.c.obj
 .debug_line    0x000055e4      0x723 CMakeFiles/test.elf.dir/Middlewares/Third_Party/FreeRTOS/Source/portable/GCC/ARM_CM4F/port.c.obj
 .debug_line    0x00005d07      0x655 CMakeFiles/test.elf.dir/Middlewares/Third_Party/FreeRTOS/Source/portable/MemMang/heap_4.c.obj
 .debug_line    0x0000635c     0x23d6 CMakeFiles/test.elf.dir/Middlewares/Third_Party/FreeRTOS/Source/tasks.c.obj
 .debug_line    0x00008732      0x4f5 CMakeFiles/test.elf.dir/Src/can.c.obj
 .debug_line    0x00008c27      0x247 CMakeFiles/test.elf.dir/Src/crc.c.obj
 .debug_line    0x00008e6e      0x2e4 CMakeFiles/test.elf.dir/Src/freertos.c.obj
 .debug_line    0x00009152      0x1d5 CMakeFiles/test.elf.dir/Src/gpio.c.obj
 .debug_line    0x00009327      0x3fd CMakeFiles/test.elf.dir/Src/main.c.obj
 .debug_line    0x00009724      0x1b0 CMakeFiles/test.elf.dir/Src/stm32f4xx_hal_msp.c.obj
 .debug_line    0x000098d4      0x3c8 CMakeFiles/test.elf.dir/Src/stm32f4xx_it.c.obj
 .debug_line    0x00009c9c      0x271 CMakeFiles/test.elf.dir/Src/system_stm32f4xx.c.obj
 .debug_line    0x00009f0d     0x13c4 CMakeFiles/test.elf.dir/UserLib/controller.c.obj
 .debug_line    0x0000b2d1      0xb39 CMakeFiles/test.elf.dir/UserLib/user_lib.c.obj
 .debug_line    0x0000be0a       0x99 CMakeFiles/test.elf.dir/startup/startup_stm32f407xx.s.obj

.debug_str      0x00000000     0x4fcd
 .debug_str     0x00000000      0xaea CMakeFiles/test.elf.dir/APP/Chassis.c.obj
                                0xc29 (size before relaxing)
 .debug_str     0x00000aea       0x8c CMakeFiles/test.elf.dir/APP/Transmission.c.obj
                                0x542 (size before relaxing)
 .debug_str     0x00000b76      0x536 CMakeFiles/test.elf.dir/BSP/Src/bsp_can.c.obj
                                0x664 (size before relaxing)
 .debug_str     0x000010ac      0x19d CMakeFiles/test.elf.dir/BSP/Src/bsp_dwt.c.obj
                                0x39b (size before relaxing)
 .debug_str     0x00001249      0x957 CMakeFiles/test.elf.dir/Drivers/STM32F4xx_HAL_Driver/Src/stm32f4xx_hal.c.obj
                                0xba3 (size before relaxing)
 .debug_str     0x00001ba0      0x461 CMakeFiles/test.elf.dir/Drivers/STM32F4xx_HAL_Driver/Src/stm32f4xx_hal_can.c.obj
                                0xa94 (size before relaxing)
 .debug_str     0x00002001      0x4b3 CMakeFiles/test.elf.dir/Drivers/STM32F4xx_HAL_Driver/Src/stm32f4xx_hal_cortex.c.obj
                                0xc75 (size before relaxing)
 .debug_str     0x000024b4      0x1b1 CMakeFiles/test.elf.dir/Drivers/STM32F4xx_HAL_Driver/Src/stm32f4xx_hal_crc.c.obj
                                0x3ec (size before relaxing)
 .debug_str     0x00002665      0x1a4 CMakeFiles/test.elf.dir/Drivers/STM32F4xx_HAL_Driver/Src/stm32f4xx_hal_gpio.c.obj
                                0x529 (size before relaxing)
 .debug_str     0x00002809      0x331 CMakeFiles/test.elf.dir/Drivers/STM32F4xx_HAL_Driver/Src/stm32f4xx_hal_rcc.c.obj
                                0x74f (size before relaxing)
 .debug_str     0x00002b3a      0xd68 CMakeFiles/test.elf.dir/Middlewares/Third_Party/FreeRTOS/Source/CMSIS_RTOS/cmsis_os.c.obj
                               0x1096 (size before relaxing)
 .debug_str     0x000038a2      0x154 CMakeFiles/test.elf.dir/Middlewares/Third_Party/FreeRTOS/Source/list.c.obj
                                0x34b (size before relaxing)
 .debug_str     0x000039f6      0x254 CMakeFiles/test.elf.dir/Middlewares/Third_Party/FreeRTOS/Source/portable/GCC/ARM_CM4F/port.c.obj
                                0x4cb (size before relaxing)
 .debug_str     0x00003c4a      0x203 CMakeFiles/test.elf.dir/Middlewares/Third_Party/FreeRTOS/Source/portable/MemMang/heap_4.c.obj
                                0x434 (size before relaxing)
 .debug_str     0x00003e4d      0x900 CMakeFiles/test.elf.dir/Middlewares/Third_Party/FreeRTOS/Source/tasks.c.obj
                               0x101f (size before relaxing)
 .debug_str     0x0000474d       0x73 CMakeFiles/test.elf.dir/Src/can.c.obj
                                0xbc5 (size before relaxing)
 .debug_str     0x000047c0       0x3e CMakeFiles/test.elf.dir/Src/crc.c.obj
                                0x45d (size before relaxing)
 .debug_str     0x000047fe       0xfc CMakeFiles/test.elf.dir/Src/freertos.c.obj
                                0x55c (size before relaxing)
 .debug_str     0x000048fa       0x36 CMakeFiles/test.elf.dir/Src/gpio.c.obj
                                0x3b0 (size before relaxing)
 .debug_str     0x00004930       0x60 CMakeFiles/test.elf.dir/Src/main.c.obj
                                0x51a (size before relaxing)
 .debug_str     0x00004990       0x36 CMakeFiles/test.elf.dir/Src/stm32f4xx_hal_msp.c.obj
                                0x802 (size before relaxing)
 .debug_str     0x000049c6       0xce CMakeFiles/test.elf.dir/Src/stm32f4xx_it.c.obj
                                0x588 (size before relaxing)
 .debug_str     0x00004a94       0x60 CMakeFiles/test.elf.dir/Src/system_stm32f4xx.c.obj
                                0x3b9 (size before relaxing)
 .debug_str     0x00004af4      0x37b CMakeFiles/test.elf.dir/UserLib/controller.c.obj
                                0x9e7 (size before relaxing)
 .debug_str     0x00004e6f      0x114 CMakeFiles/test.elf.dir/UserLib/user_lib.c.obj
                                0x3cf (size before relaxing)
 .debug_str     0x00004f83       0x4a CMakeFiles/test.elf.dir/startup/startup_stm32f407xx.s.obj
                                 0x86 (size before relaxing)

.comment        0x00000000       0x96
 .comment       0x00000000       0x49 CMakeFiles/test.elf.dir/APP/Chassis.c.obj
                                 0x4a (size before relaxing)
 .comment       0x00000049       0x4a CMakeFiles/test.elf.dir/APP/Transmission.c.obj
 .comment       0x00000049       0x4d CMakeFiles/test.elf.dir/BSP/Src/bsp_can.c.obj
                                 0x4e (size before relaxing)
 .comment       0x00000096       0x4e CMakeFiles/test.elf.dir/BSP/Src/bsp_dwt.c.obj
 .comment       0x00000096       0x4e CMakeFiles/test.elf.dir/Drivers/STM32F4xx_HAL_Driver/Src/stm32f4xx_hal.c.obj
 .comment       0x00000096       0x4e CMakeFiles/test.elf.dir/Drivers/STM32F4xx_HAL_Driver/Src/stm32f4xx_hal_can.c.obj
 .comment       0x00000096       0x4e CMakeFiles/test.elf.dir/Drivers/STM32F4xx_HAL_Driver/Src/stm32f4xx_hal_cortex.c.obj
 .comment       0x00000096       0x4e CMakeFiles/test.elf.dir/Drivers/STM32F4xx_HAL_Driver/Src/stm32f4xx_hal_crc.c.obj
 .comment       0x00000096       0x4e CMakeFiles/test.elf.dir/Drivers/STM32F4xx_HAL_Driver/Src/stm32f4xx_hal_gpio.c.obj
 .comment       0x00000096       0x4e CMakeFiles/test.elf.dir/Drivers/STM32F4xx_HAL_Driver/Src/stm32f4xx_hal_rcc.c.obj
 .comment       0x00000096       0x4e CMakeFiles/test.elf.dir/Middlewares/Third_Party/FreeRTOS/Source/CMSIS_RTOS/cmsis_os.c.obj
 .comment       0x00000096       0x4e CMakeFiles/test.elf.dir/Middlewares/Third_Party/FreeRTOS/Source/list.c.obj
 .comment       0x00000096       0x4e CMakeFiles/test.elf.dir/Middlewares/Third_Party/FreeRTOS/Source/portable/GCC/ARM_CM4F/port.c.obj
 .comment       0x00000096       0x4e CMakeFiles/test.elf.dir/Middlewares/Third_Party/FreeRTOS/Source/portable/MemMang/heap_4.c.obj
 .comment       0x00000096       0x4e CMakeFiles/test.elf.dir/Middlewares/Third_Party/FreeRTOS/Source/tasks.c.obj
 .comment       0x00000096       0x4e CMakeFiles/test.elf.dir/Src/can.c.obj
 .comment       0x00000096       0x4e CMakeFiles/test.elf.dir/Src/crc.c.obj
 .comment       0x00000096       0x4e CMakeFiles/test.elf.dir/Src/freertos.c.obj
 .comment       0x00000096       0x4e CMakeFiles/test.elf.dir/Src/gpio.c.obj
 .comment       0x00000096       0x4e CMakeFiles/test.elf.dir/Src/main.c.obj
 .comment       0x00000096       0x4e CMakeFiles/test.elf.dir/Src/stm32f4xx_hal_msp.c.obj
 .comment       0x00000096       0x4e CMakeFiles/test.elf.dir/Src/stm32f4xx_it.c.obj
 .comment       0x00000096       0x4e CMakeFiles/test.elf.dir/Src/system_stm32f4xx.c.obj
 .comment       0x00000096       0x4a CMakeFiles/test.elf.dir/UserLib/controller.c.obj
 .comment       0x00000096       0x4e CMakeFiles/test.elf.dir/UserLib/user_lib.c.obj

.debug_frame    0x00000000     0x2064
 .debug_frame   0x00000000       0x64 CMakeFiles/test.elf.dir/APP/Chassis.c.obj
 .debug_frame   0x00000064       0x28 CMakeFiles/test.elf.dir/APP/Transmission.c.obj
 .debug_frame   0x0000008c       0x4c CMakeFiles/test.elf.dir/BSP/Src/bsp_can.c.obj
 .debug_frame   0x000000d8       0x88 CMakeFiles/test.elf.dir/BSP/Src/bsp_dwt.c.obj
 .debug_frame   0x00000160      0x1ec CMakeFiles/test.elf.dir/Drivers/STM32F4xx_HAL_Driver/Src/stm32f4xx_hal.c.obj
 .debug_frame   0x0000034c      0x2d8 CMakeFiles/test.elf.dir/Drivers/STM32F4xx_HAL_Driver/Src/stm32f4xx_hal_can.c.obj
 .debug_frame   0x00000624      0x148 CMakeFiles/test.elf.dir/Drivers/STM32F4xx_HAL_Driver/Src/stm32f4xx_hal_cortex.c.obj
 .debug_frame   0x0000076c       0xb8 CMakeFiles/test.elf.dir/Drivers/STM32F4xx_HAL_Driver/Src/stm32f4xx_hal_crc.c.obj
 .debug_frame   0x00000824       0xd8 CMakeFiles/test.elf.dir/Drivers/STM32F4xx_HAL_Driver/Src/stm32f4xx_hal_gpio.c.obj
 .debug_frame   0x000008fc      0x16c CMakeFiles/test.elf.dir/Drivers/STM32F4xx_HAL_Driver/Src/stm32f4xx_hal_rcc.c.obj
 .debug_frame   0x00000a68      0x58c CMakeFiles/test.elf.dir/Middlewares/Third_Party/FreeRTOS/Source/CMSIS_RTOS/cmsis_os.c.obj
 .debug_frame   0x00000ff4       0x70 CMakeFiles/test.elf.dir/Middlewares/Third_Party/FreeRTOS/Source/list.c.obj
 .debug_frame   0x00001064      0x110 CMakeFiles/test.elf.dir/Middlewares/Third_Party/FreeRTOS/Source/portable/GCC/ARM_CM4F/port.c.obj
 .debug_frame   0x00001174       0xb0 CMakeFiles/test.elf.dir/Middlewares/Third_Party/FreeRTOS/Source/portable/MemMang/heap_4.c.obj
 .debug_frame   0x00001224      0x558 CMakeFiles/test.elf.dir/Middlewares/Third_Party/FreeRTOS/Source/tasks.c.obj
 .debug_frame   0x0000177c       0x78 CMakeFiles/test.elf.dir/Src/can.c.obj
 .debug_frame   0x000017f4       0x50 CMakeFiles/test.elf.dir/Src/crc.c.obj
 .debug_frame   0x00001844       0x88 CMakeFiles/test.elf.dir/Src/freertos.c.obj
 .debug_frame   0x000018cc       0x30 CMakeFiles/test.elf.dir/Src/gpio.c.obj
 .debug_frame   0x000018fc       0x58 CMakeFiles/test.elf.dir/Src/main.c.obj
 .debug_frame   0x00001954       0x2c CMakeFiles/test.elf.dir/Src/stm32f4xx_hal_msp.c.obj
 .debug_frame   0x00001980       0xb8 CMakeFiles/test.elf.dir/Src/stm32f4xx_it.c.obj
 .debug_frame   0x00001a38       0x30 CMakeFiles/test.elf.dir/Src/system_stm32f4xx.c.obj
 .debug_frame   0x00001a68      0x268 CMakeFiles/test.elf.dir/UserLib/controller.c.obj
 .debug_frame   0x00001cd0      0x13c CMakeFiles/test.elf.dir/UserLib/user_lib.c.obj
 .debug_frame   0x00001e0c       0x2c c:/gcc-arm-none-eabi/bin/../lib/gcc/arm-none-eabi/10.3.1/thumb/v7e-m+fp/hard\libgcc.a(_aeabi_uldivmod.o)
 .debug_frame   0x00001e38       0x34 c:/gcc-arm-none-eabi/bin/../lib/gcc/arm-none-eabi/10.3.1/thumb/v7e-m+fp/hard\libgcc.a(_udivmoddi4.o)
 .debug_frame   0x00001e6c       0x2c c:/gcc-arm-none-eabi/bin/../lib/gcc/arm-none-eabi/10.3.1/../../../../arm-none-eabi/lib/thumb/v7e-m+fp/hard\libg.a(lib_a-init.o)
 .debug_frame   0x00001e98       0x2c c:/gcc-arm-none-eabi/bin/../lib/gcc/arm-none-eabi/10.3.1/../../../../arm-none-eabi/lib/thumb/v7e-m+fp/hard\libg.a(lib_a-memset.o)
 .debug_frame   0x00001ec4       0x68 c:/gcc-arm-none-eabi/bin/../lib/gcc/arm-none-eabi/10.3.1/../../../../arm-none-eabi/lib/thumb/v7e-m+fp/hard\libg.a(lib_a-__call_atexit.o)
 .debug_frame   0x00001f2c       0x20 c:/gcc-arm-none-eabi/bin/../lib/gcc/arm-none-eabi/10.3.1/../../../../arm-none-eabi/lib/thumb/v7e-m+fp/hard\libg.a(lib_a-atexit.o)
 .debug_frame   0x00001f4c       0x34 c:/gcc-arm-none-eabi/bin/../lib/gcc/arm-none-eabi/10.3.1/../../../../arm-none-eabi/lib/thumb/v7e-m+fp/hard\libg.a(lib_a-fini.o)
 .debug_frame   0x00001f80       0xb0 c:/gcc-arm-none-eabi/bin/../lib/gcc/arm-none-eabi/10.3.1/../../../../arm-none-eabi/lib/thumb/v7e-m+fp/hard\libg.a(lib_a-lock.o)
 .debug_frame   0x00002030       0x34 c:/gcc-arm-none-eabi/bin/../lib/gcc/arm-none-eabi/10.3.1/../../../../arm-none-eabi/lib/thumb/v7e-m+fp/hard\libg.a(lib_a-__atexit.o)
