Archive member included to satisfy reference by file (symbol)

c:/gcc-arm-none-eabi/bin/../lib/gcc/arm-none-eabi/10.3.1/thumb/v7e-m+fp/hard\libgcc.a(_arm_addsubdf3.o)
                              CMakeFiles/test.elf.dir/BSP/Src/bsp_dwt.c.obj (__aeabi_ui2d)
c:/gcc-arm-none-eabi/bin/../lib/gcc/arm-none-eabi/10.3.1/thumb/v7e-m+fp/hard\libgcc.a(_arm_muldivdf3.o)
                              CMakeFiles/test.elf.dir/BSP/Src/bsp_dwt.c.obj (__aeabi_ddiv)
c:/gcc-arm-none-eabi/bin/../lib/gcc/arm-none-eabi/10.3.1/thumb/v7e-m+fp/hard\libgcc.a(_arm_truncdfsf2.o)
                              CMakeFiles/test.elf.dir/UserLib/controller.c.obj (__aeabi_d2f)
c:/gcc-arm-none-eabi/bin/../lib/gcc/arm-none-eabi/10.3.1/thumb/v7e-m+fp/hard\libgcc.a(_arm_addsubsf3.o)
                              CMakeFiles/test.elf.dir/BSP/Src/bsp_dwt.c.obj (__aeabi_ul2f)
c:/gcc-arm-none-eabi/bin/../lib/gcc/arm-none-eabi/10.3.1/thumb/v7e-m+fp/hard\libgcc.a(_aeabi_uldivmod.o)
                              CMakeFiles/test.elf.dir/Drivers/STM32F4xx_HAL_Driver/Src/stm32f4xx_hal_rcc.c.obj (__aeabi_uldivmod)
c:/gcc-arm-none-eabi/bin/../lib/gcc/arm-none-eabi/10.3.1/thumb/v7e-m+fp/hard\libgcc.a(_udivmoddi4.o)
                              c:/gcc-arm-none-eabi/bin/../lib/gcc/arm-none-eabi/10.3.1/thumb/v7e-m+fp/hard\libgcc.a(_aeabi_uldivmod.o) (__udivmoddi4)
c:/gcc-arm-none-eabi/bin/../lib/gcc/arm-none-eabi/10.3.1/thumb/v7e-m+fp/hard\libgcc.a(_dvmd_tls.o)
                              c:/gcc-arm-none-eabi/bin/../lib/gcc/arm-none-eabi/10.3.1/thumb/v7e-m+fp/hard\libgcc.a(_aeabi_uldivmod.o) (__aeabi_ldiv0)
c:/gcc-arm-none-eabi/bin/../lib/gcc/arm-none-eabi/10.3.1/../../../../arm-none-eabi/lib/thumb/v7e-m+fp/hard\libg.a(lib_a-errno.o)
                              CMakeFiles/test.elf.dir/Src/syscalls.c.obj (__errno)
c:/gcc-arm-none-eabi/bin/../lib/gcc/arm-none-eabi/10.3.1/../../../../arm-none-eabi/lib/thumb/v7e-m+fp/hard\libg.a(lib_a-exit.o)
                              c:/gcc-arm-none-eabi/bin/../lib/gcc/arm-none-eabi/10.3.1/../../../../arm-none-eabi/lib/thumb/v7e-m+fp/hard/crt0.o (exit)
c:/gcc-arm-none-eabi/bin/../lib/gcc/arm-none-eabi/10.3.1/../../../../arm-none-eabi/lib/thumb/v7e-m+fp/hard\libg.a(lib_a-impure.o)
                              c:/gcc-arm-none-eabi/bin/../lib/gcc/arm-none-eabi/10.3.1/../../../../arm-none-eabi/lib/thumb/v7e-m+fp/hard\libg.a(lib_a-exit.o) (_global_impure_ptr)
c:/gcc-arm-none-eabi/bin/../lib/gcc/arm-none-eabi/10.3.1/../../../../arm-none-eabi/lib/thumb/v7e-m+fp/hard\libg.a(lib_a-init.o)
                              c:/gcc-arm-none-eabi/bin/../lib/gcc/arm-none-eabi/10.3.1/../../../../arm-none-eabi/lib/thumb/v7e-m+fp/hard/crt0.o (__libc_init_array)
c:/gcc-arm-none-eabi/bin/../lib/gcc/arm-none-eabi/10.3.1/../../../../arm-none-eabi/lib/thumb/v7e-m+fp/hard\libg.a(lib_a-memcpy.o)
                              CMakeFiles/test.elf.dir/Middlewares/Third_Party/FreeRTOS/Source/queue.c.obj (memcpy)
c:/gcc-arm-none-eabi/bin/../lib/gcc/arm-none-eabi/10.3.1/../../../../arm-none-eabi/lib/thumb/v7e-m+fp/hard\libg.a(lib_a-memset.o)
                              c:/gcc-arm-none-eabi/bin/../lib/gcc/arm-none-eabi/10.3.1/../../../../arm-none-eabi/lib/thumb/v7e-m+fp/hard/crt0.o (memset)
c:/gcc-arm-none-eabi/bin/../lib/gcc/arm-none-eabi/10.3.1/../../../../arm-none-eabi/lib/thumb/v7e-m+fp/hard\libg.a(lib_a-__call_atexit.o)
                              c:/gcc-arm-none-eabi/bin/../lib/gcc/arm-none-eabi/10.3.1/../../../../arm-none-eabi/lib/thumb/v7e-m+fp/hard\libg.a(lib_a-exit.o) (__call_exitprocs)
c:/gcc-arm-none-eabi/bin/../lib/gcc/arm-none-eabi/10.3.1/../../../../arm-none-eabi/lib/thumb/v7e-m+fp/hard\libg.a(lib_a-atexit.o)
                              c:/gcc-arm-none-eabi/bin/../lib/gcc/arm-none-eabi/10.3.1/../../../../arm-none-eabi/lib/thumb/v7e-m+fp/hard\libg.a(lib_a-__call_atexit.o) (atexit)
c:/gcc-arm-none-eabi/bin/../lib/gcc/arm-none-eabi/10.3.1/../../../../arm-none-eabi/lib/thumb/v7e-m+fp/hard\libg.a(lib_a-fini.o)
                              c:/gcc-arm-none-eabi/bin/../lib/gcc/arm-none-eabi/10.3.1/../../../../arm-none-eabi/lib/thumb/v7e-m+fp/hard\libg.a(lib_a-__call_atexit.o) (__libc_fini_array)
c:/gcc-arm-none-eabi/bin/../lib/gcc/arm-none-eabi/10.3.1/../../../../arm-none-eabi/lib/thumb/v7e-m+fp/hard\libg.a(lib_a-lock.o)
                              c:/gcc-arm-none-eabi/bin/../lib/gcc/arm-none-eabi/10.3.1/../../../../arm-none-eabi/lib/thumb/v7e-m+fp/hard\libg.a(lib_a-__call_atexit.o) (__retarget_lock_acquire_recursive)
c:/gcc-arm-none-eabi/bin/../lib/gcc/arm-none-eabi/10.3.1/../../../../arm-none-eabi/lib/thumb/v7e-m+fp/hard\libg.a(lib_a-__atexit.o)
                              c:/gcc-arm-none-eabi/bin/../lib/gcc/arm-none-eabi/10.3.1/../../../../arm-none-eabi/lib/thumb/v7e-m+fp/hard\libg.a(lib_a-atexit.o) (__register_exitproc)
c:/gcc-arm-none-eabi/bin/../lib/gcc/arm-none-eabi/10.3.1/../../../../arm-none-eabi/lib/thumb/v7e-m+fp/hard\libm.a(lib_a-sf_cos.o)
                              CMakeFiles/test.elf.dir/APP/Chassis.c.obj (cosf)
[...]
Memory Configuration

Name             Origin             Length             Attributes
RAM              0x20000000         0x00020000         xrw
CCMRAM           0x10000000         0x00010000         xrw
FLASH            0x08000000         0x00100000         xr
*default*        0x00000000         0xffffffff

Linker script and memory map

LOAD c:/gcc-arm-none-eabi/bin/../lib/gcc/arm-none-eabi/10.3.1/thumb/v7e-m+fp/hard/crti.o
LOAD c:/gcc-arm-none-eabi/bin/../lib/gcc/arm-none-eabi/10.3.1/thumb/v7e-m+fp/hard/crtbegin.o
LOAD c:/gcc-arm-none-eabi/bin/../lib/gcc/arm-none-eabi/10.3.1/../../../../arm-none-eabi/lib/thumb/v7e-m+fp/hard/crt0.o
LOAD CMakeFiles/test.elf.dir/APP/Chassis.c.obj
LOAD CMakeFiles/test.elf.dir/APP/Detect.c.obj
LOAD CMakeFiles/test.elf.dir/APP/Transmission.c.obj
LOAD CMakeFiles/test.elf.dir/BSP/Src/bsp_can.c.obj
LOAD CMakeFiles/test.elf.dir/BSP/Src/bsp_dwt.c.obj
LOAD CMakeFiles/test.elf.dir/Drivers/STM32F4xx_HAL_Driver/Src/stm32f4xx_hal.c.obj
LOAD CMakeFiles/test.elf.dir/Drivers/STM32F4xx_HAL_Driver/Src/stm32f4xx_hal_can.c.obj
LOAD CMakeFiles/test.elf.dir/Drivers/STM32F4xx_HAL_Driver/Src/stm32f4xx_hal_cortex.c.obj
LOAD CMakeFiles/test.elf.dir/Drivers/STM32F4xx_HAL_Driver/Src/stm32f4xx_hal_crc.c.obj
LOAD CMakeFiles/test.elf.dir/Drivers/STM32F4xx_HAL_Driver/Src/stm32f4xx_hal_dma.c.obj
LOAD CMakeFiles/test.elf.dir/Drivers/STM32F4xx_HAL_Driver/Src/stm32f4xx_hal_dma_ex.c.obj
LOAD CMakeFiles/test.elf.dir/Drivers/STM32F4xx_HAL_Driver/Src/stm32f4xx_hal_exti.c.obj
LOAD CMakeFiles/test.elf.dir/Drivers/STM32F4xx_HAL_Driver/Src/stm32f4xx_hal_flash.c.obj
LOAD CMakeFiles/test.elf.dir/Drivers/STM32F4xx_HAL_Driver/Src/stm32f4xx_hal_flash_ex.c.obj
LOAD CMakeFiles/test.elf.dir/Drivers/STM32F4xx_HAL_Driver/Src/stm32f4xx_hal_flash_ramfunc.c.obj
LOAD CMakeFiles/test.elf.dir/Drivers/STM32F4xx_HAL_Driver/Src/stm32f4xx_hal_gpio.c.obj
LOAD CMakeFiles/test.elf.dir/Drivers/STM32F4xx_HAL_Driver/Src/stm32f4xx_hal_pwr.c.obj
LOAD CMakeFiles/test.elf.dir/Drivers/STM32F4xx_HAL_Driver/Src/stm32f4xx_hal_pwr_ex.c.obj
LOAD CMakeFiles/test.elf.dir/Drivers/STM32F4xx_HAL_Driver/Src/stm32f4xx_hal_rcc.c.obj
LOAD CMakeFiles/test.elf.dir/Drivers/STM32F4xx_HAL_Driver/Src/stm32f4xx_hal_rcc_ex.c.obj
LOAD CMakeFiles/test.elf.dir/Drivers/STM32F4xx_HAL_Driver/Src/stm32f4xx_hal_tim.c.obj
LOAD CMakeFiles/test.elf.dir/Drivers/STM32F4xx_HAL_Driver/Src/stm32f4xx_hal_tim_ex.c.obj
LOAD CMakeFiles/test.elf.dir/Middlewares/Third_Party/FreeRTOS/Source/CMSIS_RTOS/cmsis_os.c.obj
LOAD CMakeFiles/test.elf.dir/Middlewares/Third_Party/FreeRTOS/Source/croutine.c.obj
LOAD CMakeFiles/test.elf.dir/Middlewares/Third_Party/FreeRTOS/Source/event_groups.c.obj
LOAD CMakeFiles/test.elf.dir/Middlewares/Third_Party/FreeRTOS/Source/list.c.obj
LOAD CMakeFiles/test.elf.dir/Middlewares/Third_Party/FreeRTOS/Source/portable/GCC/ARM_CM4F/port.c.obj
LOAD CMakeFiles/test.elf.dir/Middlewares/Third_Party/FreeRTOS/Source/portable/MemMang/heap_4.c.obj
LOAD CMakeFiles/test.elf.dir/Middlewares/Third_Party/FreeRTOS/Source/queue.c.obj
LOAD CMakeFiles/test.elf.dir/Middlewares/Third_Party/FreeRTOS/Source/stream_buffer.c.obj
LOAD CMakeFiles/test.elf.dir/Middlewares/Third_Party/FreeRTOS/Source/tasks.c.obj
LOAD CMakeFiles/test.elf.dir/Middlewares/Third_Party/FreeRTOS/Source/timers.c.obj
LOAD CMakeFiles/test.elf.dir/Src/can.c.obj
LOAD CMakeFiles/test.elf.dir/Src/crc.c.obj
LOAD CMakeFiles/test.elf.dir/Src/freertos.c.obj
LOAD CMakeFiles/test.elf.dir/Src/gpio.c.obj
LOAD CMakeFiles/test.elf.dir/Src/main.c.obj
LOAD CMakeFiles/test.elf.dir/Src/stm32f4xx_hal_msp.c.obj
LOAD CMakeFiles/test.elf.dir/Src/stm32f4xx_it.c.obj
LOAD CMakeFiles/test.elf.dir/Src/syscalls.c.obj
LOAD CMakeFiles/test.elf.dir/Src/system_stm32f4xx.c.obj
LOAD CMakeFiles/test.elf.dir/UserLib/controller.c.obj
LOAD CMakeFiles/test.elf.dir/UserLib/filter32.c.obj
LOAD CMakeFiles/test.elf.dir/UserLib/motor.c.obj
LOAD CMakeFiles/test.elf.dir/UserLib/pid.c.obj
LOAD CMakeFiles/test.elf.dir/UserLib/user_lib.c.obj
LOAD CMakeFiles/test.elf.dir/startup/startup_stm32f407xx.s.obj
START GROUP
LOAD c:/gcc-arm-none-eabi/bin/../lib/gcc/arm-none-eabi/10.3.1/thumb/v7e-m+fp/hard\libgcc.a
LOAD c:/gcc-arm-none-eabi/bin/../lib/gcc/arm-none-eabi/10.3.1/../../../../arm-none-eabi/lib/thumb/v7e-m+fp/hard\libg.a
LOAD c:/gcc-arm-none-eabi/bin/../lib/gcc/arm-none-eabi/10.3.1/../../../../arm-none-eabi/lib/thumb/v7e-m+fp/hard\libc.a
END GROUP
LOAD c:/gcc-arm-none-eabi/bin/../lib/gcc/arm-none-eabi/10.3.1/thumb/v7e-m+fp/hard/crtend.o
LOAD c:/gcc-arm-none-eabi/bin/../lib/gcc/arm-none-eabi/10.3.1/thumb/v7e-m+fp/hard/crtn.o
                0x20020000                _estack = 0x20020000
                0x00000200                _Min_Heap_Size = 0x200
                0x00000400                _Min_Stack_Size = 0x400

.isr_vector     0x08000000      0x188
                0x08000000                . = ALIGN (0x4)
 *(.isr_vector)
 .isr_vector    0x08000000      0x188 CMakeFiles/test.elf.dir/startup/startup_stm32f407xx.s.obj
                0x08000000                g_pfnVectors
                0x08000188                . = ALIGN (0x4)

.text           0x08000190     0x4c30
                0x08000190                . = ALIGN (0x4)
 *(.text)
 .text          0x08000190       0x40 c:/gcc-arm-none-eabi/bin/../lib/gcc/arm-none-eabi/10.3.1/thumb/v7e-m+fp/hard/crtbegin.o
 .text          0x080001d0       0x30 c:/gcc-arm-none-eabi/bin/../lib/gcc/arm-none-eabi/10.3.1/thumb/v7e-m+fp/hard\libgcc.a(_aeabi_uldivmod.o)
                0x080001d0                __aeabi_uldivmod
 .text          0x08000200      0x2d0 c:/gcc-arm-none-eabi/bin/../lib/gcc/arm-none-eabi/10.3.1/thumb/v7e-m+fp/hard\libgcc.a(_udivmoddi4.o)
                0x08000200                __udivmoddi4
 .text          0x080004d0        0x4 c:/gcc-arm-none-eabi/bin/../lib/gcc/arm-none-eabi/10.3.1/thumb/v7e-m+fp/hard\libgcc.a(_dvmd_tls.o)
                0x080004d0                __aeabi_idiv0
                0x080004d0                __aeabi_ldiv0
 *(.text*)
 .text.chassis_pid_param_init
                0x080004d4       0xcc CMakeFiles/test.elf.dir/APP/Chassis.c.obj
                0x080004d4                chassis_pid_param_init
 .text.get_chassis_mode
                0x080005a0       0xa8 CMakeFiles/test.elf.dir/APP/Chassis.c.obj
                0x080005a0                get_chassis_mode
 .text.chassis_control_information_get
                0x08000648       0xb8 CMakeFiles/test.elf.dir/APP/Chassis.c.obj
                0x08000648                chassis_control_information_get
 .text.chassis_moto_speed_calc
                0x08000700      0x1ac CMakeFiles/test.elf.dir/APP/Chassis.c.obj
                0x08000700                chassis_moto_speed_calc
 .text.chassis_close_loop_calculate
                0x080008ac       0x50 CMakeFiles/test.elf.dir/APP/Chassis.c.obj
                0x080008ac                chassis_close_loop_calculate
 .text.chassis_top_handle
                0x080008fc       0x64 CMakeFiles/test.elf.dir/APP/Chassis.c.obj
                0x080008fc                chassis_top_handle
 .text.send_chassis_moto_zero_current
                0x08000960       0x4c CMakeFiles/test.elf.dir/APP/Chassis.c.obj
                0x08000960                send_chassis_moto_zero_current
 .text.send_chassis_moto_current
                0x080009ac       0x6c CMakeFiles/test.elf.dir/APP/Chassis.c.obj
                0x080009ac                send_chassis_moto_current
 .text.chassis_custom_control
                0x08000a18       0x30 CMakeFiles/test.elf.dir/APP/Chassis.c.obj
                0x08000a18                chassis_custom_control
 .text.chassis_task
                0x08000a48       0xd4 CMakeFiles/test.elf.dir/APP/Chassis.c.obj
                0x08000a48                chassis_task
 .text.transmit_task
                0x08000b1c       0x1c CMakeFiles/test.elf.dir/APP/Transmission.c.obj
                0x08000b1c                transmit_task
 .text.CAN_Device_Init
                0x08000b38       0x74 CMakeFiles/test.elf.dir/BSP/Src/bsp_can.c.obj
                0x08000b38                CAN_Device_Init
 .text.HAL_CAN_RxFifo0MsgPendingCallback
                0x08000bac       0x90 CMakeFiles/test.elf.dir/BSP/Src/bsp_can.c.obj
                0x08000bac                HAL_CAN_RxFifo0MsgPendingCallback
 .text.write_can
                0x08000c3c       0x4c CMakeFiles/test.elf.dir/BSP/Src/bsp_can.c.obj
                0x08000c3c                write_can
 .text.DWT_GetDeltaT
                0x08000c88       0x34 CMakeFiles/test.elf.dir/BSP/Src/bsp_dwt.c.obj
                0x08000c88                DWT_GetDeltaT
 .text.HAL_InitTick
                0x08000cbc       0x4c CMakeFiles/test.elf.dir/Drivers/STM32F4xx_HAL_Driver/Src/stm32f4xx_hal.c.obj
                0x08000cbc                HAL_InitTick
 .text.HAL_Init
                0x08000d08       0x34 CMakeFiles/test.elf.dir/Drivers/STM32F4xx_HAL_Driver/Src/stm32f4xx_hal.c.obj
                0x08000d08                HAL_Init
 .text.HAL_IncTick
                0x08000d3c       0x18 CMakeFiles/test.elf.dir/Drivers/STM32F4xx_HAL_Driver/Src/stm32f4xx_hal.c.obj
                0x08000d3c                HAL_IncTick
 .text.HAL_GetTick
                0x08000d54        0xc CMakeFiles/test.elf.dir/Drivers/STM32F4xx_HAL_Driver/Src/stm32f4xx_hal.c.obj
                0x08000d54                HAL_GetTick
 .text.HAL_CAN_Init
                0x08000d60      0x14c CMakeFiles/test.elf.dir/Drivers/STM32F4xx_HAL_Driver/Src/stm32f4xx_hal_can.c.obj
                0x08000d60                HAL_CAN_Init
 .text.HAL_CAN_ConfigFilter
                0x08000eac      0x138 CMakeFiles/test.elf.dir/Drivers/STM32F4xx_HAL_Driver/Src/stm32f4xx_hal_can.c.obj
                0x08000eac                HAL_CAN_ConfigFilter
 .text.HAL_CAN_Start
                0x08000fe4       0x5c CMakeFiles/test.elf.dir/Drivers/STM32F4xx_HAL_Driver/Src/stm32f4xx_hal_can.c.obj
                0x08000fe4                HAL_CAN_Start
 .text.HAL_CAN_AddTxMessage
                0x08001040       0xfc CMakeFiles/test.elf.dir/Drivers/STM32F4xx_HAL_Driver/Src/stm32f4xx_hal_can.c.obj
                0x08001040                HAL_CAN_AddTxMessage
 .text.HAL_CAN_GetRxMessage
                0x0800113c      0x14a CMakeFiles/test.elf.dir/Drivers/STM32F4xx_HAL_Driver/Src/stm32f4xx_hal_can.c.obj
                0x0800113c                HAL_CAN_GetRxMessage
 .text.HAL_CAN_ActivateNotification
                0x08001286       0x24 CMakeFiles/test.elf.dir/Drivers/STM32F4xx_HAL_Driver/Src/stm32f4xx_hal_can.c.obj
                0x08001286                HAL_CAN_ActivateNotification
 .text.HAL_CAN_TxMailbox0CompleteCallback
                0x080012aa        0x2 CMakeFiles/test.elf.dir/Drivers/STM32F4xx_HAL_Driver/Src/stm32f4xx_hal_can.c.obj
                0x080012aa                HAL_CAN_TxMailbox0CompleteCallback
 .text.HAL_CAN_TxMailbox1CompleteCallback
                0x080012ac        0x2 CMakeFiles/test.elf.dir/Drivers/STM32F4xx_HAL_Driver/Src/stm32f4xx_hal_can.c.obj
                0x080012ac                HAL_CAN_TxMailbox1CompleteCallback
 .text.HAL_CAN_TxMailbox2CompleteCallback
                0x080012ae        0x2 CMakeFiles/test.elf.dir/Drivers/STM32F4xx_HAL_Driver/Src/stm32f4xx_hal_can.c.obj
                0x080012ae                HAL_CAN_TxMailbox2CompleteCallback
 .text.HAL_CAN_TxMailbox0AbortCallback
                0x080012b0        0x2 CMakeFiles/test.elf.dir/Drivers/STM32F4xx_HAL_Driver/Src/stm32f4xx_hal_can.c.obj
                0x080012b0                HAL_CAN_TxMailbox0AbortCallback
 .text.HAL_CAN_TxMailbox1AbortCallback
                0x080012b2        0x2 CMakeFiles/test.elf.dir/Drivers/STM32F4xx_HAL_Driver/Src/stm32f4xx_hal_can.c.obj
                0x080012b2                HAL_CAN_TxMailbox1AbortCallback
 .text.HAL_CAN_TxMailbox2AbortCallback
                0x080012b4        0x2 CMakeFiles/test.elf.dir/Drivers/STM32F4xx_HAL_Driver/Src/stm32f4xx_hal_can.c.obj
                0x080012b4                HAL_CAN_TxMailbox2AbortCallback
 .text.HAL_CAN_RxFifo0FullCallback
                0x080012b6        0x2 CMakeFiles/test.elf.dir/Drivers/STM32F4xx_HAL_Driver/Src/stm32f4xx_hal_can.c.obj
                0x080012b6                HAL_CAN_RxFifo0FullCallback
 .text.HAL_CAN_RxFifo1MsgPendingCallback
                0x080012b8        0x2 CMakeFiles/test.elf.dir/Drivers/STM32F4xx_HAL_Driver/Src/stm32f4xx_hal_can.c.obj
                0x080012b8                HAL_CAN_RxFifo1MsgPendingCallback
 .text.HAL_CAN_RxFifo1FullCallback
                0x080012ba        0x2 CMakeFiles/test.elf.dir/Drivers/STM32F4xx_HAL_Driver/Src/stm32f4xx_hal_can.c.obj
                0x080012ba                HAL_CAN_RxFifo1FullCallback
 .text.HAL_CAN_SleepCallback
                0x080012bc        0x2 CMakeFiles/test.elf.dir/Drivers/STM32F4xx_HAL_Driver/Src/stm32f4xx_hal_can.c.obj
                0x080012bc                HAL_CAN_SleepCallback
 .text.HAL_CAN_WakeUpFromRxMsgCallback
                0x080012be        0x2 CMakeFiles/test.elf.dir/Drivers/STM32F4xx_HAL_Driver/Src/stm32f4xx_hal_can.c.obj
                0x080012be                HAL_CAN_WakeUpFromRxMsgCallback
 .text.HAL_CAN_ErrorCallback
                0x080012c0        0x2 CMakeFiles/test.elf.dir/Drivers/STM32F4xx_HAL_Driver/Src/stm32f4xx_hal_can.c.obj
                0x080012c0                HAL_CAN_ErrorCallback
 .text.HAL_CAN_IRQHandler
                0x080012c2      0x24a CMakeFiles/test.elf.dir/Drivers/STM32F4xx_HAL_Driver/Src/stm32f4xx_hal_can.c.obj
                0x080012c2                HAL_CAN_IRQHandler
 .text.HAL_NVIC_SetPriorityGrouping
                0x0800150c       0x24 CMakeFiles/test.elf.dir/Drivers/STM32F4xx_HAL_Driver/Src/stm32f4xx_hal_cortex.c.obj
                0x0800150c                HAL_NVIC_SetPriorityGrouping
 .text.HAL_NVIC_SetPriority
                0x08001530       0x70 CMakeFiles/test.elf.dir/Drivers/STM32F4xx_HAL_Driver/Src/stm32f4xx_hal_cortex.c.obj
                0x08001530                HAL_NVIC_SetPriority
 .text.HAL_NVIC_EnableIRQ
                0x080015a0       0x1c CMakeFiles/test.elf.dir/Drivers/STM32F4xx_HAL_Driver/Src/stm32f4xx_hal_cortex.c.obj
                0x080015a0                HAL_NVIC_EnableIRQ
 .text.HAL_SYSTICK_Config
                0x080015bc       0x28 CMakeFiles/test.elf.dir/Drivers/STM32F4xx_HAL_Driver/Src/stm32f4xx_hal_cortex.c.obj
                0x080015bc                HAL_SYSTICK_Config
 .text.HAL_CRC_Init
                0x080015e4       0x1e CMakeFiles/test.elf.dir/Drivers/STM32F4xx_HAL_Driver/Src/stm32f4xx_hal_crc.c.obj
                0x080015e4                HAL_CRC_Init
 *fill*         0x08001602        0x2 
 .text.HAL_GPIO_Init
                0x08001604      0x1d0 CMakeFiles/test.elf.dir/Drivers/STM32F4xx_HAL_Driver/Src/stm32f4xx_hal_gpio.c.obj
                0x08001604                HAL_GPIO_Init
 .text.HAL_GPIO_WritePin
                0x080017d4        0xc CMakeFiles/test.elf.dir/Drivers/STM32F4xx_HAL_Driver/Src/stm32f4xx_hal_gpio.c.obj
                0x080017d4                HAL_GPIO_WritePin
 .text.HAL_GPIO_TogglePin
                0x080017e0       0x12 CMakeFiles/test.elf.dir/Drivers/STM32F4xx_HAL_Driver/Src/stm32f4xx_hal_gpio.c.obj
                0x080017e0                HAL_GPIO_TogglePin
 *fill*         0x080017f2        0x2 
 .text.HAL_RCC_OscConfig
                0x080017f4      0x3ec CMakeFiles/test.elf.dir/Drivers/STM32F4xx_HAL_Driver/Src/stm32f4xx_hal_rcc.c.obj
                0x080017f4                HAL_RCC_OscConfig
 .text.HAL_RCC_GetSysClockFreq
                0x08001be0       0xa4 CMakeFiles/test.elf.dir/Drivers/STM32F4xx_HAL_Driver/Src/stm32f4xx_hal_rcc.c.obj
                0x08001be0                HAL_RCC_GetSysClockFreq
 .text.HAL_RCC_ClockConfig
                0x08001c84      0x160 CMakeFiles/test.elf.dir/Drivers/STM32F4xx_HAL_Driver/Src/stm32f4xx_hal_rcc.c.obj
                0x08001c84                HAL_RCC_ClockConfig
 .text.makeFreeRtosPriority
                0x08001de4        0xc CMakeFiles/test.elf.dir/Middlewares/Third_Party/FreeRTOS/Source/CMSIS_RTOS/cmsis_os.c.obj
 .text.inHandlerMode
                0x08001df0        0xc CMakeFiles/test.elf.dir/Middlewares/Third_Party/FreeRTOS/Source/CMSIS_RTOS/cmsis_os.c.obj
 .text.osKernelStart
                0x08001dfc        0xa CMakeFiles/test.elf.dir/Middlewares/Third_Party/FreeRTOS/Source/CMSIS_RTOS/cmsis_os.c.obj
                0x08001dfc                osKernelStart
 .text.osKernelSysTick
                0x08001e06       0x14 CMakeFiles/test.elf.dir/Middlewares/Third_Party/FreeRTOS/Source/CMSIS_RTOS/cmsis_os.c.obj
                0x08001e06                osKernelSysTick
 .text.osThreadCreate
                0x08001e1a       0x6a CMakeFiles/test.elf.dir/Middlewares/Third_Party/FreeRTOS/Source/CMSIS_RTOS/cmsis_os.c.obj
                0x08001e1a                osThreadCreate
 .text.osDelay  0x08001e84        0xe CMakeFiles/test.elf.dir/Middlewares/Third_Party/FreeRTOS/Source/CMSIS_RTOS/cmsis_os.c.obj
                0x08001e84                osDelay
 .text.osThreadSuspend
                0x08001e92        0xa CMakeFiles/test.elf.dir/Middlewares/Third_Party/FreeRTOS/Source/CMSIS_RTOS/cmsis_os.c.obj
                0x08001e92                osThreadSuspend
 .text.osDelayUntil
                0x08001e9c        0x4 CMakeFiles/test.elf.dir/Middlewares/Third_Party/FreeRTOS/Source/CMSIS_RTOS/cmsis_os.c.obj
                0x08001e9c                osDelayUntil
 .text.vListInitialise
                0x08001ea0       0x16 CMakeFiles/test.elf.dir/Middlewares/Third_Party/FreeRTOS/Source/list.c.obj
                0x08001ea0                vListInitialise
 .text.vListInitialiseItem
                0x08001eb6        0x6 CMakeFiles/test.elf.dir/Middlewares/Third_Party/FreeRTOS/Source/list.c.obj
                0x08001eb6                vListInitialiseItem
 .text.vListInsertEnd
                0x08001ebc       0x16 CMakeFiles/test.elf.dir/Middlewares/Third_Party/FreeRTOS/Source/list.c.obj
                0x08001ebc                vListInsertEnd
 .text.vListInsert
                0x08001ed2       0x32 CMakeFiles/test.elf.dir/Middlewares/Third_Party/FreeRTOS/Source/list.c.obj
                0x08001ed2                vListInsert
 .text.uxListRemove
                0x08001f04       0x26 CMakeFiles/test.elf.dir/Middlewares/Third_Party/FreeRTOS/Source/list.c.obj
                0x08001f04                uxListRemove
 *fill*         0x08001f2a        0x2 
 .text.prvTaskExitError
                0x08001f2c       0x40 CMakeFiles/test.elf.dir/Middlewares/Third_Party/FreeRTOS/Source/portable/GCC/ARM_CM4F/port.c.obj
 .text.prvPortStartFirstTask
                0x08001f6c       0x28 CMakeFiles/test.elf.dir/Middlewares/Third_Party/FreeRTOS/Source/portable/GCC/ARM_CM4F/port.c.obj
 .text.vPortEnableVFP
                0x08001f94       0x14 CMakeFiles/test.elf.dir/Middlewares/Third_Party/FreeRTOS/Source/portable/GCC/ARM_CM4F/port.c.obj
 .text.pxPortInitialiseStack
                0x08001fa8       0x2c CMakeFiles/test.elf.dir/Middlewares/Third_Party/FreeRTOS/Source/portable/GCC/ARM_CM4F/port.c.obj
                0x08001fa8                pxPortInitialiseStack
 *fill*         0x08001fd4        0xc 
 .text.SVC_Handler
                0x08001fe0       0x24 CMakeFiles/test.elf.dir/Middlewares/Third_Party/FreeRTOS/Source/portable/GCC/ARM_CM4F/port.c.obj
                0x08001fe0                SVC_Handler
 .text.vPortEnterCritical
                0x08002004       0x44 CMakeFiles/test.elf.dir/Middlewares/Third_Party/FreeRTOS/Source/portable/GCC/ARM_CM4F/port.c.obj
                0x08002004                vPortEnterCritical
 .text.vPortExitCritical
                0x08002048       0x2c CMakeFiles/test.elf.dir/Middlewares/Third_Party/FreeRTOS/Source/portable/GCC/ARM_CM4F/port.c.obj
                0x08002048                vPortExitCritical
 *fill*         0x08002074        0xc 
 .text.PendSV_Handler
                0x08002080       0x64 CMakeFiles/test.elf.dir/Middlewares/Third_Party/FreeRTOS/Source/portable/GCC/ARM_CM4F/port.c.obj
                0x08002080                PendSV_Handler
 .text.xPortSysTickHandler
                0x080020e4       0x2c CMakeFiles/test.elf.dir/Middlewares/Third_Party/FreeRTOS/Source/portable/GCC/ARM_CM4F/port.c.obj
                0x080020e4                xPortSysTickHandler
 .text.vPortSetupTimerInterrupt
                0x08002110       0x28 CMakeFiles/test.elf.dir/Middlewares/Third_Party/FreeRTOS/Source/portable/GCC/ARM_CM4F/port.c.obj
                0x08002110                vPortSetupTimerInterrupt
 .text.xPortStartScheduler
                0x08002138      0x118 CMakeFiles/test.elf.dir/Middlewares/Third_Party/FreeRTOS/Source/portable/GCC/ARM_CM4F/port.c.obj
                0x08002138                xPortStartScheduler
 .text.vPortValidateInterruptPriority
                0x08002250       0x5c CMakeFiles/test.elf.dir/Middlewares/Third_Party/FreeRTOS/Source/portable/GCC/ARM_CM4F/port.c.obj
                0x08002250                vPortValidateInterruptPriority
 .text.prvHeapInit
                0x080022ac       0x64 CMakeFiles/test.elf.dir/Middlewares/Third_Party/FreeRTOS/Source/portable/MemMang/heap_4.c.obj
 .text.prvInsertBlockIntoFreeList
                0x08002310       0x64 CMakeFiles/test.elf.dir/Middlewares/Third_Party/FreeRTOS/Source/portable/MemMang/heap_4.c.obj
 .text.pvPortMalloc
                0x08002374       0xf0 CMakeFiles/test.elf.dir/Middlewares/Third_Party/FreeRTOS/Source/portable/MemMang/heap_4.c.obj
                0x08002374                pvPortMalloc
 .text.vPortFree
                0x08002464       0x70 CMakeFiles/test.elf.dir/Middlewares/Third_Party/FreeRTOS/Source/portable/MemMang/heap_4.c.obj
                0x08002464                vPortFree
 .text.prvResetNextTaskUnblockTime
                0x080024d4       0x2c CMakeFiles/test.elf.dir/Middlewares/Third_Party/FreeRTOS/Source/tasks.c.obj
 .text.prvInitialiseNewTask
                0x08002500       0xa2 CMakeFiles/test.elf.dir/Middlewares/Third_Party/FreeRTOS/Source/tasks.c.obj
 *fill*         0x080025a2        0x2 
 .text.prvInitialiseTaskLists
                0x080025a4       0x68 CMakeFiles/test.elf.dir/Middlewares/Third_Party/FreeRTOS/Source/tasks.c.obj
 .text.prvAddNewTaskToReadyList
                0x0800260c       0xa8 CMakeFiles/test.elf.dir/Middlewares/Third_Party/FreeRTOS/Source/tasks.c.obj
 .text.prvDeleteTCB
                0x080026b4       0x38 CMakeFiles/test.elf.dir/Middlewares/Third_Party/FreeRTOS/Source/tasks.c.obj
 .text.prvCheckTasksWaitingTermination
                0x080026ec       0x4c CMakeFiles/test.elf.dir/Middlewares/Third_Party/FreeRTOS/Source/tasks.c.obj
 .text.prvIdleTask
                0x08002738       0x28 CMakeFiles/test.elf.dir/Middlewares/Third_Party/FreeRTOS/Source/tasks.c.obj
 .text.prvAddCurrentTaskToDelayedList
                0x08002760       0x98 CMakeFiles/test.elf.dir/Middlewares/Third_Party/FreeRTOS/Source/tasks.c.obj
 .text.xTaskCreateStatic
                0x080027f8       0x76 CMakeFiles/test.elf.dir/Middlewares/Third_Party/FreeRTOS/Source/tasks.c.obj
                0x080027f8                xTaskCreateStatic
 .text.xTaskCreate
                0x0800286e       0x68 CMakeFiles/test.elf.dir/Middlewares/Third_Party/FreeRTOS/Source/tasks.c.obj
                0x0800286e                xTaskCreate
 *fill*         0x080028d6        0x2 
 .text.vTaskStartScheduler
                0x080028d8       0x74 CMakeFiles/test.elf.dir/Middlewares/Third_Party/FreeRTOS/Source/tasks.c.obj
                0x080028d8                vTaskStartScheduler
 .text.vTaskSuspendAll
                0x0800294c       0x10 CMakeFiles/test.elf.dir/Middlewares/Third_Party/FreeRTOS/Source/tasks.c.obj
                0x0800294c                vTaskSuspendAll
 .text.xTaskGetTickCount
                0x0800295c        0xc CMakeFiles/test.elf.dir/Middlewares/Third_Party/FreeRTOS/Source/tasks.c.obj
                0x0800295c                xTaskGetTickCount
 .text.xTaskGetTickCountFromISR
                0x08002968       0x10 CMakeFiles/test.elf.dir/Middlewares/Third_Party/FreeRTOS/Source/tasks.c.obj
                0x08002968                xTaskGetTickCountFromISR
 .text.xTaskIncrementTick
                0x08002978      0x118 CMakeFiles/test.elf.dir/Middlewares/Third_Party/FreeRTOS/Source/tasks.c.obj
                0x08002978                xTaskIncrementTick
 .text.xTaskResumeAll
                0x08002a90       0xf8 CMakeFiles/test.elf.dir/Middlewares/Third_Party/FreeRTOS/Source/tasks.c.obj
                0x08002a90                xTaskResumeAll
 .text.vTaskDelay
                0x08002b88       0x4c CMakeFiles/test.elf.dir/Middlewares/Third_Party/FreeRTOS/Source/tasks.c.obj
                0x08002b88                vTaskDelay
 .text.vTaskSwitchContext
                0x08002bd4       0x98 CMakeFiles/test.elf.dir/Middlewares/Third_Party/FreeRTOS/Source/tasks.c.obj
                0x08002bd4                vTaskSwitchContext
 .text.vTaskSuspend
                0x08002c6c       0xe8 CMakeFiles/test.elf.dir/Middlewares/Third_Party/FreeRTOS/Source/tasks.c.obj
                0x08002c6c                vTaskSuspend
 .text.xTaskGetSchedulerState
                0x08002d54       0x20 CMakeFiles/test.elf.dir/Middlewares/Third_Party/FreeRTOS/Source/tasks.c.obj
                0x08002d54                xTaskGetSchedulerState
 .text.MX_CAN1_Init
                0x08002d74       0x40 CMakeFiles/test.elf.dir/Src/can.c.obj
                0x08002d74                MX_CAN1_Init
 .text.MX_CAN2_Init
                0x08002db4       0x40 CMakeFiles/test.elf.dir/Src/can.c.obj
                0x08002db4                MX_CAN2_Init
 .text.HAL_CAN_MspInit
                0x08002df4      0x120 CMakeFiles/test.elf.dir/Src/can.c.obj
                0x08002df4                HAL_CAN_MspInit
 .text.MX_CRC_Init
                0x08002f14       0x20 CMakeFiles/test.elf.dir/Src/crc.c.obj
                0x08002f14                MX_CRC_Init
 .text.HAL_CRC_MspInit
                0x08002f34       0x30 CMakeFiles/test.elf.dir/Src/crc.c.obj
                0x08002f34                HAL_CRC_MspInit
 .text.detect_task
                0x08002f64        0xa CMakeFiles/test.elf.dir/Src/freertos.c.obj
                0x08002f64                detect_task
 *fill*         0x08002f6e        0x2 
 .text.vApplicationGetIdleTaskMemory
                0x08002f70       0x18 CMakeFiles/test.elf.dir/Src/freertos.c.obj
                0x08002f70                vApplicationGetIdleTaskMemory
 .text.MX_FREERTOS_Init
                0x08002f88       0x84 CMakeFiles/test.elf.dir/Src/freertos.c.obj
                0x08002f88                MX_FREERTOS_Init
 .text.MX_GPIO_Init
                0x0800300c       0x94 CMakeFiles/test.elf.dir/Src/gpio.c.obj
                0x0800300c                MX_GPIO_Init
 .text.Error_Handler
                0x080030a0        0x4 CMakeFiles/test.elf.dir/Src/main.c.obj
                0x080030a0                Error_Handler
 .text.SystemClock_Config
                0x080030a4       0xa8 CMakeFiles/test.elf.dir/Src/main.c.obj
                0x080030a4                SystemClock_Config
 .text.main     0x0800314c       0x28 CMakeFiles/test.elf.dir/Src/main.c.obj
                0x0800314c                main
 .text.HAL_MspInit
                0x08003174       0x44 CMakeFiles/test.elf.dir/Src/stm32f4xx_hal_msp.c.obj
                0x08003174                HAL_MspInit
 .text.NMI_Handler
                0x080031b8        0x2 CMakeFiles/test.elf.dir/Src/stm32f4xx_it.c.obj
                0x080031b8                NMI_Handler
 .text.HardFault_Handler
                0x080031ba        0x2 CMakeFiles/test.elf.dir/Src/stm32f4xx_it.c.obj
                0x080031ba                HardFault_Handler
 .text.MemManage_Handler
                0x080031bc        0x2 CMakeFiles/test.elf.dir/Src/stm32f4xx_it.c.obj
                0x080031bc                MemManage_Handler
 .text.BusFault_Handler
                0x080031be        0x2 CMakeFiles/test.elf.dir/Src/stm32f4xx_it.c.obj
                0x080031be                BusFault_Handler
 .text.UsageFault_Handler
                0x080031c0        0x2 CMakeFiles/test.elf.dir/Src/stm32f4xx_it.c.obj
                0x080031c0                UsageFault_Handler
 .text.DebugMon_Handler
                0x080031c2        0x2 CMakeFiles/test.elf.dir/Src/stm32f4xx_it.c.obj
                0x080031c2                DebugMon_Handler
 .text.SysTick_Handler
                0x080031c4       0x16 CMakeFiles/test.elf.dir/Src/stm32f4xx_it.c.obj
                0x080031c4                SysTick_Handler
 *fill*         0x080031da        0x2 
 .text.CAN1_RX0_IRQHandler
                0x080031dc       0x10 CMakeFiles/test.elf.dir/Src/stm32f4xx_it.c.obj
                0x080031dc                CAN1_RX0_IRQHandler
 .text.CAN2_RX0_IRQHandler
                0x080031ec       0x10 CMakeFiles/test.elf.dir/Src/stm32f4xx_it.c.obj
                0x080031ec                CAN2_RX0_IRQHandler
 .text.SystemInit
                0x080031fc       0x1c CMakeFiles/test.elf.dir/Src/system_stm32f4xx.c.obj
                0x080031fc                SystemInit
 .text.f_Trapezoid_Intergral
                0x08003218       0x7c CMakeFiles/test.elf.dir/UserLib/controller.c.obj
 .text.f_Changing_Integration_Rate
                0x08003294       0x72 CMakeFiles/test.elf.dir/UserLib/controller.c.obj
 *fill*         0x08003306        0x2 
 .text.f_Integral_Limit
                0x08003308       0xa4 CMakeFiles/test.elf.dir/UserLib/controller.c.obj
 .text.f_Derivative_Filter
                0x080033ac       0x3a CMakeFiles/test.elf.dir/UserLib/controller.c.obj
 .text.f_Output_Filter
                0x080033e6       0x3a CMakeFiles/test.elf.dir/UserLib/controller.c.obj
 .text.f_Output_Limit
                0x08003420       0x34 CMakeFiles/test.elf.dir/UserLib/controller.c.obj
 .text.f_Proportion_Limit
                0x08003454       0x34 CMakeFiles/test.elf.dir/UserLib/controller.c.obj
 .text.f_PID_ErrorHandle
                0x08003488       0xb8 CMakeFiles/test.elf.dir/UserLib/controller.c.obj
 .text.f_Derivative_On_Measurement
                0x08003540       0xe6 CMakeFiles/test.elf.dir/UserLib/controller.c.obj
 .text.PID_Init
                0x08003626       0x8e CMakeFiles/test.elf.dir/UserLib/controller.c.obj
                0x08003626                PID_Init
 .text.PID_Calculate
                0x080036b4      0x266 CMakeFiles/test.elf.dir/UserLib/controller.c.obj
                0x080036b4                PID_Calculate
 .text.Feedforward_Calculate
                0x0800391a      0x116 CMakeFiles/test.elf.dir/UserLib/controller.c.obj
                0x0800391a                Feedforward_Calculate
 .text.LDOB_Calculate
                0x08003a30      0x18e CMakeFiles/test.elf.dir/UserLib/controller.c.obj
                0x08003a30                LDOB_Calculate
 .text.Motor_Speed_Calculate
                0x08003bbe       0x90 CMakeFiles/test.elf.dir/UserLib/motor.c.obj
                0x08003bbe                Motor_Speed_Calculate
 .text.float_constrain
                0x08003c4e       0x20 CMakeFiles/test.elf.dir/UserLib/user_lib.c.obj
                0x08003c4e                float_constrain
 .text.OLS_Init
                0x08003c6e       0x5a CMakeFiles/test.elf.dir/UserLib/user_lib.c.obj
                0x08003c6e                OLS_Init
 .text.OLS_Derivative
                0x08003cc8      0x1f0 CMakeFiles/test.elf.dir/UserLib/user_lib.c.obj
                0x08003cc8                OLS_Derivative
 .text.Reset_Handler
                0x08003eb8       0x50 CMakeFiles/test.elf.dir/startup/startup_stm32f407xx.s.obj
                0x08003eb8                Reset_Handler
 .text.Default_Handler
                0x08003f08        0x2 CMakeFiles/test.elf.dir/startup/startup_stm32f407xx.s.obj
                0x08003f08                RTC_Alarm_IRQHandler
                0x08003f08                HASH_RNG_IRQHandler
                0x08003f08                EXTI2_IRQHandler
                0x08003f08                TIM8_CC_IRQHandler
                0x08003f08                TIM1_CC_IRQHandler
                0x08003f08                DMA2_Stream5_IRQHandler
                0x08003f08                DMA1_Stream5_IRQHandler
                0x08003f08                PVD_IRQHandler
                0x08003f08                SDIO_IRQHandler
                0x08003f08                TAMP_STAMP_IRQHandler
                0x08003f08                CAN2_RX1_IRQHandler
                0x08003f08                EXTI3_IRQHandler
                0x08003f08                TIM8_TRG_COM_TIM14_IRQHandler
                0x08003f08                TIM1_UP_TIM10_IRQHandler
                0x08003f08                TIM8_UP_TIM13_IRQHandler
                0x08003f08                I2C3_ER_IRQHandler
                0x08003f08                EXTI0_IRQHandler
                0x08003f08                I2C2_EV_IRQHandler
                0x08003f08                DMA1_Stream2_IRQHandler
                0x08003f08                FPU_IRQHandler
                0x08003f08                OTG_HS_WKUP_IRQHandler
                0x08003f08                CAN2_SCE_IRQHandler
                0x08003f08                DMA2_Stream2_IRQHandler
                0x08003f08                SPI1_IRQHandler
                0x08003f08                TIM6_DAC_IRQHandler
                0x08003f08                TIM1_BRK_TIM9_IRQHandler
                0x08003f08                DCMI_IRQHandler
                0x08003f08                DMA2_Stream3_IRQHandler
                0x08003f08                USART6_IRQHandler
                0x08003f08                USART3_IRQHandler
                0x08003f08                CAN1_RX1_IRQHandler
                0x08003f08                UART5_IRQHandler
                0x08003f08                DMA2_Stream0_IRQHandler
                0x08003f08                TIM4_IRQHandler
                0x08003f08                I2C1_EV_IRQHandler
                0x08003f08                DMA1_Stream6_IRQHandler
                0x08003f08                DMA1_Stream1_IRQHandler
                0x08003f08                UART4_IRQHandler
                0x08003f08                TIM3_IRQHandler
                0x08003f08                RCC_IRQHandler
                0x08003f08                TIM8_BRK_TIM12_IRQHandler
                0x08003f08                Default_Handler
                0x08003f08                EXTI15_10_IRQHandler
                0x08003f08                ADC_IRQHandler
                0x08003f08                DMA1_Stream7_IRQHandler
                0x08003f08                TIM7_IRQHandler
                0x08003f08                CAN2_TX_IRQHandler
                0x08003f08                TIM5_IRQHandler
                0x08003f08                DMA2_Stream7_IRQHandler
                0x08003f08                I2C3_EV_IRQHandler
                0x08003f08                EXTI9_5_IRQHandler
                0x08003f08                RTC_WKUP_IRQHandler
                0x08003f08                ETH_WKUP_IRQHandler
                0x08003f08                SPI2_IRQHandler
                0x08003f08                OTG_HS_EP1_IN_IRQHandler
                0x08003f08                DMA1_Stream0_IRQHandler
                0x08003f08                CAN1_TX_IRQHandler
                0x08003f08                EXTI4_IRQHandler
                0x08003f08                FSMC_IRQHandler
                0x08003f08                ETH_IRQHandler
                0x08003f08                OTG_HS_EP1_OUT_IRQHandler
                0x08003f08                WWDG_IRQHandler
                0x08003f08                TIM2_IRQHandler
                0x08003f08                OTG_FS_WKUP_IRQHandler
                0x08003f08                TIM1_TRG_COM_TIM11_IRQHandler
                0x08003f08                OTG_HS_IRQHandler
                0x08003f08                EXTI1_IRQHandler
                0x08003f08                USART2_IRQHandler
                0x08003f08                I2C2_ER_IRQHandler
                0x08003f08                DMA2_Stream1_IRQHandler
                0x08003f08                CAN1_SCE_IRQHandler
                0x08003f08                FLASH_IRQHandler
                0x08003f08                DMA2_Stream4_IRQHandler
                0x08003f08                USART1_IRQHandler
                0x08003f08                OTG_FS_IRQHandler
                0x08003f08                SPI3_IRQHandler
                0x08003f08                DMA1_Stream4_IRQHandler
                0x08003f08                I2C1_ER_IRQHandler
                0x08003f08                DMA2_Stream6_IRQHandler
                0x08003f08                DMA1_Stream3_IRQHandler
 *fill*         0x08003f0a        0x2 
 .text.__libc_init_array
                0x08003f0c       0x48 c:/gcc-arm-none-eabi/bin/../lib/gcc/arm-none-eabi/10.3.1/../../../../arm-none-eabi/lib/thumb/v7e-m+fp/hard\libg.a(lib_a-init.o)
                0x08003f0c                __libc_init_array
 .text.memset   0x08003f54       0xa4 c:/gcc-arm-none-eabi/bin/../lib/gcc/arm-none-eabi/10.3.1/../../../../arm-none-eabi/lib/thumb/v7e-m+fp/hard\libg.a(lib_a-memset.o)
                0x08003f54                memset
 .text.startup.register_fini
                0x08003ff8       0x14 c:/gcc-arm-none-eabi/bin/../lib/gcc/arm-none-eabi/10.3.1/../../../../arm-none-eabi/lib/thumb/v7e-m+fp/hard\libg.a(lib_a-__call_atexit.o)
 .text.atexit   0x0800400c        0xc c:/gcc-arm-none-eabi/bin/../lib/gcc/arm-none-eabi/10.3.1/../../../../arm-none-eabi/lib/thumb/v7e-m+fp/hard\libg.a(lib_a-atexit.o)
                0x0800400c                atexit
 .text.__libc_fini_array
                0x08004018       0x2c c:/gcc-arm-none-eabi/bin/../lib/gcc/arm-none-eabi/10.3.1/../../../../arm-none-eabi/lib/thumb/v7e-m+fp/hard\libg.a(lib_a-fini.o)
                0x08004018                __libc_fini_array
 .text.__retarget_lock_acquire_recursive
                0x08004044        0x4 c:/gcc-arm-none-eabi/bin/../lib/gcc/arm-none-eabi/10.3.1/../../../../arm-none-eabi/lib/thumb/v7e-m+fp/hard\libg.a(lib_a-lock.o)
                0x08004044                __retarget_lock_acquire_recursive
 .text.__retarget_lock_release_recursive
                0x08004048        0x4 c:/gcc-arm-none-eabi/bin/../lib/gcc/arm-none-eabi/10.3.1/../../../../arm-none-eabi/lib/thumb/v7e-m+fp/hard\libg.a(lib_a-lock.o)
                0x08004048                __retarget_lock_release_recursive
 .text.__register_exitproc
                0x0800404c       0x8c c:/gcc-arm-none-eabi/bin/../lib/gcc/arm-none-eabi/10.3.1/../../../../arm-none-eabi/lib/thumb/v7e-m+fp/hard\libg.a(lib_a-__atexit.o)
                0x0800404c                __register_exitproc
 .text.cosf     0x080040d8       0x70 c:/gcc-arm-none-eabi/bin/../lib/gcc/arm-none-eabi/10.3.1/../../../../arm-none-eabi/lib/thumb/v7e-m+fp/hard\libm.a(lib_a-sf_cos.o)
                0x080040d8                cosf
 .text.sinf     0x08004148       0x74 c:/gcc-arm-none-eabi/bin/../lib/gcc/arm-none-eabi/10.3.1/../../../../arm-none-eabi/lib/thumb/v7e-m+fp/hard\libm.a(lib_a-sf_sin.o)
                0x08004148                sinf
 .text.__ieee754_rem_pio2f
                0x080041bc      0x264 c:/gcc-arm-none-eabi/bin/../lib/gcc/arm-none-eabi/10.3.1/../../../../arm-none-eabi/lib/thumb/v7e-m+fp/hard\libm.a(lib_a-ef_rem_pio2.o)
                0x080041bc                __ieee754_rem_pio2f
 .text.__kernel_cosf
                0x08004420      0x104 c:/gcc-arm-none-eabi/bin/../lib/gcc/arm-none-eabi/10.3.1/../../../../arm-none-eabi/lib/thumb/v7e-m+fp/hard\libm.a(lib_a-kf_cos.o)
                0x08004420                __kernel_cosf
 .text.__kernel_rem_pio2f
                0x08004524      0x674 c:/gcc-arm-none-eabi/bin/../lib/gcc/arm-none-eabi/10.3.1/../../../../arm-none-eabi/lib/thumb/v7e-m+fp/hard\libm.a(lib_a-kf_rem_pio2.o)
                0x08004524                __kernel_rem_pio2f
 .text.__kernel_sinf
                0x08004b98       0x90 c:/gcc-arm-none-eabi/bin/../lib/gcc/arm-none-eabi/10.3.1/../../../../arm-none-eabi/lib/thumb/v7e-m+fp/hard\libm.a(lib_a-kf_sin.o)
                0x08004b98                __kernel_sinf
 .text.fabsf    0x08004c28       0x10 c:/gcc-arm-none-eabi/bin/../lib/gcc/arm-none-eabi/10.3.1/../../../../arm-none-eabi/lib/thumb/v7e-m+fp/hard\libm.a(lib_a-sf_fabs.o)
                0x08004c28                fabsf
 .text.floorf   0x08004c38       0x8c c:/gcc-arm-none-eabi/bin/../lib/gcc/arm-none-eabi/10.3.1/../../../../arm-none-eabi/lib/thumb/v7e-m+fp/hard\libm.a(lib_a-sf_floor.o)
                0x08004c38                floorf
 .text.scalbnf  0x08004cc4       0xe4 c:/gcc-arm-none-eabi/bin/../lib/gcc/arm-none-eabi/10.3.1/../../../../arm-none-eabi/lib/thumb/v7e-m+fp/hard\libm.a(lib_a-sf_scalbn.o)
                0x08004cc4                scalbnf
 *(.glue_7)
 .glue_7        0x08004da8        0x0 linker stubs
 *(.glue_7t)
 .glue_7t       0x08004da8        0x0 linker stubs
 *(.eh_frame)
 .eh_frame      0x08004da8        0x0 c:/gcc-arm-none-eabi/bin/../lib/gcc/arm-none-eabi/10.3.1/thumb/v7e-m+fp/hard/crtbegin.o
 *(.init)
 .init          0x08004da8        0x4 c:/gcc-arm-none-eabi/bin/../lib/gcc/arm-none-eabi/10.3.1/thumb/v7e-m+fp/hard/crti.o
                0x08004da8                _init
 .init          0x08004dac        0x8 c:/gcc-arm-none-eabi/bin/../lib/gcc/arm-none-eabi/10.3.1/thumb/v7e-m+fp/hard/crtn.o
 *(.fini)
 .fini          0x08004db4        0x4 c:/gcc-arm-none-eabi/bin/../lib/gcc/arm-none-eabi/10.3.1/thumb/v7e-m+fp/hard/crti.o
                0x08004db4                _fini
 .fini          0x08004db8        0x8 c:/gcc-arm-none-eabi/bin/../lib/gcc/arm-none-eabi/10.3.1/thumb/v7e-m+fp/hard/crtn.o
                0x08004dc0                . = ALIGN (0x4)
                0x08004dc0                _etext = .

.vfp11_veneer   0x08004dc0        0x0
 .vfp11_veneer  0x08004dc0        0x0 linker stubs

.v4_bx          0x08004dc0        0x0
 .v4_bx         0x08004dc0        0x0 linker stubs

.iplt           0x08004dc0        0x0
 .iplt          0x08004dc0        0x0 c:/gcc-arm-none-eabi/bin/../lib/gcc/arm-none-eabi/10.3.1/thumb/v7e-m+fp/hard/crtbegin.o

.rodata         0x08004dc0      0x460
                0x08004dc0                . = ALIGN (0x4)
 *(.rodata)
 .rodata        0x08004dc0       0x54 CMakeFiles/test.elf.dir/Src/freertos.c.obj
 *(.rodata*)
 .rodata.vTaskStartScheduler.str1.4
                0x08004e14        0x5 CMakeFiles/test.elf.dir/Middlewares/Third_Party/FreeRTOS/Source/tasks.c.obj
 *fill*         0x08004e19        0x3 
 .rodata.str1.4
                0x08004e1c       0x1f CMakeFiles/test.elf.dir/Src/freertos.c.obj
 *fill*         0x08004e3b        0x1 
 .rodata.AHBPrescTable
                0x08004e3c       0x10 CMakeFiles/test.elf.dir/Src/system_stm32f4xx.c.obj
                0x08004e3c                AHBPrescTable
 .rodata._global_impure_ptr
                0x08004e4c        0x4 c:/gcc-arm-none-eabi/bin/../lib/gcc/arm-none-eabi/10.3.1/../../../../arm-none-eabi/lib/thumb/v7e-m+fp/hard\libg.a(lib_a-impure.o)
                0x08004e4c                _global_impure_ptr
 .rodata.npio2_hw
                0x08004e50       0x80 c:/gcc-arm-none-eabi/bin/../lib/gcc/arm-none-eabi/10.3.1/../../../../arm-none-eabi/lib/thumb/v7e-m+fp/hard\libm.a(lib_a-ef_rem_pio2.o)
 .rodata.two_over_pi
                0x08004ed0      0x318 c:/gcc-arm-none-eabi/bin/../lib/gcc/arm-none-eabi/10.3.1/../../../../arm-none-eabi/lib/thumb/v7e-m+fp/hard\libm.a(lib_a-ef_rem_pio2.o)
 .rodata.PIo2   0x080051e8       0x2c c:/gcc-arm-none-eabi/bin/../lib/gcc/arm-none-eabi/10.3.1/../../../../arm-none-eabi/lib/thumb/v7e-m+fp/hard\libm.a(lib_a-kf_rem_pio2.o)
 .rodata.init_jk
                0x08005214        0xc c:/gcc-arm-none-eabi/bin/../lib/gcc/arm-none-eabi/10.3.1/../../../../arm-none-eabi/lib/thumb/v7e-m+fp/hard\libm.a(lib_a-kf_rem_pio2.o)
                0x08005220                . = ALIGN (0x4)

.ARM.extab
 *(.ARM.extab* .gnu.linkonce.armextab.*)

.ARM            0x08005220        0x8
                0x08005220                __exidx_start = .
 *(.ARM.exidx*)
 .ARM.exidx     0x08005220        0x8 c:/gcc-arm-none-eabi/bin/../lib/gcc/arm-none-eabi/10.3.1/thumb/v7e-m+fp/hard\libgcc.a(_udivmoddi4.o)
                0x08005228                __exidx_end = .

.rel.dyn        0x08005228        0x0
 .rel.iplt      0x08005228        0x0 c:/gcc-arm-none-eabi/bin/../lib/gcc/arm-none-eabi/10.3.1/thumb/v7e-m+fp/hard/crtbegin.o

.preinit_array  0x08005228        0x0
                0x08005228                PROVIDE (__preinit_array_start = .)
 *(.preinit_array*)
                0x08005228                PROVIDE (__preinit_array_end = .)

.init_array     0x08005228        0x8
                0x08005228                PROVIDE (__init_array_start = .)
 *(SORT_BY_NAME(.init_array.*))
 .init_array.00000
                0x08005228        0x4 c:/gcc-arm-none-eabi/bin/../lib/gcc/arm-none-eabi/10.3.1/../../../../arm-none-eabi/lib/thumb/v7e-m+fp/hard\libg.a(lib_a-__call_atexit.o)
 *(.init_array*)
 .init_array    0x0800522c        0x4 c:/gcc-arm-none-eabi/bin/../lib/gcc/arm-none-eabi/10.3.1/thumb/v7e-m+fp/hard/crtbegin.o
                0x08005230                PROVIDE (__init_array_end = .)

.fini_array     0x08005230        0x4
                0x08005230                PROVIDE (__fini_array_start = .)
 *(SORT_BY_NAME(.fini_array.*))
 *(.fini_array*)
 .fini_array    0x08005230        0x4 c:/gcc-arm-none-eabi/bin/../lib/gcc/arm-none-eabi/10.3.1/thumb/v7e-m+fp/hard/crtbegin.o
                0x08005234                PROVIDE (__fini_array_end = .)
                0x08005234                _sidata = LOADADDR (.data)

.data           0x20000000      0x43c load address 0x08005234
                0x20000000                . = ALIGN (0x4)
                0x20000000                _sdata = .
 *(.data)
 *(.data*)
 .data.uwTickFreq
                0x20000000        0x1 CMakeFiles/test.elf.dir/Drivers/STM32F4xx_HAL_Driver/Src/stm32f4xx_hal.c.obj
                0x20000000                uwTickFreq
 *fill*         0x20000001        0x3 
 .data.uwTickPrio
                0x20000004        0x4 CMakeFiles/test.elf.dir/Drivers/STM32F4xx_HAL_Driver/Src/stm32f4xx_hal.c.obj
                0x20000004                uwTickPrio
 .data.uxCriticalNesting
                0x20000008        0x4 CMakeFiles/test.elf.dir/Middlewares/Third_Party/FreeRTOS/Source/portable/GCC/ARM_CM4F/port.c.obj
 .data.SystemCoreClock
                0x2000000c        0x4 CMakeFiles/test.elf.dir/Src/system_stm32f4xx.c.obj
                0x2000000c                SystemCoreClock
 .data.impure_data
                0x20000010      0x428 c:/gcc-arm-none-eabi/bin/../lib/gcc/arm-none-eabi/10.3.1/../../../../arm-none-eabi/lib/thumb/v7e-m+fp/hard\libg.a(lib_a-impure.o)
 .data.__atexit_recursive_mutex
                0x20000438        0x4 c:/gcc-arm-none-eabi/bin/../lib/gcc/arm-none-eabi/10.3.1/../../../../arm-none-eabi/lib/thumb/v7e-m+fp/hard\libg.a(lib_a-__call_atexit.o)
                0x20000438                __atexit_recursive_mutex
                0x2000043c                . = ALIGN (0x4)
                0x2000043c                _edata = .
                0x08005670                _siccmram = LOADADDR (.ccmram)

.igot.plt       0x2000043c        0x0 load address 0x08005670
 .igot.plt      0x2000043c        0x0 c:/gcc-arm-none-eabi/bin/../lib/gcc/arm-none-eabi/10.3.1/thumb/v7e-m+fp/hard/crtbegin.o

.ccmram         0x10000000        0x0 load address 0x08005670
                0x10000000                . = ALIGN (0x4)
                0x10000000                _sccmram = .
 *(.ccmram)
 *(.ccmram*)
                0x10000000                . = ALIGN (0x4)
                0x10000000                _eccmram = .
                0x10000000                . = ALIGN (0x4)

.bss            0x2000043c     0x5420
                0x2000043c                _sbss = .
                0x2000043c                __bss_start__ = _sbss
 *(.bss)
 .bss           0x2000043c       0x1c c:/gcc-arm-none-eabi/bin/../lib/gcc/arm-none-eabi/10.3.1/thumb/v7e-m+fp/hard/crtbegin.o
 *(.bss*)
 .bss.ChassisMotor
                0x20000458     0x1220 CMakeFiles/test.elf.dir/APP/Chassis.c.obj
                0x20000458                ChassisMotor
 .bss.RotateFollow
                0x20001678       0xaa CMakeFiles/test.elf.dir/APP/Chassis.c.obj
                0x20001678                RotateFollow
 *fill*         0x20001722        0x2 
 .bss.chassis   0x20001724       0x14 CMakeFiles/test.elf.dir/APP/Chassis.c.obj
                0x20001724                chassis
 .bss.chassis_moto_current
                0x20001738        0x8 CMakeFiles/test.elf.dir/APP/Chassis.c.obj
                0x20001738                chassis_moto_current
 .bss.chassis_moto_speed_ref
                0x20001740        0x8 CMakeFiles/test.elf.dir/APP/Chassis.c.obj
                0x20001740                chassis_moto_speed_ref
 .bss.data.0    0x20001748        0x8 CMakeFiles/test.elf.dir/APP/Chassis.c.obj
 .bss.data.1    0x20001750        0x8 CMakeFiles/test.elf.dir/APP/Chassis.c.obj
 .bss.gim       0x20001758       0x14 CMakeFiles/test.elf.dir/APP/Chassis.c.obj
                0x20001758                gim
 .bss.glb_err   0x2000176c       0x68 CMakeFiles/test.elf.dir/APP/Chassis.c.obj
                0x2000176c                glb_err
 .bss.km        0x200017d4       0x1c CMakeFiles/test.elf.dir/APP/Chassis.c.obj
                0x200017d4                km
 .bss.rc        0x200017f0       0x14 CMakeFiles/test.elf.dir/APP/Chassis.c.obj
                0x200017f0                rc
 .bss.spin_flag
                0x20001804        0x1 CMakeFiles/test.elf.dir/APP/Chassis.c.obj
                0x20001804                spin_flag
 *fill*         0x20001805        0x3 
 .bss.yaw_relative_angle
                0x20001808        0x4 CMakeFiles/test.elf.dir/APP/Chassis.c.obj
                0x20001808                yaw_relative_angle
 .bss.RC_Data_Buf.0
                0x2000180c       0x10 CMakeFiles/test.elf.dir/BSP/Src/bsp_can.c.obj
 .bss.can_send_data
                0x2000181c        0x8 CMakeFiles/test.elf.dir/BSP/Src/bsp_can.c.obj
 .bss.tx_message
                0x20001824       0x18 CMakeFiles/test.elf.dir/BSP/Src/bsp_can.c.obj
 .bss.CPU_FREQ_Hz
                0x2000183c        0x4 CMakeFiles/test.elf.dir/BSP/Src/bsp_dwt.c.obj
 .bss.uwTick    0x20001840        0x4 CMakeFiles/test.elf.dir/Drivers/STM32F4xx_HAL_Driver/Src/stm32f4xx_hal.c.obj
                0x20001840                uwTick
 .bss.ucMaxSysCallPriority
                0x20001844        0x1 CMakeFiles/test.elf.dir/Middlewares/Third_Party/FreeRTOS/Source/portable/GCC/ARM_CM4F/port.c.obj
 *fill*         0x20001845        0x3 
 .bss.ulMaxPRIGROUPValue
                0x20001848        0x4 CMakeFiles/test.elf.dir/Middlewares/Third_Party/FreeRTOS/Source/portable/GCC/ARM_CM4F/port.c.obj
 .bss.pxEnd     0x2000184c        0x4 CMakeFiles/test.elf.dir/Middlewares/Third_Party/FreeRTOS/Source/portable/MemMang/heap_4.c.obj
 .bss.ucHeap    0x20001850     0x3c00 CMakeFiles/test.elf.dir/Middlewares/Third_Party/FreeRTOS/Source/portable/MemMang/heap_4.c.obj
 .bss.xBlockAllocatedBit
                0x20005450        0x4 CMakeFiles/test.elf.dir/Middlewares/Third_Party/FreeRTOS/Source/portable/MemMang/heap_4.c.obj
 .bss.xFreeBytesRemaining
                0x20005454        0x4 CMakeFiles/test.elf.dir/Middlewares/Third_Party/FreeRTOS/Source/portable/MemMang/heap_4.c.obj
 .bss.xMinimumEverFreeBytesRemaining
                0x20005458        0x4 CMakeFiles/test.elf.dir/Middlewares/Third_Party/FreeRTOS/Source/portable/MemMang/heap_4.c.obj
 .bss.xStart    0x2000545c        0x8 CMakeFiles/test.elf.dir/Middlewares/Third_Party/FreeRTOS/Source/portable/MemMang/heap_4.c.obj
 .bss.pxCurrentTCB
                0x20005464        0x4 CMakeFiles/test.elf.dir/Middlewares/Third_Party/FreeRTOS/Source/tasks.c.obj
                0x20005464                pxCurrentTCB
 .bss.pxDelayedTaskList
                0x20005468        0x4 CMakeFiles/test.elf.dir/Middlewares/Third_Party/FreeRTOS/Source/tasks.c.obj
 .bss.pxOverflowDelayedTaskList
                0x2000546c        0x4 CMakeFiles/test.elf.dir/Middlewares/Third_Party/FreeRTOS/Source/tasks.c.obj
 .bss.pxReadyTasksLists
                0x20005470       0x8c CMakeFiles/test.elf.dir/Middlewares/Third_Party/FreeRTOS/Source/tasks.c.obj
 .bss.uxCurrentNumberOfTasks
                0x200054fc        0x4 CMakeFiles/test.elf.dir/Middlewares/Third_Party/FreeRTOS/Source/tasks.c.obj
 .bss.uxDeletedTasksWaitingCleanUp
                0x20005500        0x4 CMakeFiles/test.elf.dir/Middlewares/Third_Party/FreeRTOS/Source/tasks.c.obj
 .bss.uxPendedTicks
                0x20005504        0x4 CMakeFiles/test.elf.dir/Middlewares/Third_Party/FreeRTOS/Source/tasks.c.obj
 .bss.uxSchedulerSuspended
                0x20005508        0x4 CMakeFiles/test.elf.dir/Middlewares/Third_Party/FreeRTOS/Source/tasks.c.obj
 .bss.uxTaskNumber
                0x2000550c        0x4 CMakeFiles/test.elf.dir/Middlewares/Third_Party/FreeRTOS/Source/tasks.c.obj
 .bss.uxTopReadyPriority
                0x20005510        0x4 CMakeFiles/test.elf.dir/Middlewares/Third_Party/FreeRTOS/Source/tasks.c.obj
 .bss.xDelayedTaskList1
                0x20005514       0x14 CMakeFiles/test.elf.dir/Middlewares/Third_Party/FreeRTOS/Source/tasks.c.obj
 .bss.xDelayedTaskList2
                0x20005528       0x14 CMakeFiles/test.elf.dir/Middlewares/Third_Party/FreeRTOS/Source/tasks.c.obj
 .bss.xIdleTaskHandle
                0x2000553c        0x4 CMakeFiles/test.elf.dir/Middlewares/Third_Party/FreeRTOS/Source/tasks.c.obj
 .bss.xNextTaskUnblockTime
                0x20005540        0x4 CMakeFiles/test.elf.dir/Middlewares/Third_Party/FreeRTOS/Source/tasks.c.obj
 .bss.xNumOfOverflows
                0x20005544        0x4 CMakeFiles/test.elf.dir/Middlewares/Third_Party/FreeRTOS/Source/tasks.c.obj
 .bss.xPendingReadyList
                0x20005548       0x14 CMakeFiles/test.elf.dir/Middlewares/Third_Party/FreeRTOS/Source/tasks.c.obj
 .bss.xSchedulerRunning
                0x2000555c        0x4 CMakeFiles/test.elf.dir/Middlewares/Third_Party/FreeRTOS/Source/tasks.c.obj
 .bss.xSuspendedTaskList
                0x20005560       0x14 CMakeFiles/test.elf.dir/Middlewares/Third_Party/FreeRTOS/Source/tasks.c.obj
 .bss.xTasksWaitingTermination
                0x20005574       0x14 CMakeFiles/test.elf.dir/Middlewares/Third_Party/FreeRTOS/Source/tasks.c.obj
 .bss.xTickCount
                0x20005588        0x4 CMakeFiles/test.elf.dir/Middlewares/Third_Party/FreeRTOS/Source/tasks.c.obj
 .bss.xYieldPending
                0x2000558c        0x4 CMakeFiles/test.elf.dir/Middlewares/Third_Party/FreeRTOS/Source/tasks.c.obj
 .bss.HAL_RCC_CAN1_CLK_ENABLED
                0x20005590        0x4 CMakeFiles/test.elf.dir/Src/can.c.obj
 .bss.hcan1     0x20005594       0x28 CMakeFiles/test.elf.dir/Src/can.c.obj
                0x20005594                hcan1
 .bss.hcan2     0x200055bc       0x28 CMakeFiles/test.elf.dir/Src/can.c.obj
                0x200055bc                hcan2
 .bss.hcrc      0x200055e4        0x8 CMakeFiles/test.elf.dir/Src/crc.c.obj
                0x200055e4                hcrc
 .bss.ChassisHandle
                0x200055ec        0x4 CMakeFiles/test.elf.dir/Src/freertos.c.obj
                0x200055ec                ChassisHandle
 .bss.DetectHandle
                0x200055f0        0x4 CMakeFiles/test.elf.dir/Src/freertos.c.obj
                0x200055f0                DetectHandle
 .bss.TransmissionHandle
                0x200055f4        0x4 CMakeFiles/test.elf.dir/Src/freertos.c.obj
                0x200055f4                TransmissionHandle
 .bss.xIdleStack
                0x200055f8      0x200 CMakeFiles/test.elf.dir/Src/freertos.c.obj
 .bss.xIdleTaskTCBBuffer
                0x200057f8       0x54 CMakeFiles/test.elf.dir/Src/freertos.c.obj
 .bss.temp_Iout.8
                0x2000584c        0x4 CMakeFiles/test.elf.dir/UserLib/controller.c.obj
 .bss.temp_Output.7
                0x20005850        0x4 CMakeFiles/test.elf.dir/UserLib/controller.c.obj
 .bss.temp.1    0x20005854        0x4 CMakeFiles/test.elf.dir/UserLib/user_lib.c.obj
 .bss.__lock___atexit_recursive_mutex
                0x20005858        0x1 c:/gcc-arm-none-eabi/bin/../lib/gcc/arm-none-eabi/10.3.1/../../../../arm-none-eabi/lib/thumb/v7e-m+fp/hard\libg.a(lib_a-lock.o)
                0x20005858                __lock___atexit_recursive_mutex
 *(COMMON)
                0x2000585c                . = ALIGN (0x4)
 *fill*         0x20005859        0x3 
                0x2000585c                _ebss = .
                0x2000585c                __bss_end__ = _ebss

._user_heap_stack
                0x2000585c      0x604
                0x20005860                . = ALIGN (0x8)
 *fill*         0x2000585c        0x4 
                0x20005860                PROVIDE (end = .)
                [!provide]                PROVIDE (_end = .)
                0x20005a60                . = (. + _Min_Heap_Size)
 *fill*         0x20005860      0x200 
                0x20005e60                . = (. + _Min_Stack_Size)
 *fill*         0x20005a60      0x400 
                0x20005e60                . = ALIGN (0x8)

/DISCARD/
 libc.a(*)
 libm.a(*)
 libgcc.a(*)

.ARM.attributes
                0x00000000       0x30
 *(.ARM.attributes)
 .ARM.attributes
                0x00000000       0x1e c:/gcc-arm-none-eabi/bin/../lib/gcc/arm-none-eabi/10.3.1/thumb/v7e-m+fp/hard/crti.o
 .ARM.attributes
                0x0000001e       0x34 c:/gcc-arm-none-eabi/bin/../lib/gcc/arm-none-eabi/10.3.1/thumb/v7e-m+fp/hard/crtbegin.o
 .ARM.attributes
                0x00000052       0x34 CMakeFiles/test.elf.dir/APP/Chassis.c.obj
 .ARM.attributes
                0x00000086       0x34 CMakeFiles/test.elf.dir/APP/Transmission.c.obj
 .ARM.attributes
                0x000000ba       0x34 CMakeFiles/test.elf.dir/BSP/Src/bsp_can.c.obj
 .ARM.attributes
                0x000000ee       0x34 CMakeFiles/test.elf.dir/BSP/Src/bsp_dwt.c.obj
 .ARM.attributes
                0x00000122       0x34 CMakeFiles/test.elf.dir/Drivers/STM32F4xx_HAL_Driver/Src/stm32f4xx_hal.c.obj
 .ARM.attributes
                0x00000156       0x34 CMakeFiles/test.elf.dir/Drivers/STM32F4xx_HAL_Driver/Src/stm32f4xx_hal_can.c.obj
 .ARM.attributes
                0x0000018a       0x34 CMakeFiles/test.elf.dir/Drivers/STM32F4xx_HAL_Driver/Src/stm32f4xx_hal_cortex.c.obj
 .ARM.attributes
                0x000001be       0x34 CMakeFiles/test.elf.dir/Drivers/STM32F4xx_HAL_Driver/Src/stm32f4xx_hal_crc.c.obj
 .ARM.attributes
                0x000001f2       0x34 CMakeFiles/test.elf.dir/Drivers/STM32F4xx_HAL_Driver/Src/stm32f4xx_hal_gpio.c.obj
 .ARM.attributes
                0x00000226       0x34 CMakeFiles/test.elf.dir/Drivers/STM32F4xx_HAL_Driver/Src/stm32f4xx_hal_rcc.c.obj
 .ARM.attributes
                0x0000025a       0x34 CMakeFiles/test.elf.dir/Middlewares/Third_Party/FreeRTOS/Source/CMSIS_RTOS/cmsis_os.c.obj
 .ARM.attributes
                0x0000028e       0x34 CMakeFiles/test.elf.dir/Middlewares/Third_Party/FreeRTOS/Source/list.c.obj
 .ARM.attributes
                0x000002c2       0x34 CMakeFiles/test.elf.dir/Middlewares/Third_Party/FreeRTOS/Source/portable/GCC/ARM_CM4F/port.c.obj
 .ARM.attributes
                0x000002f6       0x34 CMakeFiles/test.elf.dir/Middlewares/Third_Party/FreeRTOS/Source/portable/MemMang/heap_4.c.obj
 .ARM.attributes
                0x0000032a       0x34 CMakeFiles/test.elf.dir/Middlewares/Third_Party/FreeRTOS/Source/tasks.c.obj
 .ARM.attributes
                0x0000035e       0x34 CMakeFiles/test.elf.dir/Src/can.c.obj
 .ARM.attributes
                0x00000392       0x34 CMakeFiles/test.elf.dir/Src/crc.c.obj
 .ARM.attributes
                0x000003c6       0x34 CMakeFiles/test.elf.dir/Src/freertos.c.obj
 .ARM.attributes
                0x000003fa       0x34 CMakeFiles/test.elf.dir/Src/gpio.c.obj
 .ARM.attributes
                0x0000042e       0x34 CMakeFiles/test.elf.dir/Src/main.c.obj
 .ARM.attributes
                0x00000462       0x34 CMakeFiles/test.elf.dir/Src/stm32f4xx_hal_msp.c.obj
 .ARM.attributes
                0x00000496       0x34 CMakeFiles/test.elf.dir/Src/stm32f4xx_it.c.obj
 .ARM.attributes
                0x000004ca       0x34 CMakeFiles/test.elf.dir/Src/system_stm32f4xx.c.obj
 .ARM.attributes
                0x000004fe       0x34 CMakeFiles/test.elf.dir/UserLib/controller.c.obj
 .ARM.attributes
                0x00000532       0x34 CMakeFiles/test.elf.dir/UserLib/motor.c.obj
 .ARM.attributes
                0x00000566       0x34 CMakeFiles/test.elf.dir/UserLib/user_lib.c.obj
 .ARM.attributes
                0x0000059a       0x21 CMakeFiles/test.elf.dir/startup/startup_stm32f407xx.s.obj
 .ARM.attributes
                0x000005bb       0x1e c:/gcc-arm-none-eabi/bin/../lib/gcc/arm-none-eabi/10.3.1/thumb/v7e-m+fp/hard\libgcc.a(_aeabi_uldivmod.o)
 .ARM.attributes
                0x000005d9       0x34 c:/gcc-arm-none-eabi/bin/../lib/gcc/arm-none-eabi/10.3.1/thumb/v7e-m+fp/hard\libgcc.a(_udivmoddi4.o)
 .ARM.attributes
                0x0000060d       0x1e c:/gcc-arm-none-eabi/bin/../lib/gcc/arm-none-eabi/10.3.1/thumb/v7e-m+fp/hard\libgcc.a(_dvmd_tls.o)
 .ARM.attributes
                0x0000062b       0x34 c:/gcc-arm-none-eabi/bin/../lib/gcc/arm-none-eabi/10.3.1/../../../../arm-none-eabi/lib/thumb/v7e-m+fp/hard\libg.a(lib_a-impure.o)
 .ARM.attributes
                0x0000065f       0x34 c:/gcc-arm-none-eabi/bin/../lib/gcc/arm-none-eabi/10.3.1/../../../../arm-none-eabi/lib/thumb/v7e-m+fp/hard\libg.a(lib_a-init.o)
 .ARM.attributes
                0x00000693       0x34 c:/gcc-arm-none-eabi/bin/../lib/gcc/arm-none-eabi/10.3.1/../../../../arm-none-eabi/lib/thumb/v7e-m+fp/hard\libg.a(lib_a-memset.o)
 .ARM.attributes
                0x000006c7       0x34 c:/gcc-arm-none-eabi/bin/../lib/gcc/arm-none-eabi/10.3.1/../../../../arm-none-eabi/lib/thumb/v7e-m+fp/hard\libg.a(lib_a-__call_atexit.o)
 .ARM.attributes
                0x000006fb       0x34 c:/gcc-arm-none-eabi/bin/../lib/gcc/arm-none-eabi/10.3.1/../../../../arm-none-eabi/lib/thumb/v7e-m+fp/hard\libg.a(lib_a-atexit.o)
 .ARM.attributes
                0x0000072f       0x34 c:/gcc-arm-none-eabi/bin/../lib/gcc/arm-none-eabi/10.3.1/../../../../arm-none-eabi/lib/thumb/v7e-m+fp/hard\libg.a(lib_a-fini.o)
 .ARM.attributes
                0x00000763       0x34 c:/gcc-arm-none-eabi/bin/../lib/gcc/arm-none-eabi/10.3.1/../../../../arm-none-eabi/lib/thumb/v7e-m+fp/hard\libg.a(lib_a-lock.o)
 .ARM.attributes
                0x00000797       0x34 c:/gcc-arm-none-eabi/bin/../lib/gcc/arm-none-eabi/10.3.1/../../../../arm-none-eabi/lib/thumb/v7e-m+fp/hard\libg.a(lib_a-__atexit.o)
 .ARM.attributes
                0x000007cb       0x1e c:/gcc-arm-none-eabi/bin/../lib/gcc/arm-none-eabi/10.3.1/thumb/v7e-m+fp/hard/crtn.o
OUTPUT(test.elf elf32-littlearm)
LOAD linker stubs
LOAD c:/gcc-arm-none-eabi/bin/../lib/gcc/arm-none-eabi/10.3.1/../../../../arm-none-eabi/lib/thumb/v7e-m+fp/hard\libc.a
LOAD c:/gcc-arm-none-eabi/bin/../lib/gcc/arm-none-eabi/10.3.1/../../../../arm-none-eabi/lib/thumb/v7e-m+fp/hard\libm.a
LOAD c:/gcc-arm-none-eabi/bin/../lib/gcc/arm-none-eabi/10.3.1/thumb/v7e-m+fp/hard\libgcc.a

.debug_info     0x00000000    0x11c7d
 .debug_info    0x00000000     0x1a44 CMakeFiles/test.elf.dir/APP/Chassis.c.obj
 .debug_info    0x00001a44      0x1db CMakeFiles/test.elf.dir/APP/Transmission.c.obj
 .debug_info    0x00001c1f      0x85c CMakeFiles/test.elf.dir/BSP/Src/bsp_can.c.obj
 .debug_info    0x0000247b      0x3f3 CMakeFiles/test.elf.dir/BSP/Src/bsp_dwt.c.obj
 .debug_info    0x0000286e      0x9f0 CMakeFiles/test.elf.dir/Drivers/STM32F4xx_HAL_Driver/Src/stm32f4xx_hal.c.obj
 .debug_info    0x0000325e     0x126a CMakeFiles/test.elf.dir/Drivers/STM32F4xx_HAL_Driver/Src/stm32f4xx_hal_can.c.obj
 .debug_info    0x000044c8     0x1098 CMakeFiles/test.elf.dir/Drivers/STM32F4xx_HAL_Driver/Src/stm32f4xx_hal_cortex.c.obj
 .debug_info    0x00005560      0x3e9 CMakeFiles/test.elf.dir/Drivers/STM32F4xx_HAL_Driver/Src/stm32f4xx_hal_crc.c.obj
 .debug_info    0x00005949      0x79b CMakeFiles/test.elf.dir/Drivers/STM32F4xx_HAL_Driver/Src/stm32f4xx_hal_gpio.c.obj
 .debug_info    0x000060e4      0xb03 CMakeFiles/test.elf.dir/Drivers/STM32F4xx_HAL_Driver/Src/stm32f4xx_hal_rcc.c.obj
 .debug_info    0x00006be7     0x222b CMakeFiles/test.elf.dir/Middlewares/Third_Party/FreeRTOS/Source/CMSIS_RTOS/cmsis_os.c.obj
 .debug_info    0x00008e12      0x2e0 CMakeFiles/test.elf.dir/Middlewares/Third_Party/FreeRTOS/Source/list.c.obj
 .debug_info    0x000090f2      0x587 CMakeFiles/test.elf.dir/Middlewares/Third_Party/FreeRTOS/Source/portable/GCC/ARM_CM4F/port.c.obj
 .debug_info    0x00009679      0x471 CMakeFiles/test.elf.dir/Middlewares/Third_Party/FreeRTOS/Source/portable/MemMang/heap_4.c.obj
 .debug_info    0x00009aea     0x2877 CMakeFiles/test.elf.dir/Middlewares/Third_Party/FreeRTOS/Source/tasks.c.obj
 .debug_info    0x0000c361      0xcb4 CMakeFiles/test.elf.dir/Src/can.c.obj
 .debug_info    0x0000d015      0x48d CMakeFiles/test.elf.dir/Src/crc.c.obj
 .debug_info    0x0000d4a2      0x546 CMakeFiles/test.elf.dir/Src/freertos.c.obj
 .debug_info    0x0000d9e8      0x479 CMakeFiles/test.elf.dir/Src/gpio.c.obj
 .debug_info    0x0000de61      0x6ab CMakeFiles/test.elf.dir/Src/main.c.obj
 .debug_info    0x0000e50c      0x4f8 CMakeFiles/test.elf.dir/Src/stm32f4xx_hal_msp.c.obj
 .debug_info    0x0000ea04      0x5a8 CMakeFiles/test.elf.dir/Src/stm32f4xx_it.c.obj
 .debug_info    0x0000efac      0x538 CMakeFiles/test.elf.dir/Src/system_stm32f4xx.c.obj
 .debug_info    0x0000f4e4     0x13bf CMakeFiles/test.elf.dir/UserLib/controller.c.obj
 .debug_info    0x000108a3      0xba3 CMakeFiles/test.elf.dir/UserLib/motor.c.obj
 .debug_info    0x00011446      0x815 CMakeFiles/test.elf.dir/UserLib/user_lib.c.obj
 .debug_info    0x00011c5b       0x22 CMakeFiles/test.elf.dir/startup/startup_stm32f407xx.s.obj

.debug_abbrev   0x00000000     0x34cb
 .debug_abbrev  0x00000000      0x3d5 CMakeFiles/test.elf.dir/APP/Chassis.c.obj
 .debug_abbrev  0x000003d5      0x11a CMakeFiles/test.elf.dir/APP/Transmission.c.obj
 .debug_abbrev  0x000004ef      0x1f2 CMakeFiles/test.elf.dir/BSP/Src/bsp_can.c.obj
 .debug_abbrev  0x000006e1      0x12d CMakeFiles/test.elf.dir/BSP/Src/bsp_dwt.c.obj
 .debug_abbrev  0x0000080e      0x206 CMakeFiles/test.elf.dir/Drivers/STM32F4xx_HAL_Driver/Src/stm32f4xx_hal.c.obj
 .debug_abbrev  0x00000a14      0x267 CMakeFiles/test.elf.dir/Drivers/STM32F4xx_HAL_Driver/Src/stm32f4xx_hal_can.c.obj
 .debug_abbrev  0x00000c7b      0x36a CMakeFiles/test.elf.dir/Drivers/STM32F4xx_HAL_Driver/Src/stm32f4xx_hal_cortex.c.obj
 .debug_abbrev  0x00000fe5      0x1c2 CMakeFiles/test.elf.dir/Drivers/STM32F4xx_HAL_Driver/Src/stm32f4xx_hal_crc.c.obj
 .debug_abbrev  0x000011a7      0x1ef CMakeFiles/test.elf.dir/Drivers/STM32F4xx_HAL_Driver/Src/stm32f4xx_hal_gpio.c.obj
 .debug_abbrev  0x00001396      0x28a CMakeFiles/test.elf.dir/Drivers/STM32F4xx_HAL_Driver/Src/stm32f4xx_hal_rcc.c.obj
 .debug_abbrev  0x00001620      0x35b CMakeFiles/test.elf.dir/Middlewares/Third_Party/FreeRTOS/Source/CMSIS_RTOS/cmsis_os.c.obj
 .debug_abbrev  0x0000197b      0x106 CMakeFiles/test.elf.dir/Middlewares/Third_Party/FreeRTOS/Source/list.c.obj
 .debug_abbrev  0x00001a81      0x26b CMakeFiles/test.elf.dir/Middlewares/Third_Party/FreeRTOS/Source/portable/GCC/ARM_CM4F/port.c.obj
 .debug_abbrev  0x00001cec      0x238 CMakeFiles/test.elf.dir/Middlewares/Third_Party/FreeRTOS/Source/portable/MemMang/heap_4.c.obj
 .debug_abbrev  0x00001f24      0x313 CMakeFiles/test.elf.dir/Middlewares/Third_Party/FreeRTOS/Source/tasks.c.obj
 .debug_abbrev  0x00002237      0x1f6 CMakeFiles/test.elf.dir/Src/can.c.obj
 .debug_abbrev  0x0000242d      0x177 CMakeFiles/test.elf.dir/Src/crc.c.obj
 .debug_abbrev  0x000025a4      0x172 CMakeFiles/test.elf.dir/Src/freertos.c.obj
 .debug_abbrev  0x00002716      0x14e CMakeFiles/test.elf.dir/Src/gpio.c.obj
 .debug_abbrev  0x00002864      0x1c6 CMakeFiles/test.elf.dir/Src/main.c.obj
 .debug_abbrev  0x00002a2a      0x119 CMakeFiles/test.elf.dir/Src/stm32f4xx_hal_msp.c.obj
 .debug_abbrev  0x00002b43      0x195 CMakeFiles/test.elf.dir/Src/stm32f4xx_it.c.obj
 .debug_abbrev  0x00002cd8      0x119 CMakeFiles/test.elf.dir/Src/system_stm32f4xx.c.obj
 .debug_abbrev  0x00002df1      0x2b6 CMakeFiles/test.elf.dir/UserLib/controller.c.obj
 .debug_abbrev  0x000030a7      0x1ea CMakeFiles/test.elf.dir/UserLib/motor.c.obj
 .debug_abbrev  0x00003291      0x228 CMakeFiles/test.elf.dir/UserLib/user_lib.c.obj
 .debug_abbrev  0x000034b9       0x12 CMakeFiles/test.elf.dir/startup/startup_stm32f407xx.s.obj

.debug_loc      0x00000000     0x7147
 .debug_loc     0x00000000      0x291 CMakeFiles/test.elf.dir/APP/Chassis.c.obj
 .debug_loc     0x00000291       0x25 CMakeFiles/test.elf.dir/APP/Transmission.c.obj
 .debug_loc     0x000002b6       0x48 CMakeFiles/test.elf.dir/BSP/Src/bsp_can.c.obj
 .debug_loc     0x000002fe       0x9b CMakeFiles/test.elf.dir/BSP/Src/bsp_dwt.c.obj
 .debug_loc     0x00000399      0x141 CMakeFiles/test.elf.dir/Drivers/STM32F4xx_HAL_Driver/Src/stm32f4xx_hal.c.obj
 .debug_loc     0x000004da      0xde6 CMakeFiles/test.elf.dir/Drivers/STM32F4xx_HAL_Driver/Src/stm32f4xx_hal_can.c.obj
 .debug_loc     0x000012c0      0x744 CMakeFiles/test.elf.dir/Drivers/STM32F4xx_HAL_Driver/Src/stm32f4xx_hal_cortex.c.obj
 .debug_loc     0x00001a04      0x213 CMakeFiles/test.elf.dir/Drivers/STM32F4xx_HAL_Driver/Src/stm32f4xx_hal_crc.c.obj
 .debug_loc     0x00001c17      0x4ff CMakeFiles/test.elf.dir/Drivers/STM32F4xx_HAL_Driver/Src/stm32f4xx_hal_gpio.c.obj
 .debug_loc     0x00002116      0x58c CMakeFiles/test.elf.dir/Drivers/STM32F4xx_HAL_Driver/Src/stm32f4xx_hal_rcc.c.obj
 .debug_loc     0x000026a2     0x12e6 CMakeFiles/test.elf.dir/Middlewares/Third_Party/FreeRTOS/Source/CMSIS_RTOS/cmsis_os.c.obj
 .debug_loc     0x00003988       0xad CMakeFiles/test.elf.dir/Middlewares/Third_Party/FreeRTOS/Source/list.c.obj
 .debug_loc     0x00003a35      0x124 CMakeFiles/test.elf.dir/Middlewares/Third_Party/FreeRTOS/Source/portable/GCC/ARM_CM4F/port.c.obj
 .debug_loc     0x00003b59      0x331 CMakeFiles/test.elf.dir/Middlewares/Third_Party/FreeRTOS/Source/portable/MemMang/heap_4.c.obj
 .debug_loc     0x00003e8a     0x1dc0 CMakeFiles/test.elf.dir/Middlewares/Third_Party/FreeRTOS/Source/tasks.c.obj
 .debug_loc     0x00005c4a       0xcb CMakeFiles/test.elf.dir/Src/can.c.obj
 .debug_loc     0x00005d15       0x6f CMakeFiles/test.elf.dir/Src/freertos.c.obj
 .debug_loc     0x00005d84      0x158 CMakeFiles/test.elf.dir/Src/system_stm32f4xx.c.obj
 .debug_loc     0x00005edc      0xb46 CMakeFiles/test.elf.dir/UserLib/controller.c.obj
 .debug_loc     0x00006a22      0x219 CMakeFiles/test.elf.dir/UserLib/motor.c.obj
 .debug_loc     0x00006c3b      0x50c CMakeFiles/test.elf.dir/UserLib/user_lib.c.obj

.debug_aranges  0x00000000      0xce8
 .debug_aranges
                0x00000000       0x70 CMakeFiles/test.elf.dir/APP/Chassis.c.obj
 .debug_aranges
                0x00000070       0x20 CMakeFiles/test.elf.dir/APP/Transmission.c.obj
 .debug_aranges
                0x00000090       0x30 CMakeFiles/test.elf.dir/BSP/Src/bsp_can.c.obj
 .debug_aranges
                0x000000c0       0x38 CMakeFiles/test.elf.dir/BSP/Src/bsp_dwt.c.obj
 .debug_aranges
                0x000000f8       0xf0 CMakeFiles/test.elf.dir/Drivers/STM32F4xx_HAL_Driver/Src/stm32f4xx_hal.c.obj
 .debug_aranges
                0x000001e8      0x138 CMakeFiles/test.elf.dir/Drivers/STM32F4xx_HAL_Driver/Src/stm32f4xx_hal_can.c.obj
 .debug_aranges
                0x00000320       0xa8 CMakeFiles/test.elf.dir/Drivers/STM32F4xx_HAL_Driver/Src/stm32f4xx_hal_cortex.c.obj
 .debug_aranges
                0x000003c8       0x50 CMakeFiles/test.elf.dir/Drivers/STM32F4xx_HAL_Driver/Src/stm32f4xx_hal_crc.c.obj
 .debug_aranges
                0x00000418       0x58 CMakeFiles/test.elf.dir/Drivers/STM32F4xx_HAL_Driver/Src/stm32f4xx_hal_gpio.c.obj
 .debug_aranges
                0x00000470       0x88 CMakeFiles/test.elf.dir/Drivers/STM32F4xx_HAL_Driver/Src/stm32f4xx_hal_rcc.c.obj
 .debug_aranges
                0x000004f8      0x1d8 CMakeFiles/test.elf.dir/Middlewares/Third_Party/FreeRTOS/Source/CMSIS_RTOS/cmsis_os.c.obj
 .debug_aranges
                0x000006d0       0x40 CMakeFiles/test.elf.dir/Middlewares/Third_Party/FreeRTOS/Source/list.c.obj
 .debug_aranges
                0x00000710       0x80 CMakeFiles/test.elf.dir/Middlewares/Third_Party/FreeRTOS/Source/portable/GCC/ARM_CM4F/port.c.obj
 .debug_aranges
                0x00000790       0x50 CMakeFiles/test.elf.dir/Middlewares/Third_Party/FreeRTOS/Source/portable/MemMang/heap_4.c.obj
 .debug_aranges
                0x000007e0      0x1a8 CMakeFiles/test.elf.dir/Middlewares/Third_Party/FreeRTOS/Source/tasks.c.obj
 .debug_aranges
                0x00000988       0x38 CMakeFiles/test.elf.dir/Src/can.c.obj
 .debug_aranges
                0x000009c0       0x30 CMakeFiles/test.elf.dir/Src/crc.c.obj
 .debug_aranges
                0x000009f0       0x40 CMakeFiles/test.elf.dir/Src/freertos.c.obj
 .debug_aranges
                0x00000a30       0x20 CMakeFiles/test.elf.dir/Src/gpio.c.obj
 .debug_aranges
                0x00000a50       0x30 CMakeFiles/test.elf.dir/Src/main.c.obj
 .debug_aranges
                0x00000a80       0x20 CMakeFiles/test.elf.dir/Src/stm32f4xx_hal_msp.c.obj
 .debug_aranges
                0x00000aa0       0x60 CMakeFiles/test.elf.dir/Src/stm32f4xx_it.c.obj
 .debug_aranges
                0x00000b00       0x28 CMakeFiles/test.elf.dir/Src/system_stm32f4xx.c.obj
 .debug_aranges
                0x00000b28       0xc0 CMakeFiles/test.elf.dir/UserLib/controller.c.obj
 .debug_aranges
                0x00000be8       0x40 CMakeFiles/test.elf.dir/UserLib/motor.c.obj
 .debug_aranges
                0x00000c28       0x98 CMakeFiles/test.elf.dir/UserLib/user_lib.c.obj
 .debug_aranges
                0x00000cc0       0x28 CMakeFiles/test.elf.dir/startup/startup_stm32f407xx.s.obj

.debug_ranges   0x00000000      0xcb8
 .debug_ranges  0x00000000       0x78 CMakeFiles/test.elf.dir/APP/Chassis.c.obj
 .debug_ranges  0x00000078       0x10 CMakeFiles/test.elf.dir/APP/Transmission.c.obj
 .debug_ranges  0x00000088       0x20 CMakeFiles/test.elf.dir/BSP/Src/bsp_can.c.obj
 .debug_ranges  0x000000a8       0x28 CMakeFiles/test.elf.dir/BSP/Src/bsp_dwt.c.obj
 .debug_ranges  0x000000d0       0xe0 CMakeFiles/test.elf.dir/Drivers/STM32F4xx_HAL_Driver/Src/stm32f4xx_hal.c.obj
 .debug_ranges  0x000001b0      0x128 CMakeFiles/test.elf.dir/Drivers/STM32F4xx_HAL_Driver/Src/stm32f4xx_hal_can.c.obj
 .debug_ranges  0x000002d8       0xf8 CMakeFiles/test.elf.dir/Drivers/STM32F4xx_HAL_Driver/Src/stm32f4xx_hal_cortex.c.obj
 .debug_ranges  0x000003d0       0x40 CMakeFiles/test.elf.dir/Drivers/STM32F4xx_HAL_Driver/Src/stm32f4xx_hal_crc.c.obj
 .debug_ranges  0x00000410       0x48 CMakeFiles/test.elf.dir/Drivers/STM32F4xx_HAL_Driver/Src/stm32f4xx_hal_gpio.c.obj
 .debug_ranges  0x00000458       0x90 CMakeFiles/test.elf.dir/Drivers/STM32F4xx_HAL_Driver/Src/stm32f4xx_hal_rcc.c.obj
 .debug_ranges  0x000004e8      0x1c8 CMakeFiles/test.elf.dir/Middlewares/Third_Party/FreeRTOS/Source/CMSIS_RTOS/cmsis_os.c.obj
 .debug_ranges  0x000006b0       0x30 CMakeFiles/test.elf.dir/Middlewares/Third_Party/FreeRTOS/Source/list.c.obj
 .debug_ranges  0x000006e0       0x88 CMakeFiles/test.elf.dir/Middlewares/Third_Party/FreeRTOS/Source/portable/GCC/ARM_CM4F/port.c.obj
 .debug_ranges  0x00000768       0x40 CMakeFiles/test.elf.dir/Middlewares/Third_Party/FreeRTOS/Source/portable/MemMang/heap_4.c.obj
 .debug_ranges  0x000007a8      0x268 CMakeFiles/test.elf.dir/Middlewares/Third_Party/FreeRTOS/Source/tasks.c.obj
 .debug_ranges  0x00000a10       0x28 CMakeFiles/test.elf.dir/Src/can.c.obj
 .debug_ranges  0x00000a38       0x20 CMakeFiles/test.elf.dir/Src/crc.c.obj
 .debug_ranges  0x00000a58       0x30 CMakeFiles/test.elf.dir/Src/freertos.c.obj
 .debug_ranges  0x00000a88       0x10 CMakeFiles/test.elf.dir/Src/gpio.c.obj
 .debug_ranges  0x00000a98       0x20 CMakeFiles/test.elf.dir/Src/main.c.obj
 .debug_ranges  0x00000ab8       0x10 CMakeFiles/test.elf.dir/Src/stm32f4xx_hal_msp.c.obj
 .debug_ranges  0x00000ac8       0x50 CMakeFiles/test.elf.dir/Src/stm32f4xx_it.c.obj
 .debug_ranges  0x00000b18       0x18 CMakeFiles/test.elf.dir/Src/system_stm32f4xx.c.obj
 .debug_ranges  0x00000b30       0xb0 CMakeFiles/test.elf.dir/UserLib/controller.c.obj
 .debug_ranges  0x00000be0       0x30 CMakeFiles/test.elf.dir/UserLib/motor.c.obj
 .debug_ranges  0x00000c10       0x88 CMakeFiles/test.elf.dir/UserLib/user_lib.c.obj
 .debug_ranges  0x00000c98       0x20 CMakeFiles/test.elf.dir/startup/startup_stm32f407xx.s.obj

.debug_line     0x00000000     0xc833
 .debug_line    0x00000000      0x990 CMakeFiles/test.elf.dir/APP/Chassis.c.obj
 .debug_line    0x00000990      0x211 CMakeFiles/test.elf.dir/APP/Transmission.c.obj
 .debug_line    0x00000ba1      0x486 CMakeFiles/test.elf.dir/BSP/Src/bsp_can.c.obj
 .debug_line    0x00001027      0x23a CMakeFiles/test.elf.dir/BSP/Src/bsp_dwt.c.obj
 .debug_line    0x00001261      0x5a1 CMakeFiles/test.elf.dir/Drivers/STM32F4xx_HAL_Driver/Src/stm32f4xx_hal.c.obj
 .debug_line    0x00001802     0x1119 CMakeFiles/test.elf.dir/Drivers/STM32F4xx_HAL_Driver/Src/stm32f4xx_hal_can.c.obj
 .debug_line    0x0000291b      0x7b4 CMakeFiles/test.elf.dir/Drivers/STM32F4xx_HAL_Driver/Src/stm32f4xx_hal_cortex.c.obj
 .debug_line    0x000030cf      0x3ef CMakeFiles/test.elf.dir/Drivers/STM32F4xx_HAL_Driver/Src/stm32f4xx_hal_crc.c.obj
 .debug_line    0x000034be      0x6fa CMakeFiles/test.elf.dir/Drivers/STM32F4xx_HAL_Driver/Src/stm32f4xx_hal_gpio.c.obj
 .debug_line    0x00003bb8      0xb2f CMakeFiles/test.elf.dir/Drivers/STM32F4xx_HAL_Driver/Src/stm32f4xx_hal_rcc.c.obj
 .debug_line    0x000046e7     0x11c6 CMakeFiles/test.elf.dir/Middlewares/Third_Party/FreeRTOS/Source/CMSIS_RTOS/cmsis_os.c.obj
 .debug_line    0x000058ad      0x377 CMakeFiles/test.elf.dir/Middlewares/Third_Party/FreeRTOS/Source/list.c.obj
 .debug_line    0x00005c24      0x723 CMakeFiles/test.elf.dir/Middlewares/Third_Party/FreeRTOS/Source/portable/GCC/ARM_CM4F/port.c.obj
 .debug_line    0x00006347      0x655 CMakeFiles/test.elf.dir/Middlewares/Third_Party/FreeRTOS/Source/portable/MemMang/heap_4.c.obj
 .debug_line    0x0000699c     0x23d6 CMakeFiles/test.elf.dir/Middlewares/Third_Party/FreeRTOS/Source/tasks.c.obj
 .debug_line    0x00008d72      0x4f5 CMakeFiles/test.elf.dir/Src/can.c.obj
 .debug_line    0x00009267      0x247 CMakeFiles/test.elf.dir/Src/crc.c.obj
 .debug_line    0x000094ae      0x2e4 CMakeFiles/test.elf.dir/Src/freertos.c.obj
 .debug_line    0x00009792      0x1d5 CMakeFiles/test.elf.dir/Src/gpio.c.obj
 .debug_line    0x00009967      0x423 CMakeFiles/test.elf.dir/Src/main.c.obj
 .debug_line    0x00009d8a      0x1b0 CMakeFiles/test.elf.dir/Src/stm32f4xx_hal_msp.c.obj
 .debug_line    0x00009f3a      0x3c8 CMakeFiles/test.elf.dir/Src/stm32f4xx_it.c.obj
 .debug_line    0x0000a302      0x271 CMakeFiles/test.elf.dir/Src/system_stm32f4xx.c.obj
 .debug_line    0x0000a573     0x13c4 CMakeFiles/test.elf.dir/UserLib/controller.c.obj
 .debug_line    0x0000b937      0x32a CMakeFiles/test.elf.dir/UserLib/motor.c.obj
 .debug_line    0x0000bc61      0xb39 CMakeFiles/test.elf.dir/UserLib/user_lib.c.obj
 .debug_line    0x0000c79a       0x99 CMakeFiles/test.elf.dir/startup/startup_stm32f407xx.s.obj

.debug_str      0x00000000     0x5311
 .debug_str     0x00000000     0x1018 CMakeFiles/test.elf.dir/APP/Chassis.c.obj
                               0x11ad (size before relaxing)
 .debug_str     0x00001018       0x8c CMakeFiles/test.elf.dir/APP/Transmission.c.obj
                                0x26e (size before relaxing)
 .debug_str     0x000010a4      0x202 CMakeFiles/test.elf.dir/BSP/Src/bsp_can.c.obj
                                0x6e3 (size before relaxing)
 .debug_str     0x000012a6      0x277 CMakeFiles/test.elf.dir/BSP/Src/bsp_dwt.c.obj
                                0x39b (size before relaxing)
 .debug_str     0x0000151d      0x957 CMakeFiles/test.elf.dir/Drivers/STM32F4xx_HAL_Driver/Src/stm32f4xx_hal.c.obj
                                0xba3 (size before relaxing)
 .debug_str     0x00001e74      0x425 CMakeFiles/test.elf.dir/Drivers/STM32F4xx_HAL_Driver/Src/stm32f4xx_hal_can.c.obj
                                0xa94 (size before relaxing)
 .debug_str     0x00002299      0x4b3 CMakeFiles/test.elf.dir/Drivers/STM32F4xx_HAL_Driver/Src/stm32f4xx_hal_cortex.c.obj
                                0xc75 (size before relaxing)
 .debug_str     0x0000274c      0x1b1 CMakeFiles/test.elf.dir/Drivers/STM32F4xx_HAL_Driver/Src/stm32f4xx_hal_crc.c.obj
                                0x3ec (size before relaxing)
 .debug_str     0x000028fd      0x1a4 CMakeFiles/test.elf.dir/Drivers/STM32F4xx_HAL_Driver/Src/stm32f4xx_hal_gpio.c.obj
                                0x529 (size before relaxing)
 .debug_str     0x00002aa1      0x331 CMakeFiles/test.elf.dir/Drivers/STM32F4xx_HAL_Driver/Src/stm32f4xx_hal_rcc.c.obj
                                0x74f (size before relaxing)
 .debug_str     0x00002dd2      0xd63 CMakeFiles/test.elf.dir/Middlewares/Third_Party/FreeRTOS/Source/CMSIS_RTOS/cmsis_os.c.obj
                               0x1096 (size before relaxing)
 .debug_str     0x00003b35      0x154 CMakeFiles/test.elf.dir/Middlewares/Third_Party/FreeRTOS/Source/list.c.obj
                                0x34b (size before relaxing)
 .debug_str     0x00003c89      0x254 CMakeFiles/test.elf.dir/Middlewares/Third_Party/FreeRTOS/Source/portable/GCC/ARM_CM4F/port.c.obj
                                0x4cb (size before relaxing)
 .debug_str     0x00003edd      0x203 CMakeFiles/test.elf.dir/Middlewares/Third_Party/FreeRTOS/Source/portable/MemMang/heap_4.c.obj
                                0x434 (size before relaxing)
 .debug_str     0x000040e0      0x900 CMakeFiles/test.elf.dir/Middlewares/Third_Party/FreeRTOS/Source/tasks.c.obj
                               0x101f (size before relaxing)
 .debug_str     0x000049e0       0x73 CMakeFiles/test.elf.dir/Src/can.c.obj
                                0xbc5 (size before relaxing)
 .debug_str     0x00004a53       0x3e CMakeFiles/test.elf.dir/Src/crc.c.obj
                                0x45d (size before relaxing)
 .debug_str     0x00004a91       0xfc CMakeFiles/test.elf.dir/Src/freertos.c.obj
                                0x55c (size before relaxing)
 .debug_str     0x00004b8d       0x36 CMakeFiles/test.elf.dir/Src/gpio.c.obj
                                0x3b0 (size before relaxing)
 .debug_str     0x00004bc3       0x60 CMakeFiles/test.elf.dir/Src/main.c.obj
                                0x585 (size before relaxing)
 .debug_str     0x00004c23       0x36 CMakeFiles/test.elf.dir/Src/stm32f4xx_hal_msp.c.obj
                                0x802 (size before relaxing)
 .debug_str     0x00004c59       0xce CMakeFiles/test.elf.dir/Src/stm32f4xx_it.c.obj
                                0x588 (size before relaxing)
 .debug_str     0x00004d27       0x60 CMakeFiles/test.elf.dir/Src/system_stm32f4xx.c.obj
                                0x3b9 (size before relaxing)
 .debug_str     0x00004d87      0x37b CMakeFiles/test.elf.dir/UserLib/controller.c.obj
                                0x9e7 (size before relaxing)
 .debug_str     0x00005102       0xc6 CMakeFiles/test.elf.dir/UserLib/motor.c.obj
                                0x7cd (size before relaxing)
 .debug_str     0x000051c8       0xff CMakeFiles/test.elf.dir/UserLib/user_lib.c.obj
                                0x3cf (size before relaxing)
 .debug_str     0x000052c7       0x4a CMakeFiles/test.elf.dir/startup/startup_stm32f407xx.s.obj
                                 0x86 (size before relaxing)

.comment        0x00000000       0x96
 .comment       0x00000000       0x49 CMakeFiles/test.elf.dir/APP/Chassis.c.obj
                                 0x4a (size before relaxing)
 .comment       0x00000049       0x4a CMakeFiles/test.elf.dir/APP/Transmission.c.obj
 .comment       0x00000049       0x4a CMakeFiles/test.elf.dir/BSP/Src/bsp_can.c.obj
 .comment       0x00000049       0x4d CMakeFiles/test.elf.dir/BSP/Src/bsp_dwt.c.obj
                                 0x4e (size before relaxing)
 .comment       0x00000096       0x4e CMakeFiles/test.elf.dir/Drivers/STM32F4xx_HAL_Driver/Src/stm32f4xx_hal.c.obj
 .comment       0x00000096       0x4e CMakeFiles/test.elf.dir/Drivers/STM32F4xx_HAL_Driver/Src/stm32f4xx_hal_can.c.obj
 .comment       0x00000096       0x4e CMakeFiles/test.elf.dir/Drivers/STM32F4xx_HAL_Driver/Src/stm32f4xx_hal_cortex.c.obj
 .comment       0x00000096       0x4e CMakeFiles/test.elf.dir/Drivers/STM32F4xx_HAL_Driver/Src/stm32f4xx_hal_crc.c.obj
 .comment       0x00000096       0x4e CMakeFiles/test.elf.dir/Drivers/STM32F4xx_HAL_Driver/Src/stm32f4xx_hal_gpio.c.obj
 .comment       0x00000096       0x4e CMakeFiles/test.elf.dir/Drivers/STM32F4xx_HAL_Driver/Src/stm32f4xx_hal_rcc.c.obj
 .comment       0x00000096       0x4e CMakeFiles/test.elf.dir/Middlewares/Third_Party/FreeRTOS/Source/CMSIS_RTOS/cmsis_os.c.obj
 .comment       0x00000096       0x4e CMakeFiles/test.elf.dir/Middlewares/Third_Party/FreeRTOS/Source/list.c.obj
 .comment       0x00000096       0x4e CMakeFiles/test.elf.dir/Middlewares/Third_Party/FreeRTOS/Source/portable/GCC/ARM_CM4F/port.c.obj
 .comment       0x00000096       0x4e CMakeFiles/test.elf.dir/Middlewares/Third_Party/FreeRTOS/Source/portable/MemMang/heap_4.c.obj
 .comment       0x00000096       0x4e CMakeFiles/test.elf.dir/Middlewares/Third_Party/FreeRTOS/Source/tasks.c.obj
 .comment       0x00000096       0x4e CMakeFiles/test.elf.dir/Src/can.c.obj
 .comment       0x00000096       0x4e CMakeFiles/test.elf.dir/Src/crc.c.obj
 .comment       0x00000096       0x4e CMakeFiles/test.elf.dir/Src/freertos.c.obj
 .comment       0x00000096       0x4e CMakeFiles/test.elf.dir/Src/gpio.c.obj
 .comment       0x00000096       0x4a CMakeFiles/test.elf.dir/Src/main.c.obj
 .comment       0x00000096       0x4e CMakeFiles/test.elf.dir/Src/stm32f4xx_hal_msp.c.obj
 .comment       0x00000096       0x4e CMakeFiles/test.elf.dir/Src/stm32f4xx_it.c.obj
 .comment       0x00000096       0x4e CMakeFiles/test.elf.dir/Src/system_stm32f4xx.c.obj
 .comment       0x00000096       0x4a CMakeFiles/test.elf.dir/UserLib/controller.c.obj
 .comment       0x00000096       0x4a CMakeFiles/test.elf.dir/UserLib/motor.c.obj
 .comment       0x00000096       0x4e CMakeFiles/test.elf.dir/UserLib/user_lib.c.obj

.debug_frame    0x00000000     0x221c
 .debug_frame   0x00000000      0x134 CMakeFiles/test.elf.dir/APP/Chassis.c.obj
 .debug_frame   0x00000134       0x28 CMakeFiles/test.elf.dir/APP/Transmission.c.obj
 .debug_frame   0x0000015c       0x74 CMakeFiles/test.elf.dir/BSP/Src/bsp_can.c.obj
 .debug_frame   0x000001d0       0x88 CMakeFiles/test.elf.dir/BSP/Src/bsp_dwt.c.obj
 .debug_frame   0x00000258      0x1ec CMakeFiles/test.elf.dir/Drivers/STM32F4xx_HAL_Driver/Src/stm32f4xx_hal.c.obj
 .debug_frame   0x00000444      0x2d8 CMakeFiles/test.elf.dir/Drivers/STM32F4xx_HAL_Driver/Src/stm32f4xx_hal_can.c.obj
 .debug_frame   0x0000071c      0x148 CMakeFiles/test.elf.dir/Drivers/STM32F4xx_HAL_Driver/Src/stm32f4xx_hal_cortex.c.obj
 .debug_frame   0x00000864       0xb8 CMakeFiles/test.elf.dir/Drivers/STM32F4xx_HAL_Driver/Src/stm32f4xx_hal_crc.c.obj
 .debug_frame   0x0000091c       0xd8 CMakeFiles/test.elf.dir/Drivers/STM32F4xx_HAL_Driver/Src/stm32f4xx_hal_gpio.c.obj
 .debug_frame   0x000009f4      0x16c CMakeFiles/test.elf.dir/Drivers/STM32F4xx_HAL_Driver/Src/stm32f4xx_hal_rcc.c.obj
 .debug_frame   0x00000b60      0x58c CMakeFiles/test.elf.dir/Middlewares/Third_Party/FreeRTOS/Source/CMSIS_RTOS/cmsis_os.c.obj
 .debug_frame   0x000010ec       0x70 CMakeFiles/test.elf.dir/Middlewares/Third_Party/FreeRTOS/Source/list.c.obj
 .debug_frame   0x0000115c      0x110 CMakeFiles/test.elf.dir/Middlewares/Third_Party/FreeRTOS/Source/portable/GCC/ARM_CM4F/port.c.obj
 .debug_frame   0x0000126c       0xb0 CMakeFiles/test.elf.dir/Middlewares/Third_Party/FreeRTOS/Source/portable/MemMang/heap_4.c.obj
 .debug_frame   0x0000131c      0x558 CMakeFiles/test.elf.dir/Middlewares/Third_Party/FreeRTOS/Source/tasks.c.obj
 .debug_frame   0x00001874       0x78 CMakeFiles/test.elf.dir/Src/can.c.obj
 .debug_frame   0x000018ec       0x50 CMakeFiles/test.elf.dir/Src/crc.c.obj
 .debug_frame   0x0000193c       0x88 CMakeFiles/test.elf.dir/Src/freertos.c.obj
 .debug_frame   0x000019c4       0x30 CMakeFiles/test.elf.dir/Src/gpio.c.obj
 .debug_frame   0x000019f4       0x58 CMakeFiles/test.elf.dir/Src/main.c.obj
 .debug_frame   0x00001a4c       0x2c CMakeFiles/test.elf.dir/Src/stm32f4xx_hal_msp.c.obj
 .debug_frame   0x00001a78       0xb8 CMakeFiles/test.elf.dir/Src/stm32f4xx_it.c.obj
 .debug_frame   0x00001b30       0x30 CMakeFiles/test.elf.dir/Src/system_stm32f4xx.c.obj
 .debug_frame   0x00001b60      0x268 CMakeFiles/test.elf.dir/UserLib/controller.c.obj
 .debug_frame   0x00001dc8       0xc0 CMakeFiles/test.elf.dir/UserLib/motor.c.obj
 .debug_frame   0x00001e88      0x13c CMakeFiles/test.elf.dir/UserLib/user_lib.c.obj
 .debug_frame   0x00001fc4       0x2c c:/gcc-arm-none-eabi/bin/../lib/gcc/arm-none-eabi/10.3.1/thumb/v7e-m+fp/hard\libgcc.a(_aeabi_uldivmod.o)
 .debug_frame   0x00001ff0       0x34 c:/gcc-arm-none-eabi/bin/../lib/gcc/arm-none-eabi/10.3.1/thumb/v7e-m+fp/hard\libgcc.a(_udivmoddi4.o)
 .debug_frame   0x00002024       0x2c c:/gcc-arm-none-eabi/bin/../lib/gcc/arm-none-eabi/10.3.1/../../../../arm-none-eabi/lib/thumb/v7e-m+fp/hard\libg.a(lib_a-init.o)
 .debug_frame   0x00002050       0x2c c:/gcc-arm-none-eabi/bin/../lib/gcc/arm-none-eabi/10.3.1/../../../../arm-none-eabi/lib/thumb/v7e-m+fp/hard\libg.a(lib_a-memset.o)
 .debug_frame   0x0000207c       0x68 c:/gcc-arm-none-eabi/bin/../lib/gcc/arm-none-eabi/10.3.1/../../../../arm-none-eabi/lib/thumb/v7e-m+fp/hard\libg.a(lib_a-__call_atexit.o)
 .debug_frame   0x000020e4       0x20 c:/gcc-arm-none-eabi/bin/../lib/gcc/arm-none-eabi/10.3.1/../../../../arm-none-eabi/lib/thumb/v7e-m+fp/hard\libg.a(lib_a-atexit.o)
 .debug_frame   0x00002104       0x34 c:/gcc-arm-none-eabi/bin/../lib/gcc/arm-none-eabi/10.3.1/../../../../arm-none-eabi/lib/thumb/v7e-m+fp/hard\libg.a(lib_a-fini.o)
 .debug_frame   0x00002138       0xb0 c:/gcc-arm-none-eabi/bin/../lib/gcc/arm-none-eabi/10.3.1/../../../../arm-none-eabi/lib/thumb/v7e-m+fp/hard\libg.a(lib_a-lock.o)
 .debug_frame   0x000021e8       0x34 c:/gcc-arm-none-eabi/bin/../lib/gcc/arm-none-eabi/10.3.1/../../../../arm-none-eabi/lib/thumb/v7e-m+fp/hard\libg.a(lib_a-__atexit.o)
